Archive member included to satisfy reference by file (symbol)

c:/devkitPro/libctru/lib\libsf2d.a(sf2d.o)
                              main.o (sf2d_fini)
c:/devkitPro/libctru/lib\libsf2d.a(sf2d_texture.o)
                              c:/devkitPro/libctru/lib\libsf2d.a(sf2d.o) (sf2d_create_rendertarget)
c:/devkitPro/libctru/lib\libsf2d.a(shader.shbin.o)
                              c:/devkitPro/libctru/lib\libsf2d.a(sf2d.o) (shader_shbin_size)
c:/devkitPro/libctru/lib\libcitro3d.a(uniforms.o)
                              c:/devkitPro/libctru/lib\libsf2d.a(sf2d.o) (C3D_FVUnifDirty)
c:/devkitPro/libctru/lib\libcitro3d.a(attribs.o)
                              c:/devkitPro/libctru/lib\libsf2d.a(sf2d_texture.o) (AttrInfo_Init)
c:/devkitPro/libctru/lib\libcitro3d.a(effect.o)
                              c:/devkitPro/libctru/lib\libsf2d.a(sf2d.o) (C3D_CullFace)
c:/devkitPro/libctru/lib\libcitro3d.a(drawArrays.o)
                              c:/devkitPro/libctru/lib\libsf2d.a(sf2d_texture.o) (C3D_DrawArrays)
c:/devkitPro/libctru/lib\libcitro3d.a(buffers.o)
                              c:/devkitPro/libctru/lib\libsf2d.a(sf2d_texture.o) (BufInfo_Init)
c:/devkitPro/libctru/lib\libcitro3d.a(texenv.o)
                              c:/devkitPro/libctru/lib\libsf2d.a(sf2d_texture.o) (C3D_GetTexEnv)
c:/devkitPro/libctru/lib\libcitro3d.a(texture.o)
                              c:/devkitPro/libctru/lib\libsf2d.a(sf2d_texture.o) (C3D_TexInit)
c:/devkitPro/libctru/lib\libcitro3d.a(renderqueue.o)
                              c:/devkitPro/libctru/lib\libsf2d.a(sf2d.o) (C3D_FrameBegin)
c:/devkitPro/libctru/lib\libcitro3d.a(base.o)
                              c:/devkitPro/libctru/lib\libcitro3d.a(attribs.o) (__C3D_Context)
c:/devkitPro/libctru/lib\libcitro3d.a(mtx_orthotilt.o)
                              c:/devkitPro/libctru/lib\libsf2d.a(sf2d_texture.o) (Mtx_OrthoTilt)
c:/devkitPro/libctru/lib\libcitro3d.a(renderbuffer.o)
                              c:/devkitPro/libctru/lib\libcitro3d.a(renderqueue.o) (C3D_RenderBufInit)
c:/devkitPro/libctru/lib\libcitro3d.a(immediate.o)
                              c:/devkitPro/libctru/lib\libcitro3d.a(base.o) (C3D_ImmSendAttrib)
c:/devkitPro/libctru/lib\libctru.a(linear.o)
                              c:/devkitPro/libctru/lib\libsf2d.a(sf2d.o) (linearAlloc)
c:/devkitPro/libctru/lib\libctru.a(vram.o)
                              c:/devkitPro/libctru/lib\libcitro3d.a(texture.o) (vramAlloc)
c:/devkitPro/libctru/lib\libctru.a(gfx.o)
                              c:/devkitPro/libctru/lib\libsf2d.a(sf2d.o) (gfxSet3D)
c:/devkitPro/libctru/lib\libctru.a(console.o)
                              main.o (consoleInit)
c:/devkitPro/libctru/lib\libctru.a(os.o)
                              c:/devkitPro/libctru/lib\libcitro3d.a(buffers.o) (osConvertVirtToPhys)
c:/devkitPro/libctru/lib\libctru.a(gpu.o)
                              c:/devkitPro/libctru/lib\libcitro3d.a(base.o) (GPUCMD_SetBuffer)
c:/devkitPro/libctru/lib\libctru.a(gx.o)
                              c:/devkitPro/libctru/lib\libctru.a(gfx.o) (gxCmdBuf)
c:/devkitPro/libctru/lib\libctru.a(shbin.o)
                              c:/devkitPro/libctru/lib\libsf2d.a(sf2d.o) (DVLB_Free)
c:/devkitPro/libctru/lib\libctru.a(shaderProgram.o)
                              c:/devkitPro/libctru/lib\libsf2d.a(sf2d.o) (shaderInstanceGetUniformLocation)
c:/devkitPro/libctru/lib\libctru.a(ptmsysm.o)
                              c:/devkitPro/libctru/lib\libctru.a(os.o) (ptmSysmInit)
c:/devkitPro/libctru/lib\libctru.a(hid.o)
                              main.o (hidScanInput)
c:/devkitPro/libctru/lib\libctru.a(apt.o)
                              c:/devkitPro/libctru/lib\libcitro3d.a(base.o) (aptHook)
c:/devkitPro/libctru/lib\libctru.a(gspgpu.o)
                              c:/devkitPro/libctru/lib\libctru.a(gfx.o) (gspInit)
c:/devkitPro/libctru/lib\libctru.a(irrst.o)
                              c:/devkitPro/libctru/lib\libctru.a(hid.o) (irrstScanInput)
c:/devkitPro/libctru/lib\libctru.a(rbtree_find.o)
                              c:/devkitPro/libctru/lib\libctru.a(linear.o) (rbtree_find)
c:/devkitPro/libctru/lib\libctru.a(rbtree_remove.o)
                              c:/devkitPro/libctru/lib\libctru.a(linear.o) (rbtree_remove)
c:/devkitPro/libctru/lib\libctru.a(rbtree_iterator.o)
                              c:/devkitPro/libctru/lib\libctru.a(rbtree_remove.o) (rbtree_node_next)
c:/devkitPro/libctru/lib\libctru.a(rbtree_rotate.o)
                              c:/devkitPro/libctru/lib\libctru.a(rbtree_remove.o) (rbtree_rotate)
c:/devkitPro/libctru/lib\libctru.a(rbtree_insert.o)
                              c:/devkitPro/libctru/lib\libctru.a(linear.o) (rbtree_insert)
c:/devkitPro/libctru/lib\libctru.a(rbtree_init.o)
                              c:/devkitPro/libctru/lib\libctru.a(linear.o) (rbtree_init)
c:/devkitPro/libctru/lib\libctru.a(initArgv.o)
[...]
Memory Configuration

Name             Origin             Length             Attributes
*default*        0x00000000         0xffffffff

Linker script and memory map

                0x00100000                PROVIDE (__start__, 0x100000)
                0x00100000                . = __start__

.text           0x00100000    0x24034
 *(.crt0)
 .crt0          0x00100000       0x94 c:/devkitpro/devkitarm/bin/../lib/gcc/arm-none-eabi/6.3.0/../../../../arm-none-eabi/lib/armv6k/fpu/3dsx_crt0.o
                0x00100000                _start
                0x00100008                __service_ptr
                0x0010000c                __apt_appid
                0x00100010                __heap_size
                0x00100014                __linear_heap_size
                0x00100018                __system_arglist
                0x0010001c                __system_runflags
 *(.init)
 .init          0x00100094        0xc c:/devkitpro/devkitarm/bin/../lib/gcc/arm-none-eabi/6.3.0/armv6k/fpu/crti.o
                0x00100094                _init
 .init          0x001000a0        0xc c:/devkitpro/devkitarm/bin/../lib/gcc/arm-none-eabi/6.3.0/armv6k/fpu/crtn.o
                0x001000ac                . = ALIGN (0x4)
 *(.text)
 .text          0x001000ac       0x64 c:/devkitPro/libctru/lib\libctru.a(stack_adjust.o)
                0x001000ac                initSystem
                0x001000f0                __ctru_exit
 .text          0x00100110      0x240 c:/devkitpro/devkitarm/bin/../lib/gcc/arm-none-eabi/6.3.0/armv6k/fpu\libgcc.a(_divsi3.o)
                0x00100110                __divsi3
                0x00100110                __aeabi_idiv
                0x00100330                __aeabi_idivmod
 .text          0x00100350        0x4 c:/devkitpro/devkitarm/bin/../lib/gcc/arm-none-eabi/6.3.0/armv6k/fpu\libgcc.a(_dvmd_tls.o)
                0x00100350                __aeabi_idiv0
                0x00100350                __aeabi_ldiv0
 .text          0x00100354      0x250 c:/devkitpro/devkitarm/bin/../lib/gcc/arm-none-eabi/6.3.0/armv6k/fpu\libgcc.a(_arm_addsubsf3.o)
                0x00100354                __aeabi_frsub
                0x0010035c                __subsf3
                0x0010035c                __aeabi_fsub
                0x00100360                __aeabi_fadd
                0x00100360                __addsf3
                0x001004f0                __aeabi_ui2f
                0x001004f0                __floatunsisf
                0x001004f8                __aeabi_i2f
                0x001004f8                __floatsisf
                0x00100518                __aeabi_ul2f
                0x00100518                __floatundisf
                0x00100528                __aeabi_l2f
                0x00100528                __floatdisf
 .text          0x001005a4       0x3c c:/devkitpro/devkitarm/bin/../lib/gcc/arm-none-eabi/6.3.0/armv6k/fpu\libgcc.a(_aeabi_uldivmod.o)
                0x001005a4                __aeabi_uldivmod
 .text          0x001005e0      0x390 c:/devkitpro/devkitarm/bin/../lib/gcc/arm-none-eabi/6.3.0/../../../../arm-none-eabi/lib/armv6k/fpu\libg.a(lib_a-strcmp.o)
                0x001005e8                strcmp
 .text          0x00100970      0x20c c:/devkitpro/devkitarm/bin/../lib/gcc/arm-none-eabi/6.3.0/armv6k/fpu\libgcc.a(_udivsi3.o)
                0x00100970                __aeabi_uidiv
                0x00100970                __udivsi3
                0x00100b5c                __aeabi_uidivmod
 *(.text.*)
 .text.deregister_tm_clones
                0x00100b7c       0x30 c:/devkitpro/devkitarm/bin/../lib/gcc/arm-none-eabi/6.3.0/armv6k/fpu/crtbegin.o
 .text.register_tm_clones
                0x00100bac       0x38 c:/devkitpro/devkitarm/bin/../lib/gcc/arm-none-eabi/6.3.0/armv6k/fpu/crtbegin.o
 .text.__do_global_dtors_aux
                0x00100be4       0x44 c:/devkitpro/devkitarm/bin/../lib/gcc/arm-none-eabi/6.3.0/armv6k/fpu/crtbegin.o
 .text.frame_dummy
                0x00100c28       0x5c c:/devkitpro/devkitarm/bin/../lib/gcc/arm-none-eabi/6.3.0/armv6k/fpu/crtbegin.o
 .text.startup  0x00100c84      0x24c main.o
                0x00100c84                main
 .text.sf2d_fini
                0x00100ed0       0x48 c:/devkitPro/libctru/lib\libsf2d.a(sf2d.o)
                0x00100ed0                sf2d_fini
 .text.sf2d_start_frame_target
                0x00100f18       0xa0 c:/devkitPro/libctru/lib\libsf2d.a(sf2d.o)
                0x00100f18                sf2d_start_frame_target
 .text.sf2d_start_frame
                0x00100fb8       0x38 c:/devkitPro/libctru/lib\libsf2d.a(sf2d.o)
                0x00100fb8                sf2d_start_frame
 .text.sf2d_end_frame
                0x00100ff0        0x4 c:/devkitPro/libctru/lib\libsf2d.a(sf2d.o)
                0x00100ff0                sf2d_end_frame
 .text.sf2d_swapbuffers
                0x00100ff4       0xb0 c:/devkitPro/libctru/lib\libsf2d.a(sf2d.o)
                0x00100ff4                sf2d_swapbuffers
 .text.sf2d_pool_memalign
                0x001010a4       0x40 c:/devkitPro/libctru/lib\libsf2d.a(sf2d.o)
                0x001010a4                sf2d_pool_memalign
 .text.sf2d_set_clear_color
                0x001010e4       0x38 c:/devkitPro/libctru/lib\libsf2d.a(sf2d.o)
                0x001010e4                sf2d_set_clear_color
 .text.sf2d_init_advanced.part.0
                0x0010111c      0x1ac c:/devkitPro/libctru/lib\libsf2d.a(sf2d.o)
 .text.sf2d_init
                0x001012c8       0x28 c:/devkitPro/libctru/lib\libsf2d.a(sf2d.o)
                0x001012c8                sf2d_init
 .text.sf2d_texture_tile32_hardware.part.7
                0x001012f0       0x70 c:/devkitPro/libctru/lib\libsf2d.a(sf2d_texture.o)
 .text.sf2d_create_texture
                0x00101360      0x118 c:/devkitPro/libctru/lib\libsf2d.a(sf2d_texture.o)
                0x00101360                sf2d_create_texture
 .text.sf2d_create_rendertarget
                0x00101478       0x94 c:/devkitPro/libctru/lib\libsf2d.a(sf2d_texture.o)
                0x00101478                sf2d_create_rendertarget
 .text.sf2d_free_texture
                0x0010150c       0x20 c:/devkitPro/libctru/lib\libsf2d.a(sf2d_texture.o)
                0x0010150c                sf2d_free_texture
 .text.sf2d_clear_target
                0x0010152c       0x14 c:/devkitPro/libctru/lib\libsf2d.a(sf2d_texture.o)
                0x0010152c                sf2d_clear_target
 .text.sf2d_fill_texture_from_RGBA8
                0x00101540       0xac c:/devkitPro/libctru/lib\libsf2d.a(sf2d_texture.o)
                0x00101540                sf2d_fill_texture_from_RGBA8
 .text.sf2d_create_texture_mem_RGBA8
                0x001015ec       0x44 c:/devkitPro/libctru/lib\libsf2d.a(sf2d_texture.o)
                0x001015ec                sf2d_create_texture_mem_RGBA8
 .text.sf2d_bind_texture
                0x00101630       0x54 c:/devkitPro/libctru/lib\libsf2d.a(sf2d_texture.o)
                0x00101630                sf2d_bind_texture
 .text.sf2d_draw_texture
                0x00101684      0x160 c:/devkitPro/libctru/lib\libsf2d.a(sf2d_texture.o)
                0x00101684                sf2d_draw_texture
 .text.C3D_UpdateUniforms
                0x001017e4      0x2b4 c:/devkitPro/libctru/lib\libcitro3d.a(uniforms.o)
                0x001017e4                C3D_UpdateUniforms
 .text.C3Di_DirtyUniforms
                0x00101a98       0xc0 c:/devkitPro/libctru/lib\libcitro3d.a(uniforms.o)
                0x00101a98                C3Di_DirtyUniforms
 .text.C3Di_LoadShaderUniforms
                0x00101b58       0xe8 c:/devkitPro/libctru/lib\libcitro3d.a(uniforms.o)
                0x00101b58                C3Di_LoadShaderUniforms
 .text.C3Di_ClearShaderUniforms
                0x00101c40       0x28 c:/devkitPro/libctru/lib\libcitro3d.a(uniforms.o)
                0x00101c40                C3Di_ClearShaderUniforms
 .text.AttrInfo_Init
                0x00101c68       0x28 c:/devkitPro/libctru/lib\libcitro3d.a(attribs.o)
                0x00101c68                AttrInfo_Init
 .text.AttrInfo_AddLoader
                0x00101c90       0xac c:/devkitPro/libctru/lib\libcitro3d.a(attribs.o)
                0x00101c90                AttrInfo_AddLoader
 .text.C3D_GetAttrInfo
                0x00101d3c       0x24 c:/devkitPro/libctru/lib\libcitro3d.a(attribs.o)
                0x00101d3c                C3D_GetAttrInfo
 .text.C3Di_AttrInfoBind
                0x00101d60       0x80 c:/devkitPro/libctru/lib\libcitro3d.a(attribs.o)
                0x00101d60                C3Di_AttrInfoBind
 .text.C3D_DepthMap
                0x00101de0       0x3c c:/devkitPro/libctru/lib\libcitro3d.a(effect.o)
                0x00101de0                C3D_DepthMap
 .text.C3D_CullFace
                0x00101e1c       0x1c c:/devkitPro/libctru/lib\libcitro3d.a(effect.o)
                0x00101e1c                C3D_CullFace
 .text.C3D_StencilTest
                0x00101e38       0x40 c:/devkitPro/libctru/lib\libcitro3d.a(effect.o)
                0x00101e38                C3D_StencilTest
 .text.C3D_StencilOp
                0x00101e78       0x24 c:/devkitPro/libctru/lib\libcitro3d.a(effect.o)
                0x00101e78                C3D_StencilOp
 .text.C3D_BlendingColor
                0x00101e9c       0x1c c:/devkitPro/libctru/lib\libcitro3d.a(effect.o)
                0x00101e9c                C3D_BlendingColor
 .text.C3D_DepthTest
                0x00101eb8       0x2c c:/devkitPro/libctru/lib\libcitro3d.a(effect.o)
                0x00101eb8                C3D_DepthTest
 .text.C3D_AlphaTest
                0x00101ee4       0x2c c:/devkitPro/libctru/lib\libcitro3d.a(effect.o)
                0x00101ee4                C3D_AlphaTest
 .text.C3D_AlphaBlend
                0x00101f10       0x50 c:/devkitPro/libctru/lib\libcitro3d.a(effect.o)
                0x00101f10                C3D_AlphaBlend
 .text.C3D_FragOpMode
                0x00101f60       0x30 c:/devkitPro/libctru/lib\libcitro3d.a(effect.o)
                0x00101f60                C3D_FragOpMode
 .text.C3Di_EffectBind
                0x00101f90      0x11c c:/devkitPro/libctru/lib\libcitro3d.a(effect.o)
                0x00101f90                C3Di_EffectBind
 .text.C3D_DrawArrays
                0x001020ac      0x148 c:/devkitPro/libctru/lib\libcitro3d.a(drawArrays.o)
                0x001020ac                C3D_DrawArrays
 .text.BufInfo_Init
                0x001021f4       0x20 c:/devkitPro/libctru/lib\libcitro3d.a(buffers.o)
                0x001021f4                BufInfo_Init
 .text.BufInfo_Add
                0x00102214       0x84 c:/devkitPro/libctru/lib\libcitro3d.a(buffers.o)
                0x00102214                BufInfo_Add
 .text.C3D_GetBufInfo
                0x00102298       0x24 c:/devkitPro/libctru/lib\libcitro3d.a(buffers.o)
                0x00102298                C3D_GetBufInfo
 .text.C3Di_BufInfoBind
                0x001022bc       0x48 c:/devkitPro/libctru/lib\libcitro3d.a(buffers.o)
                0x001022bc                C3Di_BufInfoBind
 .text.TexEnv_Init
                0x00102304       0x34 c:/devkitPro/libctru/lib\libcitro3d.a(texenv.o)
                0x00102304                TexEnv_Init
 .text.C3D_GetTexEnv
                0x00102338       0x34 c:/devkitPro/libctru/lib\libcitro3d.a(texenv.o)
                0x00102338                C3D_GetTexEnv
 .text.C3Di_TexEnvBind
                0x0010236c       0x24 c:/devkitPro/libctru/lib\libcitro3d.a(texenv.o)
                0x0010236c                C3Di_TexEnvBind
 .text.C3D_TexInit
                0x00102390       0xb8 c:/devkitPro/libctru/lib\libcitro3d.a(texture.o)
                0x00102390                C3D_TexInit
 .text.C3D_TexInitVRAM
                0x00102448       0xb8 c:/devkitPro/libctru/lib\libcitro3d.a(texture.o)
                0x00102448                C3D_TexInitVRAM
 .text.C3D_TexSetWrap
                0x00102500       0x28 c:/devkitPro/libctru/lib\libcitro3d.a(texture.o)
                0x00102500                C3D_TexSetWrap
 .text.C3D_TexBind
                0x00102528       0x34 c:/devkitPro/libctru/lib\libcitro3d.a(texture.o)
                0x00102528                C3D_TexBind
 .text.C3D_TexDelete
                0x0010255c       0x3c c:/devkitPro/libctru/lib\libcitro3d.a(texture.o)
                0x0010255c                C3D_TexDelete
 .text.C3Di_RenderQueueWaitDone
                0x00102598       0x3c c:/devkitPro/libctru/lib\libcitro3d.a(renderqueue.o)
 .text.performTransfer.part.0
                0x001025d4       0x78 c:/devkitPro/libctru/lib\libcitro3d.a(renderqueue.o)
 .text.transferTarget
                0x0010264c       0x50 c:/devkitPro/libctru/lib\libcitro3d.a(renderqueue.o)
 .text.onVBlank1
                0x0010269c       0x24 c:/devkitPro/libctru/lib\libcitro3d.a(renderqueue.o)
 .text.onVBlank0
                0x001026c0       0x8c c:/devkitPro/libctru/lib\libcitro3d.a(renderqueue.o)
 .text.performClear.part.2
                0x0010274c       0x3c c:/devkitPro/libctru/lib\libcitro3d.a(renderqueue.o)
 .text.clearTarget
                0x00102788       0x4c c:/devkitPro/libctru/lib\libcitro3d.a(renderqueue.o)
 .text.updateFrameQueue.part.4
                0x001027d4       0xc0 c:/devkitPro/libctru/lib\libcitro3d.a(renderqueue.o)
 .text.onRenderFinish
                0x00102894       0xe0 c:/devkitPro/libctru/lib\libcitro3d.a(renderqueue.o)
 .text.onTransferFinish
                0x00102974       0xbc c:/devkitPro/libctru/lib\libcitro3d.a(renderqueue.o)
 .text.checkRenderQueueInit.part.7
                0x00102a30       0x5c c:/devkitPro/libctru/lib\libcitro3d.a(renderqueue.o)
 .text.onClearDone
                0x00102a8c       0x70 c:/devkitPro/libctru/lib\libcitro3d.a(renderqueue.o)
 .text.C3D_FrameBegin
                0x00102afc       0x6c c:/devkitPro/libctru/lib\libcitro3d.a(renderqueue.o)
                0x00102afc                C3D_FrameBegin
 .text.C3D_FrameDrawOn
                0x00102b68       0x78 c:/devkitPro/libctru/lib\libcitro3d.a(renderqueue.o)
                0x00102b68                C3D_FrameDrawOn
 .text.C3D_FrameEnd
                0x00102be0       0xcc c:/devkitPro/libctru/lib\libcitro3d.a(renderqueue.o)
                0x00102be0                C3D_FrameEnd
 .text.C3D_RenderTargetCreate
                0x00102cac       0xe0 c:/devkitPro/libctru/lib\libcitro3d.a(renderqueue.o)
                0x00102cac                C3D_RenderTargetCreate
 .text.C3D_RenderTargetDelete
                0x00102d8c       0x7c c:/devkitPro/libctru/lib\libcitro3d.a(renderqueue.o)
                0x00102d8c                C3D_RenderTargetDelete
 .text.C3Di_RenderQueueExit
                0x00102e08       0x84 c:/devkitPro/libctru/lib\libcitro3d.a(renderqueue.o)
 .text.C3D_RenderTargetSetClear
                0x00102e8c       0x50 c:/devkitPro/libctru/lib\libcitro3d.a(renderqueue.o)
                0x00102e8c                C3D_RenderTargetSetClear
 .text.C3D_RenderTargetSetOutput
                0x00102edc       0x58 c:/devkitPro/libctru/lib\libcitro3d.a(renderqueue.o)
                0x00102edc                C3D_RenderTargetSetOutput
 .text.C3D_SafeDisplayTransfer
                0x00102f34       0x90 c:/devkitPro/libctru/lib\libcitro3d.a(renderqueue.o)
                0x00102f34                C3D_SafeDisplayTransfer
 .text.C3Di_AptEventHook
                0x00102fc4       0x88 c:/devkitPro/libctru/lib\libcitro3d.a(base.o)
 .text.C3D_Init
                0x0010304c      0x174 c:/devkitPro/libctru/lib\libcitro3d.a(base.o)
                0x0010304c                C3D_Init
 .text.C3D_SetViewport
                0x001031c0       0x98 c:/devkitPro/libctru/lib\libcitro3d.a(base.o)
                0x001031c0                C3D_SetViewport
 .text.C3Di_UpdateContext
                0x00103258      0x584 c:/devkitPro/libctru/lib\libcitro3d.a(base.o)
                0x00103258                C3Di_UpdateContext
 .text.C3Di_FinalizeFrame
                0x001037dc       0xe0 c:/devkitPro/libctru/lib\libcitro3d.a(base.o)
                0x001037dc                C3Di_FinalizeFrame
 .text.C3D_Fini
                0x001038bc       0x48 c:/devkitPro/libctru/lib\libcitro3d.a(base.o)
                0x001038bc                C3D_Fini
 .text.C3D_BindProgram
                0x00103904       0xd4 c:/devkitPro/libctru/lib\libcitro3d.a(base.o)
                0x00103904                C3D_BindProgram
 .text.Mtx_OrthoTilt
                0x001039d8       0xc8 c:/devkitPro/libctru/lib\libcitro3d.a(mtx_orthotilt.o)
                0x001039d8                Mtx_OrthoTilt
 .text.C3D_RenderBufInit
                0x00103aa0       0xa4 c:/devkitPro/libctru/lib\libcitro3d.a(renderbuffer.o)
                0x00103aa0                C3D_RenderBufInit
 .text.C3D_RenderBufClearAsync
                0x00103b44       0x80 c:/devkitPro/libctru/lib\libcitro3d.a(renderbuffer.o)
                0x00103b44                C3D_RenderBufClearAsync
 .text.C3D_RenderBufTransferAsync
                0x00103bc4       0x28 c:/devkitPro/libctru/lib\libcitro3d.a(renderbuffer.o)
                0x00103bc4                C3D_RenderBufTransferAsync
 .text.C3D_RenderBufBind
                0x00103bec       0x38 c:/devkitPro/libctru/lib\libcitro3d.a(renderbuffer.o)
                0x00103bec                C3D_RenderBufBind
 .text.C3Di_RenderBufBind
                0x00103c24      0x170 c:/devkitPro/libctru/lib\libcitro3d.a(renderbuffer.o)
                0x00103c24                C3Di_RenderBufBind
 .text.C3D_RenderBufDelete
                0x00103d94       0x18 c:/devkitPro/libctru/lib\libcitro3d.a(renderbuffer.o)
                0x00103d94                C3D_RenderBufDelete
 .text.C3D_ImmSendAttrib
                0x00103dac       0xb4 c:/devkitPro/libctru/lib\libcitro3d.a(immediate.o)
                0x00103dac                C3D_ImmSendAttrib
 .text._ZL21addrMapNodeComparatorPK11rbtree_nodeS1_
                0x00103e60       0x24 c:/devkitPro/libctru/lib\libctru.a(linear.o)
 .text._ZL21addrMapNodeDestructorP11rbtree_node
                0x00103e84        0x4 c:/devkitPro/libctru/lib\libctru.a(linear.o)
 .text.linearMemAlign
                0x00103e88      0x13c c:/devkitPro/libctru/lib\libctru.a(linear.o)
                0x00103e88                linearMemAlign
 .text.linearAlloc
                0x00103fc4        0x8 c:/devkitPro/libctru/lib\libctru.a(linear.o)
                0x00103fc4                linearAlloc
 .text.linearFree
                0x00103fcc       0x50 c:/devkitPro/libctru/lib\libctru.a(linear.o)
                0x00103fcc                linearFree
 .text._ZL21addrMapNodeComparatorPK11rbtree_nodeS1_
                0x0010401c       0x24 c:/devkitPro/libctru/lib\libctru.a(vram.o)
 .text._ZL21addrMapNodeDestructorP11rbtree_node
                0x00104040        0x4 c:/devkitPro/libctru/lib\libctru.a(vram.o)
 .text.vramMemAlign
                0x00104044      0x12c c:/devkitPro/libctru/lib\libctru.a(vram.o)
                0x00104044                vramMemAlign
 .text.vramAlloc
                0x00104170        0x8 c:/devkitPro/libctru/lib\libctru.a(vram.o)
                0x00104170                vramAlloc
 .text.vramFree
                0x00104178       0x50 c:/devkitPro/libctru/lib\libctru.a(vram.o)
                0x00104178                vramFree
 .text.gfxSetFramebufferInfo.part.0
                0x001041c8       0x8c c:/devkitPro/libctru/lib\libctru.a(gfx.o)
 .text.gfxSet3D
                0x00104254       0x10 c:/devkitPro/libctru/lib\libctru.a(gfx.o)
                0x00104254                gfxSet3D
 .text.gfxIs3D  0x00104264       0x10 c:/devkitPro/libctru/lib\libctru.a(gfx.o)
                0x00104264                gfxIs3D
 .text.__get_bytes_per_pixel
                0x00104274       0x18 c:/devkitPro/libctru/lib\libctru.a(gfx.o)
                0x00104274                __get_bytes_per_pixel
 .text.gfxSetScreenFormat
                0x0010428c      0x174 c:/devkitPro/libctru/lib\libctru.a(gfx.o)
                0x0010428c                gfxSetScreenFormat
 .text.gfxSetDoubleBuffering
                0x00104400       0x14 c:/devkitPro/libctru/lib\libctru.a(gfx.o)
                0x00104400                gfxSetDoubleBuffering
 .text.gfxSetFramebufferInfo
                0x00104414       0x70 c:/devkitPro/libctru/lib\libctru.a(gfx.o)
                0x00104414                gfxSetFramebufferInfo
 .text.gfxWriteFramebufferInfo
                0x00104484       0x88 c:/devkitPro/libctru/lib\libctru.a(gfx.o)
                0x00104484                gfxWriteFramebufferInfo
 .text.gfxInit  0x0010450c      0x1fc c:/devkitPro/libctru/lib\libctru.a(gfx.o)
                0x0010450c                gfxInit
 .text.gfxInitDefault
                0x00104708       0x10 c:/devkitPro/libctru/lib\libctru.a(gfx.o)
                0x00104708                gfxInitDefault
 .text.gfxExit  0x00104718       0xe0 c:/devkitPro/libctru/lib\libctru.a(gfx.o)
                0x00104718                gfxExit
 .text.gfxGetFramebuffer
                0x001047f8       0xb0 c:/devkitPro/libctru/lib\libctru.a(gfx.o)
                0x001047f8                gfxGetFramebuffer
 .text.gfxFlushBuffers
                0x001048a8       0xc8 c:/devkitPro/libctru/lib\libctru.a(gfx.o)
                0x001048a8                gfxFlushBuffers
 .text.gfxConfigScreen
                0x00104970       0x70 c:/devkitPro/libctru/lib\libctru.a(gfx.o)
                0x00104970                gfxConfigScreen
 .text.gfxSwapBuffers
                0x001049e0       0x20 c:/devkitPro/libctru/lib\libctru.a(gfx.o)
                0x001049e0                gfxSwapBuffers
 .text.gfxSwapBuffersGpu
                0x00104a00       0x20 c:/devkitPro/libctru/lib\libctru.a(gfx.o)
                0x00104a00                gfxSwapBuffersGpu
 .text.debug_write
                0x00104a20       0x1c c:/devkitPro/libctru/lib\libctru.a(console.o)
                0x00104a20                debug_write
 .text.consoleDrawChar
                0x00104a3c      0x1b0 c:/devkitPro/libctru/lib\libctru.a(console.o)
                0x00104a3c                consoleDrawChar
 .text.consolePrintChar
                0x00104bec      0x124 c:/devkitPro/libctru/lib\libctru.a(console.o)
                0x00104bec                consolePrintChar
 .text.consoleCls
                0x00104d10      0x190 c:/devkitPro/libctru/lib\libctru.a(console.o)
 .text.consoleInit
                0x00104ea0       0xf8 c:/devkitPro/libctru/lib\libctru.a(console.o)
                0x00104ea0                consoleInit
 .text.consoleClearLine
                0x00104f98      0x144 c:/devkitPro/libctru/lib\libctru.a(console.o)
 .text.newRow   0x001050dc       0xbc c:/devkitPro/libctru/lib\libctru.a(console.o)
 .text.con_write
                0x00105198      0x79c c:/devkitPro/libctru/lib\libctru.a(console.o)
                0x00105198                con_write
 .text.getSysTime
                0x00105934       0x58 c:/devkitPro/libctru/lib\libctru.a(os.o)
 .text.osConvertVirtToPhys
                0x0010598c       0x4c c:/devkitPro/libctru/lib\libctru.a(os.o)
                0x0010598c                osConvertVirtToPhys
 .text.osGetMemRegionUsed
                0x001059d8       0x24 c:/devkitPro/libctru/lib\libctru.a(os.o)
                0x001059d8                osGetMemRegionUsed
 *fill*         0x001059fc        0x4 
 .text.__libctru_gtod
                0x00105a00       0xf4 c:/devkitPro/libctru/lib\libctru.a(os.o)
                0x00105a00                __libctru_gtod
 *fill*         0x00105af4        0x4 
 .text.osGetTime
                0x00105af8       0x78 c:/devkitPro/libctru/lib\libctru.a(os.o)
                0x00105af8                osGetTime
 .text.__ctru_speedup_config
                0x00105b70       0x34 c:/devkitPro/libctru/lib\libctru.a(os.o)
                0x00105b70                __ctru_speedup_config
 .text.GPUCMD_SetBuffer
                0x00105ba4       0x2c c:/devkitPro/libctru/lib\libctru.a(gpu.o)
                0x00105ba4                GPUCMD_SetBuffer
 .text.GPUCMD_GetBuffer
                0x00105bd0       0x40 c:/devkitPro/libctru/lib\libctru.a(gpu.o)
                0x00105bd0                GPUCMD_GetBuffer
 .text.GPUCMD_Add
                0x00105c10      0x108 c:/devkitPro/libctru/lib\libctru.a(gpu.o)
                0x00105c10                GPUCMD_Add
 .text.GPUCMD_Finalize
                0x00105d18       0x98 c:/devkitPro/libctru/lib\libctru.a(gpu.o)
                0x00105d18                GPUCMD_Finalize
 .text.f32tof24
                0x00105db0       0x44 c:/devkitPro/libctru/lib\libctru.a(gpu.o)
                0x00105db0                f32tof24
 .text.f32tof31
                0x00105df4       0x40 c:/devkitPro/libctru/lib\libctru.a(gpu.o)
                0x00105df4                f32tof31
 .text.GX_ProcessCommandList
                0x00105e34       0x54 c:/devkitPro/libctru/lib\libctru.a(gx.o)
                0x00105e34                GX_ProcessCommandList
 .text.GX_MemoryFill
                0x00105e88       0x60 c:/devkitPro/libctru/lib\libctru.a(gx.o)
                0x00105e88                GX_MemoryFill
 .text.GX_DisplayTransfer
                0x00105ee8       0x50 c:/devkitPro/libctru/lib\libctru.a(gx.o)
                0x00105ee8                GX_DisplayTransfer
 .text.GX_FlushCacheRegions
                0x00105f38       0x54 c:/devkitPro/libctru/lib\libctru.a(gx.o)
                0x00105f38                GX_FlushCacheRegions
 .text.DVLB_Free
                0x00105f8c       0x38 c:/devkitPro/libctru/lib\libctru.a(shbin.o)
                0x00105f8c                DVLB_Free
 .text.DVLE_GetUniformRegister
                0x00105fc4       0x78 c:/devkitPro/libctru/lib\libctru.a(shbin.o)
                0x00105fc4                DVLE_GetUniformRegister
 .text.DVLE_GenerateOutmap
                0x0010603c      0x1ec c:/devkitPro/libctru/lib\libctru.a(shbin.o)
                0x0010603c                DVLE_GenerateOutmap
 .text.DVLB_ParseFile
                0x00106228      0x1c0 c:/devkitPro/libctru/lib\libctru.a(shbin.o)
                0x00106228                DVLB_ParseFile
 .text.shaderInstanceInit
                0x001063e8      0x1f4 c:/devkitPro/libctru/lib\libctru.a(shaderProgram.o)
                0x001063e8                shaderInstanceInit
 .text.shaderInstanceFree
                0x001065dc       0x34 c:/devkitPro/libctru/lib\libctru.a(shaderProgram.o)
                0x001065dc                shaderInstanceFree
 .text.shaderInstanceGetUniformLocation
                0x00106610       0x18 c:/devkitPro/libctru/lib\libctru.a(shaderProgram.o)
                0x00106610                shaderInstanceGetUniformLocation
 .text.shaderProgramInit
                0x00106628       0x18 c:/devkitPro/libctru/lib\libctru.a(shaderProgram.o)
                0x00106628                shaderProgramInit
 .text.shaderProgramFree
                0x00106640       0x2c c:/devkitPro/libctru/lib\libctru.a(shaderProgram.o)
                0x00106640                shaderProgramFree
 .text.shaderProgramSetVsh
                0x0010666c       0x6c c:/devkitPro/libctru/lib\libctru.a(shaderProgram.o)
                0x0010666c                shaderProgramSetVsh
 .text.shaderProgramConfigure
                0x001066d8      0x894 c:/devkitPro/libctru/lib\libctru.a(shaderProgram.o)
                0x001066d8                shaderProgramConfigure
 .text.ptmSysmInit
                0x00106f6c       0x70 c:/devkitPro/libctru/lib\libctru.a(ptmsysm.o)
                0x00106f6c                ptmSysmInit
 .text.ptmSysmExit
                0x00106fdc       0x34 c:/devkitPro/libctru/lib\libctru.a(ptmsysm.o)
                0x00106fdc                ptmSysmExit
 .text.PTMSYSM_ConfigureNew3DSCPU
                0x00107010       0x34 c:/devkitPro/libctru/lib\libctru.a(ptmsysm.o)
                0x00107010                PTMSYSM_ConfigureNew3DSCPU
 .text.hidExit  0x00107044       0xd0 c:/devkitPro/libctru/lib\libctru.a(hid.o)
                0x00107044                hidExit
 .text.hidScanInput
                0x00107114      0x234 c:/devkitPro/libctru/lib\libctru.a(hid.o)
                0x00107114                hidScanInput
 .text.hidKeysDown
                0x00107348       0x10 c:/devkitPro/libctru/lib\libctru.a(hid.o)
                0x00107348                hidKeysDown
 .text.HIDUSER_GetHandles
                0x00107358       0x90 c:/devkitPro/libctru/lib\libctru.a(hid.o)
                0x00107358                HIDUSER_GetHandles
 .text.hidInit  0x001073e8      0x18c c:/devkitPro/libctru/lib\libctru.a(hid.o)
                0x001073e8                hidInit
 .text._aptDebug
                0x00107574        0x4 c:/devkitPro/libctru/lib\libctru.a(apt.o)
                0x00107574                _aptDebug
 .text.aptSendCommand
                0x00107578      0x130 c:/devkitPro/libctru/lib\libctru.a(apt.o)
                0x00107578                aptSendCommand
 .text.aptExitProcess
                0x001076a8       0x3c c:/devkitPro/libctru/lib\libctru.a(apt.o)
 .text.aptHook  0x001076e4       0x38 c:/devkitPro/libctru/lib\libctru.a(apt.o)
                0x001076e4                aptHook
 .text.aptUnhook
                0x0010771c       0x2c c:/devkitPro/libctru/lib\libctru.a(apt.o)
                0x0010771c                aptUnhook
 .text.APT_InquireNotification
                0x00107748       0x4c c:/devkitPro/libctru/lib\libctru.a(apt.o)
                0x00107748                APT_InquireNotification
 .text.aptEventHandler
                0x00107794      0x19c c:/devkitPro/libctru/lib\libctru.a(apt.o)
 .text.APT_AppletUtility
                0x00107930       0x74 c:/devkitPro/libctru/lib\libctru.a(apt.o)
                0x00107930                APT_AppletUtility
 .text.aptSetSleepAllowed
                0x001079a4       0xb4 c:/devkitPro/libctru/lib\libctru.a(apt.o)
                0x001079a4                aptSetSleepAllowed
 .text.APT_GlanceParameter
                0x00107a58       0xb4 c:/devkitPro/libctru/lib\libctru.a(apt.o)
                0x00107a58                APT_GlanceParameter
 .text.APT_ReceiveParameter
                0x00107b0c       0xc0 c:/devkitPro/libctru/lib\libctru.a(apt.o)
                0x00107b0c                APT_ReceiveParameter
 .text.aptReceiveParameter.constprop.1
                0x00107bcc       0xa8 c:/devkitPro/libctru/lib\libctru.a(apt.o)
 *fill*         0x00107c74        0x4 
 .text.aptScreenTransfer
                0x00107c78      0x1ec c:/devkitPro/libctru/lib\libctru.a(apt.o)
 .text.aptWaitForWakeUp
                0x00107e64      0x228 c:/devkitPro/libctru/lib\libctru.a(apt.o)
 .text.APT_CancelParameter
                0x0010808c       0x70 c:/devkitPro/libctru/lib\libctru.a(apt.o)
                0x0010808c                APT_CancelParameter
 .text.aptInit  0x001080fc      0x230 c:/devkitPro/libctru/lib\libctru.a(apt.o)
                0x001080fc                aptInit
 .text.aptClearParamQueue
                0x0010832c       0x8c c:/devkitPro/libctru/lib\libctru.a(apt.o)
 .text.aptMainLoop
                0x001083b8      0x214 c:/devkitPro/libctru/lib\libctru.a(apt.o)
                0x001083b8                aptMainLoop
 .text.aptExit  0x001085cc      0x148 c:/devkitPro/libctru/lib\libctru.a(apt.o)
                0x001085cc                aptExit
 .text.APT_CheckNew3DS
                0x00108714       0x70 c:/devkitPro/libctru/lib\libctru.a(apt.o)
                0x00108714                APT_CheckNew3DS
 .text.gspEventThreadMain
                0x00108784      0x160 c:/devkitPro/libctru/lib\libctru.a(gspgpu.o)
 .text.gspInit  0x001088e4       0x74 c:/devkitPro/libctru/lib\libctru.a(gspgpu.o)
                0x001088e4                gspInit
 .text.gspExit  0x00108958       0x3c c:/devkitPro/libctru/lib\libctru.a(gspgpu.o)
                0x00108958                gspExit
 .text.gspSetEventCallback
                0x00108994       0x2c c:/devkitPro/libctru/lib\libctru.a(gspgpu.o)
                0x00108994                gspSetEventCallback
 .text.gspInitEventHandler
                0x001089c0       0x88 c:/devkitPro/libctru/lib\libctru.a(gspgpu.o)
                0x001089c0                gspInitEventHandler
 .text.gspExitEventHandler
                0x00108a48       0x30 c:/devkitPro/libctru/lib\libctru.a(gspgpu.o)
                0x00108a48                gspExitEventHandler
 .text.gspWaitForEvent
                0x00108a78       0x44 c:/devkitPro/libctru/lib\libctru.a(gspgpu.o)
                0x00108a78                gspWaitForEvent
 .text.gspWaitForAnyEvent
                0x00108abc       0x6c c:/devkitPro/libctru/lib\libctru.a(gspgpu.o)
                0x00108abc                gspWaitForAnyEvent
 .text.gspSubmitGxCommand
                0x00108b28      0x124 c:/devkitPro/libctru/lib\libctru.a(gspgpu.o)
                0x00108b28                gspSubmitGxCommand
 .text.GSPGPU_SetBufferSwap
                0x00108c4c       0x6c c:/devkitPro/libctru/lib\libctru.a(gspgpu.o)
                0x00108c4c                GSPGPU_SetBufferSwap
 .text.GSPGPU_FlushDataCache
                0x00108cb8       0x4c c:/devkitPro/libctru/lib\libctru.a(gspgpu.o)
                0x00108cb8                GSPGPU_FlushDataCache
 .text.GSPGPU_SetLcdForceBlack
                0x00108d04       0x34 c:/devkitPro/libctru/lib\libctru.a(gspgpu.o)
                0x00108d04                GSPGPU_SetLcdForceBlack
 .text.GSPGPU_RegisterInterruptRelayQueue
                0x00108d38       0x64 c:/devkitPro/libctru/lib\libctru.a(gspgpu.o)
                0x00108d38                GSPGPU_RegisterInterruptRelayQueue
 .text.GSPGPU_UnregisterInterruptRelayQueue
                0x00108d9c       0x2c c:/devkitPro/libctru/lib\libctru.a(gspgpu.o)
                0x00108d9c                GSPGPU_UnregisterInterruptRelayQueue
 .text.GSPGPU_AcquireRight
                0x00108dc8       0x48 c:/devkitPro/libctru/lib\libctru.a(gspgpu.o)
                0x00108dc8                GSPGPU_AcquireRight
 .text.GSPGPU_ReleaseRight
                0x00108e10       0x2c c:/devkitPro/libctru/lib\libctru.a(gspgpu.o)
                0x00108e10                GSPGPU_ReleaseRight
 .text.GSPGPU_ImportDisplayCaptureInfo
                0x00108e3c       0x80 c:/devkitPro/libctru/lib\libctru.a(gspgpu.o)
                0x00108e3c                GSPGPU_ImportDisplayCaptureInfo
 .text.GSPGPU_SaveVramSysArea
                0x00108ebc       0x2c c:/devkitPro/libctru/lib\libctru.a(gspgpu.o)
                0x00108ebc                GSPGPU_SaveVramSysArea
 .text.GSPGPU_RestoreVramSysArea
                0x00108ee8       0x2c c:/devkitPro/libctru/lib\libctru.a(gspgpu.o)
                0x00108ee8                GSPGPU_RestoreVramSysArea
 .text.irrstScanInput
                0x00108f14       0xb0 c:/devkitPro/libctru/lib\libctru.a(irrst.o)
                0x00108f14                irrstScanInput
 .text.irrstKeysHeld
                0x00108fc4       0x1c c:/devkitPro/libctru/lib\libctru.a(irrst.o)
                0x00108fc4                irrstKeysHeld
 .text.IRRST_GetHandles
                0x00108fe0       0x50 c:/devkitPro/libctru/lib\libctru.a(irrst.o)
                0x00108fe0                IRRST_GetHandles
 .text.irrstInit
                0x00109030      0x150 c:/devkitPro/libctru/lib\libctru.a(irrst.o)
                0x00109030                irrstInit
 .text.IRRST_Shutdown
                0x00109180       0x2c c:/devkitPro/libctru/lib\libctru.a(irrst.o)
                0x00109180                IRRST_Shutdown
 .text.irrstExit
                0x001091ac       0xac c:/devkitPro/libctru/lib\libctru.a(irrst.o)
                0x001091ac                irrstExit
 .text.rbtree_find
                0x00109258       0x70 c:/devkitPro/libctru/lib\libctru.a(rbtree_find.o)
                0x00109258                rbtree_find
 .text.rbtree_remove
                0x001092c8      0x324 c:/devkitPro/libctru/lib\libctru.a(rbtree_remove.o)
                0x001092c8                rbtree_remove
 .text.rbtree_node_next
                0x001095ec       0x74 c:/devkitPro/libctru/lib\libctru.a(rbtree_iterator.o)
                0x001095ec                rbtree_node_next
 .text.rbtree_rotate
                0x00109660       0x94 c:/devkitPro/libctru/lib\libctru.a(rbtree_rotate.o)
                0x00109660                rbtree_rotate
 .text.do_insert
                0x001096f4      0x18c c:/devkitPro/libctru/lib\libctru.a(rbtree_insert.o)
 .text.rbtree_insert
                0x00109880        0x8 c:/devkitPro/libctru/lib\libctru.a(rbtree_insert.o)
                0x00109880                rbtree_insert
 .text.rbtree_init
                0x00109888       0x14 c:/devkitPro/libctru/lib\libctru.a(rbtree_init.o)
                0x00109888                rbtree_init
 .text.__system_initArgv
                0x0010989c       0xe8 c:/devkitPro/libctru/lib\libctru.a(initArgv.o)
                0x0010989c                __system_initArgv
 .text.osGetMemRegionSize
                0x00109984       0x58 c:/devkitPro/libctru/lib\libctru.a(allocateHeaps.o)
 .text.__system_allocateHeaps
                0x001099dc      0x104 c:/devkitPro/libctru/lib\libctru.a(allocateHeaps.o)
                0x001099dc                __system_allocateHeaps
 .text.__libctru_init
                0x00109ae0       0x38 c:/devkitPro/libctru/lib\libctru.a(initSystem.o)
                0x00109ae0                __libctru_init
 .text.svcControlMemory
                0x00109b18       0x20 c:/devkitPro/libctru/lib\libctru.a(svc.o)
                0x00109b18                svcControlMemory
 .text.svcExitProcess
                0x00109b38        0x8 c:/devkitPro/libctru/lib\libctru.a(svc.o)
                0x00109b38                svcExitProcess
 .text.svcCreateThread
                0x00109b40       0x20 c:/devkitPro/libctru/lib\libctru.a(svc.o)
                0x00109b40                svcCreateThread
 .text.svcExitThread
                0x00109b60        0x8 c:/devkitPro/libctru/lib\libctru.a(svc.o)
                0x00109b60                svcExitThread
 .text.svcSleepThread
                0x00109b68        0x8 c:/devkitPro/libctru/lib\libctru.a(svc.o)
                0x00109b68                svcSleepThread
 .text.svcReleaseMutex
                0x00109b70        0x8 c:/devkitPro/libctru/lib\libctru.a(svc.o)
                0x00109b70                svcReleaseMutex
 .text.svcCreateEvent
                0x00109b78       0x14 c:/devkitPro/libctru/lib\libctru.a(svc.o)
                0x00109b78                svcCreateEvent
 .text.svcSignalEvent
                0x00109b8c        0x8 c:/devkitPro/libctru/lib\libctru.a(svc.o)
                0x00109b8c                svcSignalEvent
 .text.svcClearEvent
                0x00109b94        0x8 c:/devkitPro/libctru/lib\libctru.a(svc.o)
                0x00109b94                svcClearEvent
 .text.svcMapMemoryBlock
                0x00109b9c        0x8 c:/devkitPro/libctru/lib\libctru.a(svc.o)
                0x00109b9c                svcMapMemoryBlock
 .text.svcUnmapMemoryBlock
                0x00109ba4        0x8 c:/devkitPro/libctru/lib\libctru.a(svc.o)
                0x00109ba4                svcUnmapMemoryBlock
 .text.svcCreateAddressArbiter
                0x00109bac       0x14 c:/devkitPro/libctru/lib\libctru.a(svc.o)
                0x00109bac                svcCreateAddressArbiter
 .text.svcArbitrateAddress
                0x00109bc0       0x18 c:/devkitPro/libctru/lib\libctru.a(svc.o)
                0x00109bc0                svcArbitrateAddress
 .text.svcCloseHandle
                0x00109bd8        0x8 c:/devkitPro/libctru/lib\libctru.a(svc.o)
                0x00109bd8                svcCloseHandle
 .text.svcWaitSynchronization
                0x00109be0        0x8 c:/devkitPro/libctru/lib\libctru.a(svc.o)
                0x00109be0                svcWaitSynchronization
 .text.svcWaitSynchronizationN
                0x00109be8       0x28 c:/devkitPro/libctru/lib\libctru.a(svc.o)
                0x00109be8                svcWaitSynchronizationN
 .text.svcDuplicateHandle
                0x00109c10       0x14 c:/devkitPro/libctru/lib\libctru.a(svc.o)
                0x00109c10                svcDuplicateHandle
 .text.svcGetSystemTick
                0x00109c24        0x8 c:/devkitPro/libctru/lib\libctru.a(svc.o)
                0x00109c24                svcGetSystemTick
 .text.svcGetSystemInfo
                0x00109c2c       0x18 c:/devkitPro/libctru/lib\libctru.a(svc.o)
                0x00109c2c                svcGetSystemInfo
 .text.svcConnectToPort
                0x00109c44       0x14 c:/devkitPro/libctru/lib\libctru.a(svc.o)
                0x00109c44                svcConnectToPort
 .text.svcSendSyncRequest
                0x00109c58        0x8 c:/devkitPro/libctru/lib\libctru.a(svc.o)
                0x00109c58                svcSendSyncRequest
 .text.svcBreak
                0x00109c60        0x8 c:/devkitPro/libctru/lib\libctru.a(svc.o)
                0x00109c60                svcBreak
 .text.svcOutputDebugString
                0x00109c68        0x8 c:/devkitPro/libctru/lib\libctru.a(svc.o)
                0x00109c68                svcOutputDebugString
 .text._ZN7MemPool13CoalesceRightEP8MemBlock
                0x00109c70       0x98 c:/devkitPro/libctru/lib\libctru.a(mem_pool.o)
                0x00109c70                MemPool::CoalesceRight(MemBlock*)
 .text._ZN7MemPool8AllocateER8MemChunkmi
                0x00109d08      0x178 c:/devkitPro/libctru/lib\libctru.a(mem_pool.o)
                0x00109d08                MemPool::Allocate(MemChunk&, unsigned long, int)
 .text._ZN7MemPool10DeallocateERK8MemChunk
                0x00109e80      0x100 c:/devkitPro/libctru/lib\libctru.a(mem_pool.o)
                0x00109e80                MemPool::Deallocate(MemChunk const&)
 .text._ZL21addrMapNodeComparatorPK11rbtree_nodeS1_
                0x00109f80       0x24 c:/devkitPro/libctru/lib\libctru.a(mappable.o)
 .text._ZL21addrMapNodeDestructorP11rbtree_node
                0x00109fa4        0x4 c:/devkitPro/libctru/lib\libctru.a(mappable.o)
 .text.mappableAlloc
                0x00109fa8       0xf4 c:/devkitPro/libctru/lib\libctru.a(mappable.o)
                0x00109fa8                mappableAlloc
 .text.mappableFree
                0x0010a09c       0x50 c:/devkitPro/libctru/lib\libctru.a(mappable.o)
                0x0010a09c                mappableFree
 .text.threadCreate
                0x0010a0ec      0x1bc c:/devkitPro/libctru/lib\libctru.a(thread.o)
                0x0010a0ec                threadCreate
 .text.threadJoin
                0x0010a2a8       0x24 c:/devkitPro/libctru/lib\libctru.a(thread.o)
                0x0010a2a8                threadJoin
 .text.threadExit
                0x0010a2cc       0x70 c:/devkitPro/libctru/lib\libctru.a(thread.o)
                0x0010a2cc                threadExit
 .text._thread_begin
                0x0010a33c       0x40 c:/devkitPro/libctru/lib\libctru.a(thread.o)
 .text.srvExit  0x0010a37c       0x50 c:/devkitPro/libctru/lib\libctru.a(srv.o)
                0x0010a37c                srvExit
 .text.srvRegisterClient
                0x0010a3cc       0x38 c:/devkitPro/libctru/lib\libctru.a(srv.o)
                0x0010a3cc                srvRegisterClient
 .text.srvInit  0x0010a404       0x78 c:/devkitPro/libctru/lib\libctru.a(srv.o)
                0x0010a404                srvInit
 .text.srvGetServiceHandleDirect
                0x0010a47c       0x68 c:/devkitPro/libctru/lib\libctru.a(srv.o)
                0x0010a47c                srvGetServiceHandleDirect
 .text.srvGetServiceHandle
                0x0010a4e4       0x38 c:/devkitPro/libctru/lib\libctru.a(srv.o)
                0x0010a4e4                srvGetServiceHandle
 .text.envGetHandle
                0x0010a51c       0x84 c:/devkitPro/libctru/lib\libctru.a(env.o)
                0x0010a51c                envGetHandle
 .text.envDestroyHandles
                0x0010a5a0       0x4c c:/devkitPro/libctru/lib\libctru.a(env.o)
                0x0010a5a0                envDestroyHandles
 .text.LightLock_Unlock.part.1
                0x0010a5ec       0x34 c:/devkitPro/libctru/lib\libctru.a(synchronization.o)
 .text.__sync_init
                0x0010a620        0xc c:/devkitPro/libctru/lib\libctru.a(synchronization.o)
                0x0010a620                __sync_init
 .text.__sync_fini
                0x0010a62c       0x18 c:/devkitPro/libctru/lib\libctru.a(synchronization.o)
                0x0010a62c                __sync_fini
 .text.__sync_get_arbiter
                0x0010a644       0x10 c:/devkitPro/libctru/lib\libctru.a(synchronization.o)
                0x0010a644                __sync_get_arbiter
 .text.LightLock_Init
                0x0010a654       0x18 c:/devkitPro/libctru/lib\libctru.a(synchronization.o)
                0x0010a654                LightLock_Init
 .text.LightLock_Lock
                0x0010a66c       0xa0 c:/devkitPro/libctru/lib\libctru.a(synchronization.o)
                0x0010a66c                LightLock_Lock
 .text.LightLock_TryLock
                0x0010a70c       0x34 c:/devkitPro/libctru/lib\libctru.a(synchronization.o)
                0x0010a70c                LightLock_TryLock
 .text.LightLock_Unlock
                0x0010a740       0x20 c:/devkitPro/libctru/lib\libctru.a(synchronization.o)
                0x0010a740                LightLock_Unlock
 .text.RecursiveLock_Init
                0x0010a760       0x24 c:/devkitPro/libctru/lib\libctru.a(synchronization.o)
                0x0010a760                RecursiveLock_Init
 .text.RecursiveLock_Lock
                0x0010a784       0x30 c:/devkitPro/libctru/lib\libctru.a(synchronization.o)
                0x0010a784                RecursiveLock_Lock
 .text.RecursiveLock_TryLock
                0x0010a7b4       0x58 c:/devkitPro/libctru/lib\libctru.a(synchronization.o)
                0x0010a7b4                RecursiveLock_TryLock
 .text.RecursiveLock_Unlock
                0x0010a80c       0x38 c:/devkitPro/libctru/lib\libctru.a(synchronization.o)
                0x0010a80c                RecursiveLock_Unlock
 .text.LightEvent_Init
                0x0010a844       0x38 c:/devkitPro/libctru/lib\libctru.a(synchronization.o)
                0x0010a844                LightEvent_Init
 .text.LightEvent_Clear
                0x0010a87c       0x7c c:/devkitPro/libctru/lib\libctru.a(synchronization.o)
                0x0010a87c                LightEvent_Clear
 .text.LightEvent_Signal
                0x0010a8f8       0xdc c:/devkitPro/libctru/lib\libctru.a(synchronization.o)
                0x0010a8f8                LightEvent_Signal
 .text.LightEvent_Wait
                0x0010a9d4       0xd0 c:/devkitPro/libctru/lib\libctru.a(synchronization.o)
                0x0010a9d4                LightEvent_Wait
 .text.__libctru_exit
                0x0010aaa4       0xa4 c:/devkitPro/libctru/lib\libctru.a(ctru_exit.o)
                0x0010aaa4                __libctru_exit
 .text.__appExit
                0x0010ab48       0x1c c:/devkitPro/libctru/lib\libctru.a(appExit.o)
                0x0010ab48                __appExit
 .text.__ctru_get_reent
                0x0010ab64       0x30 c:/devkitPro/libctru/lib\libctru.a(syscalls.o)
 .text.__system_initSyscalls
                0x0010ab94       0xe4 c:/devkitPro/libctru/lib\libctru.a(syscalls.o)
                0x0010ab94                __system_initSyscalls
 .text.__appInit
                0x0010ac78       0x1c c:/devkitPro/libctru/lib\libctru.a(appInit.o)
                0x0010ac78                __appInit
 .text.sdmc_link
                0x0010ac94       0x10 c:/devkitPro/libctru/lib\libctru.a(sdmc_dev.o)
 .text.sdmc_dirreset
                0x0010aca4       0x10 c:/devkitPro/libctru/lib\libctru.a(sdmc_dev.o)
 .text.sdmc_fchmod
                0x0010acb4       0x10 c:/devkitPro/libctru/lib\libctru.a(sdmc_dev.o)
 .text.error_cmp
                0x0010acc4       0x24 c:/devkitPro/libctru/lib\libctru.a(sdmc_dev.o)
 .text.sdmc_translate_error
                0x0010ace8       0x50 c:/devkitPro/libctru/lib\libctru.a(sdmc_dev.o)
 .text.sdmc_fsync
                0x0010ad38       0x34 c:/devkitPro/libctru/lib\libctru.a(sdmc_dev.o)
 .text.sdmc_ftruncate
                0x0010ad6c       0x54 c:/devkitPro/libctru/lib\libctru.a(sdmc_dev.o)
 .text.sdmc_statvfs
                0x0010adc0       0xb8 c:/devkitPro/libctru/lib\libctru.a(sdmc_dev.o)
 .text.sdmc_dirclose
                0x0010ae78       0x38 c:/devkitPro/libctru/lib\libctru.a(sdmc_dev.o)
 .text.sdmc_dirnext
                0x0010aeb0      0x138 c:/devkitPro/libctru/lib\libctru.a(sdmc_dev.o)
 .text.sdmc_close
                0x0010afe8       0x34 c:/devkitPro/libctru/lib\libctru.a(sdmc_dev.o)
 .text.sdmc_fstat
                0x0010b01c       0x74 c:/devkitPro/libctru/lib\libctru.a(sdmc_dev.o)
 .text.sdmc_seek
                0x0010b090       0xd8 c:/devkitPro/libctru/lib\libctru.a(sdmc_dev.o)
 .text.sdmc_read
                0x0010b168       0x84 c:/devkitPro/libctru/lib\libctru.a(sdmc_dev.o)
 .text.sdmc_write
                0x0010b1ec       0xb8 c:/devkitPro/libctru/lib\libctru.a(sdmc_dev.o)
 .text.sdmc_utf16path
                0x0010b2a4      0x1b4 c:/devkitPro/libctru/lib\libctru.a(sdmc_dev.o)
 .text.sdmc_rmdir
                0x0010b458       0x74 c:/devkitPro/libctru/lib\libctru.a(sdmc_dev.o)
 .text.sdmc_diropen
                0x0010b4cc       0xa4 c:/devkitPro/libctru/lib\libctru.a(sdmc_dev.o)
 .text.sdmc_chdir
                0x0010b570       0xa0 c:/devkitPro/libctru/lib\libctru.a(sdmc_dev.o)
 .text.sdmc_mkdir
                0x0010b610       0x98 c:/devkitPro/libctru/lib\libctru.a(sdmc_dev.o)
 .text.sdmc_rename
                0x0010b6a8      0x108 c:/devkitPro/libctru/lib\libctru.a(sdmc_dev.o)
 .text.sdmc_unlink
                0x0010b7b0       0x74 c:/devkitPro/libctru/lib\libctru.a(sdmc_dev.o)
 .text.sdmc_stat
                0x0010b824      0x108 c:/devkitPro/libctru/lib\libctru.a(sdmc_dev.o)
 .text.sdmc_open
                0x0010b92c      0x188 c:/devkitPro/libctru/lib\libctru.a(sdmc_dev.o)
 .text.sdmc_chmod
                0x0010bab4       0x10 c:/devkitPro/libctru/lib\libctru.a(sdmc_dev.o)
 .text.sdmcInit
                0x0010bac4      0x15c c:/devkitPro/libctru/lib\libctru.a(sdmc_dev.o)
                0x0010bac4                sdmcInit
 .text.sdmcExit
                0x0010bc20       0x58 c:/devkitPro/libctru/lib\libctru.a(sdmc_dev.o)
                0x0010bc20                sdmcExit
 .text.fsSessionForArchive.part.0
                0x0010bc78       0x28 c:/devkitPro/libctru/lib\libctru.a(fs.o)
 .text.fsInit   0x0010bca0       0xc8 c:/devkitPro/libctru/lib\libctru.a(fs.o)
                0x0010bca0                fsInit
 .text.fsExit   0x0010bd68       0x38 c:/devkitPro/libctru/lib\libctru.a(fs.o)
                0x0010bd68                fsExit
 .text.fsExemptFromSession
                0x0010bda0       0xa0 c:/devkitPro/libctru/lib\libctru.a(fs.o)
                0x0010bda0                fsExemptFromSession
 .text.fsUnexemptFromSession
                0x0010be40       0x54 c:/devkitPro/libctru/lib\libctru.a(fs.o)
                0x0010be40                fsUnexemptFromSession
 .text.FSUSER_OpenFile
                0x0010be94       0xbc c:/devkitPro/libctru/lib\libctru.a(fs.o)
                0x0010be94                FSUSER_OpenFile
 .text.FSUSER_DeleteFile
                0x0010bf50       0xa4 c:/devkitPro/libctru/lib\libctru.a(fs.o)
                0x0010bf50                FSUSER_DeleteFile
 .text.FSUSER_RenameFile
                0x0010bff4       0xe0 c:/devkitPro/libctru/lib\libctru.a(fs.o)
                0x0010bff4                FSUSER_RenameFile
 .text.FSUSER_DeleteDirectory
                0x0010c0d4       0xa4 c:/devkitPro/libctru/lib\libctru.a(fs.o)
                0x0010c0d4                FSUSER_DeleteDirectory
 .text.FSUSER_CreateFile
                0x0010c178       0xbc c:/devkitPro/libctru/lib\libctru.a(fs.o)
                0x0010c178                FSUSER_CreateFile
 .text.FSUSER_CreateDirectory
                0x0010c234       0xac c:/devkitPro/libctru/lib\libctru.a(fs.o)
                0x0010c234                FSUSER_CreateDirectory
 .text.FSUSER_RenameDirectory
                0x0010c2e0       0xe0 c:/devkitPro/libctru/lib\libctru.a(fs.o)
                0x0010c2e0                FSUSER_RenameDirectory
 .text.FSUSER_OpenDirectory
                0x0010c3c0       0xa4 c:/devkitPro/libctru/lib\libctru.a(fs.o)
                0x0010c3c0                FSUSER_OpenDirectory
 .text.FSUSER_OpenArchive
                0x0010c464       0x98 c:/devkitPro/libctru/lib\libctru.a(fs.o)
                0x0010c464                FSUSER_OpenArchive
 .text.FSUSER_CloseArchive
                0x0010c4fc       0x74 c:/devkitPro/libctru/lib\libctru.a(fs.o)
                0x0010c4fc                FSUSER_CloseArchive
 .text.FSUSER_GetSdmcArchiveResource
                0x0010c570       0x78 c:/devkitPro/libctru/lib\libctru.a(fs.o)
                0x0010c570                FSUSER_GetSdmcArchiveResource
 .text.FSUSER_IsSdmcWritable
                0x0010c5e8       0x64 c:/devkitPro/libctru/lib\libctru.a(fs.o)
                0x0010c5e8                FSUSER_IsSdmcWritable
 .text.FSFILE_Read
                0x0010c64c       0x5c c:/devkitPro/libctru/lib\libctru.a(fs.o)
                0x0010c64c                FSFILE_Read
 .text.FSFILE_Write
                0x0010c6a8       0x64 c:/devkitPro/libctru/lib\libctru.a(fs.o)
                0x0010c6a8                FSFILE_Write
 .text.FSFILE_GetSize
                0x0010c70c       0x3c c:/devkitPro/libctru/lib\libctru.a(fs.o)
                0x0010c70c                FSFILE_GetSize
 .text.FSFILE_SetSize
                0x0010c748       0x2c c:/devkitPro/libctru/lib\libctru.a(fs.o)
                0x0010c748                FSFILE_SetSize
 .text.FSFILE_Close
                0x0010c774       0x3c c:/devkitPro/libctru/lib\libctru.a(fs.o)
                0x0010c774                FSFILE_Close
 .text.FSFILE_Flush
                0x0010c7b0       0x24 c:/devkitPro/libctru/lib\libctru.a(fs.o)
                0x0010c7b0                FSFILE_Flush
 .text.FSDIR_Read
                0x0010c7d4       0x54 c:/devkitPro/libctru/lib\libctru.a(fs.o)
                0x0010c7d4                FSDIR_Read
 .text.FSDIR_Close
                0x0010c828       0x3c c:/devkitPro/libctru/lib\libctru.a(fs.o)
                0x0010c828                FSDIR_Close
 .text.utf8_to_utf16
                0x0010c864       0xc0 c:/devkitPro/libctru/lib\libctru.a(utf8_to_utf16.o)
                0x0010c864                utf8_to_utf16
 .text.decode_utf8
                0x0010c924      0x138 c:/devkitPro/libctru/lib\libctru.a(decode_utf8.o)
                0x0010c924                decode_utf8
 .text.utf16_to_utf8
                0x0010ca5c       0xe8 c:/devkitPro/libctru/lib\libctru.a(utf16_to_utf8.o)
                0x0010ca5c                utf16_to_utf8
 .text.encode_utf8
                0x0010cb44      0x104 c:/devkitPro/libctru/lib\libctru.a(encode_utf8.o)
                0x0010cb44                encode_utf8
 .text.encode_utf16
                0x0010cc48       0x68 c:/devkitPro/libctru/lib\libctru.a(encode_utf16.o)
                0x0010cc48                encode_utf16
 .text.__aeabi_read_tp
                0x0010ccb0        0xc c:/devkitPro/libctru/lib\libctru.a(readtp.o)
                0x0010ccb0                __aeabi_read_tp
 .text.decode_utf16
                0x0010ccbc       0x60 c:/devkitPro/libctru/lib\libctru.a(decode_utf16.o)
                0x0010ccbc                decode_utf16
 .text.__udivmoddi4
                0x0010cd1c      0x128 c:/devkitpro/devkitarm/bin/../lib/gcc/arm-none-eabi/6.3.0/armv6k/fpu\libgcc.a(_udivmoddi4.o)
                0x0010cd1c                __udivmoddi4
 .text.bsearch  0x0010ce44       0x74 c:/devkitpro/devkitarm/bin/../lib/gcc/arm-none-eabi/6.3.0/../../../../arm-none-eabi/lib/armv6k/fpu\libg.a(lib_a-bsearch.o)
                0x0010ce44                bsearch
 .text.calloc   0x0010ceb8       0x20 c:/devkitpro/devkitarm/bin/../lib/gcc/arm-none-eabi/6.3.0/../../../../arm-none-eabi/lib/armv6k/fpu\libg.a(lib_a-calloc.o)
                0x0010ceb8                calloc
 .text._calloc_r
                0x0010ced8       0x90 c:/devkitpro/devkitarm/bin/../lib/gcc/arm-none-eabi/6.3.0/../../../../arm-none-eabi/lib/armv6k/fpu\libg.a(lib_a-callocr.o)
                0x0010ced8                _calloc_r
 .text.__libc_fini_array
                0x0010cf68       0x40 c:/devkitpro/devkitarm/bin/../lib/gcc/arm-none-eabi/6.3.0/../../../../arm-none-eabi/lib/armv6k/fpu\libg.a(lib_a-fini.o)
                0x0010cf68                __libc_fini_array
 .text.__libc_init_array
                0x0010cfa8       0x78 c:/devkitpro/devkitarm/bin/../lib/gcc/arm-none-eabi/6.3.0/../../../../arm-none-eabi/lib/armv6k/fpu\libg.a(lib_a-init.o)
                0x0010cfa8                __libc_init_array
 .text.memalign
                0x0010d020       0x20 c:/devkitpro/devkitarm/bin/../lib/gcc/arm-none-eabi/6.3.0/../../../../arm-none-eabi/lib/armv6k/fpu\libg.a(lib_a-malign.o)
                0x0010d020                memalign
 .text._memalign_r
                0x0010d040      0x158 c:/devkitpro/devkitarm/bin/../lib/gcc/arm-none-eabi/6.3.0/../../../../arm-none-eabi/lib/armv6k/fpu\libg.a(lib_a-malignr.o)
                0x0010d040                _memalign_r
 .text.malloc   0x0010d198       0x18 c:/devkitpro/devkitarm/bin/../lib/gcc/arm-none-eabi/6.3.0/../../../../arm-none-eabi/lib/armv6k/fpu\libg.a(lib_a-malloc.o)
                0x0010d198                malloc
 .text.free     0x0010d1b0       0x18 c:/devkitpro/devkitarm/bin/../lib/gcc/arm-none-eabi/6.3.0/../../../../arm-none-eabi/lib/armv6k/fpu\libg.a(lib_a-malloc.o)
                0x0010d1b0                free
 .text._malloc_r
                0x0010d1c8      0x78c c:/devkitpro/devkitarm/bin/../lib/gcc/arm-none-eabi/6.3.0/../../../../arm-none-eabi/lib/armv6k/fpu\libg.a(lib_a-mallocr.o)
                0x0010d1c8                _malloc_r
 .text.memchr   0x0010d954      0x104 c:/devkitpro/devkitarm/bin/../lib/gcc/arm-none-eabi/6.3.0/../../../../arm-none-eabi/lib/armv6k/fpu\libg.a(lib_a-memchr-stub.o)
                0x0010d954                memchr
 .text.memcpy   0x0010da58      0x114 c:/devkitpro/devkitarm/bin/../lib/gcc/arm-none-eabi/6.3.0/../../../../arm-none-eabi/lib/armv6k/fpu\libg.a(lib_a-memcpy-stub.o)
                0x0010da58                memcpy
 .text.memset   0x0010db6c      0x110 c:/devkitpro/devkitarm/bin/../lib/gcc/arm-none-eabi/6.3.0/../../../../arm-none-eabi/lib/armv6k/fpu\libg.a(lib_a-memset.o)
                0x0010db6c                memset
 .text.__malloc_lock
                0x0010dc7c        0xc c:/devkitpro/devkitarm/bin/../lib/gcc/arm-none-eabi/6.3.0/../../../../arm-none-eabi/lib/armv6k/fpu\libg.a(lib_a-mlock.o)
                0x0010dc7c                __malloc_lock
 .text.__malloc_unlock
                0x0010dc88        0xc c:/devkitpro/devkitarm/bin/../lib/gcc/arm-none-eabi/6.3.0/../../../../arm-none-eabi/lib/armv6k/fpu\libg.a(lib_a-mlock.o)
                0x0010dc88                __malloc_unlock
 .text.printf   0x0010dc94       0x38 c:/devkitpro/devkitarm/bin/../lib/gcc/arm-none-eabi/6.3.0/../../../../arm-none-eabi/lib/armv6k/fpu\libg.a(lib_a-printf.o)
                0x0010dc94                printf
 .text.rand     0x0010dccc       0x44 c:/devkitpro/devkitarm/bin/../lib/gcc/arm-none-eabi/6.3.0/../../../../arm-none-eabi/lib/armv6k/fpu\libg.a(lib_a-rand.o)
                0x0010dccc                rand
 .text.setvbuf  0x0010dd10      0x258 c:/devkitpro/devkitarm/bin/../lib/gcc/arm-none-eabi/6.3.0/../../../../arm-none-eabi/lib/armv6k/fpu\libg.a(lib_a-setvbuf.o)
                0x0010dd10                setvbuf
 .text.sscanf   0x0010df68       0x74 c:/devkitpro/devkitarm/bin/../lib/gcc/arm-none-eabi/6.3.0/../../../../arm-none-eabi/lib/armv6k/fpu\libg.a(lib_a-sscanf.o)
                0x0010df68                sscanf
 .text.__sread  0x0010dfdc       0x3c c:/devkitpro/devkitarm/bin/../lib/gcc/arm-none-eabi/6.3.0/../../../../arm-none-eabi/lib/armv6k/fpu\libg.a(lib_a-stdio.o)
                0x0010dfdc                __sread
 .text.__seofread
                0x0010e018        0x8 c:/devkitpro/devkitarm/bin/../lib/gcc/arm-none-eabi/6.3.0/../../../../arm-none-eabi/lib/armv6k/fpu\libg.a(lib_a-stdio.o)
                0x0010e018                __seofread
 .text.__swrite
                0x0010e020       0x64 c:/devkitpro/devkitarm/bin/../lib/gcc/arm-none-eabi/6.3.0/../../../../arm-none-eabi/lib/armv6k/fpu\libg.a(lib_a-stdio.o)
                0x0010e020                __swrite
 .text.__sseek  0x0010e084       0x4c c:/devkitpro/devkitarm/bin/../lib/gcc/arm-none-eabi/6.3.0/../../../../arm-none-eabi/lib/armv6k/fpu\libg.a(lib_a-stdio.o)
                0x0010e084                __sseek
 .text.__sclose
                0x0010e0d0        0x8 c:/devkitpro/devkitarm/bin/../lib/gcc/arm-none-eabi/6.3.0/../../../../arm-none-eabi/lib/armv6k/fpu\libg.a(lib_a-stdio.o)
                0x0010e0d0                __sclose
 .text.strlen   0x0010e0d8       0x5c c:/devkitpro/devkitarm/bin/../lib/gcc/arm-none-eabi/6.3.0/../../../../arm-none-eabi/lib/armv6k/fpu\libg.a(lib_a-strlen-stub.o)
                0x0010e0d8                strlen
 .text.strncat  0x0010e134       0x9c c:/devkitpro/devkitarm/bin/../lib/gcc/arm-none-eabi/6.3.0/../../../../arm-none-eabi/lib/armv6k/fpu\libg.a(lib_a-strncat.o)
                0x0010e134                strncat
 .text.strncpy  0x0010e1d0       0xd8 c:/devkitpro/devkitarm/bin/../lib/gcc/arm-none-eabi/6.3.0/../../../../arm-none-eabi/lib/armv6k/fpu\libg.a(lib_a-strncpy.o)
                0x0010e1d0                strncpy
 .text.__ssvfscanf_r
                0x0010e2a8     0x290c c:/devkitpro/devkitarm/bin/../lib/gcc/arm-none-eabi/6.3.0/../../../../arm-none-eabi/lib/armv6k/fpu\libg.a(lib_a-svfscanf.o)
                0x0010e2a8                __ssvfscanf_r
 .text.__sprint_r.part.0
                0x00110bb4       0x1c c:/devkitpro/devkitarm/bin/../lib/gcc/arm-none-eabi/6.3.0/../../../../arm-none-eabi/lib/armv6k/fpu\libg.a(lib_a-vfiprintf.o)
 .text.__sprint_r
                0x00110bd0       0x1c c:/devkitpro/devkitarm/bin/../lib/gcc/arm-none-eabi/6.3.0/../../../../arm-none-eabi/lib/armv6k/fpu\libg.a(lib_a-vfiprintf.o)
                0x00110bd0                __sprint_r
 .text.get_arg  0x00110bec     0x1624 c:/devkitpro/devkitarm/bin/../lib/gcc/arm-none-eabi/6.3.0/../../../../arm-none-eabi/lib/armv6k/fpu\libg.a(lib_a-vfprintf.o)
 .text._vfprintf_r
                0x00112210     0x4314 c:/devkitpro/devkitarm/bin/../lib/gcc/arm-none-eabi/6.3.0/../../../../arm-none-eabi/lib/armv6k/fpu\libg.a(lib_a-vfprintf.o)
                0x00112210                _vfprintf_r
 .text.__sbprintf
                0x00116524       0xcc c:/devkitpro/devkitarm/bin/../lib/gcc/arm-none-eabi/6.3.0/../../../../arm-none-eabi/lib/armv6k/fpu\libg.a(lib_a-vfprintf.o)
 .text._wcrtomb_r
                0x001165f0       0xa0 c:/devkitpro/devkitarm/bin/../lib/gcc/arm-none-eabi/6.3.0/../../../../arm-none-eabi/lib/armv6k/fpu\libg.a(lib_a-wcrtomb.o)
                0x001165f0                _wcrtomb_r
 .text._wcsrtombs_r
                0x00116690       0x20 c:/devkitpro/devkitarm/bin/../lib/gcc/arm-none-eabi/6.3.0/../../../../arm-none-eabi/lib/armv6k/fpu\libg.a(lib_a-wcsrtombs.o)
                0x00116690                _wcsrtombs_r
 .text.__swsetup_r
                0x001166b0      0x144 c:/devkitpro/devkitarm/bin/../lib/gcc/arm-none-eabi/6.3.0/../../../../arm-none-eabi/lib/armv6k/fpu\libg.a(lib_a-wsetup.o)
                0x001166b0                __swsetup_r
 .text.quorem   0x001167f4      0x1d0 c:/devkitpro/devkitarm/bin/../lib/gcc/arm-none-eabi/6.3.0/../../../../arm-none-eabi/lib/armv6k/fpu\libg.a(lib_a-dtoa.o)
 *fill*         0x001169c4        0x4 
 .text._dtoa_r  0x001169c8     0x1260 c:/devkitpro/devkitarm/bin/../lib/gcc/arm-none-eabi/6.3.0/../../../../arm-none-eabi/lib/armv6k/fpu\libg.a(lib_a-dtoa.o)
                0x001169c8                _dtoa_r
 .text.__sflush_r
                0x00117c28      0x254 c:/devkitpro/devkitarm/bin/../lib/gcc/arm-none-eabi/6.3.0/../../../../arm-none-eabi/lib/armv6k/fpu\libg.a(lib_a-fflush.o)
                0x00117c28                __sflush_r
 .text._fflush_r
                0x00117e7c       0x94 c:/devkitpro/devkitarm/bin/../lib/gcc/arm-none-eabi/6.3.0/../../../../arm-none-eabi/lib/armv6k/fpu\libg.a(lib_a-fflush.o)
                0x00117e7c                _fflush_r
 .text._cleanup_r
                0x00117f10        0xc c:/devkitpro/devkitarm/bin/../lib/gcc/arm-none-eabi/6.3.0/../../../../arm-none-eabi/lib/armv6k/fpu\libg.a(lib_a-findfp.o)
                0x00117f10                _cleanup_r
 .text.std.isra.0
                0x00117f1c       0x80 c:/devkitpro/devkitarm/bin/../lib/gcc/arm-none-eabi/6.3.0/../../../../arm-none-eabi/lib/armv6k/fpu\libg.a(lib_a-findfp.o)
 .text.__sinit  0x00117f9c       0x8c c:/devkitpro/devkitarm/bin/../lib/gcc/arm-none-eabi/6.3.0/../../../../arm-none-eabi/lib/armv6k/fpu\libg.a(lib_a-findfp.o)
                0x00117f9c                __sinit
 .text.__sfp_lock_acquire
                0x00118028        0xc c:/devkitpro/devkitarm/bin/../lib/gcc/arm-none-eabi/6.3.0/../../../../arm-none-eabi/lib/armv6k/fpu\libg.a(lib_a-findfp.o)
                0x00118028                __sfp_lock_acquire
 .text.__sfp_lock_release
                0x00118034        0xc c:/devkitpro/devkitarm/bin/../lib/gcc/arm-none-eabi/6.3.0/../../../../arm-none-eabi/lib/armv6k/fpu\libg.a(lib_a-findfp.o)
                0x00118034                __sfp_lock_release
 .text._malloc_trim_r
                0x00118040       0xf8 c:/devkitpro/devkitarm/bin/../lib/gcc/arm-none-eabi/6.3.0/../../../../arm-none-eabi/lib/armv6k/fpu\libg.a(lib_a-freer.o)
                0x00118040                _malloc_trim_r
 .text._free_r  0x00118138      0x2e4 c:/devkitpro/devkitarm/bin/../lib/gcc/arm-none-eabi/6.3.0/../../../../arm-none-eabi/lib/armv6k/fpu\libg.a(lib_a-freer.o)
                0x00118138                _free_r
 .text.__sfvwrite_r
                0x0011841c      0x4ac c:/devkitpro/devkitarm/bin/../lib/gcc/arm-none-eabi/6.3.0/../../../../arm-none-eabi/lib/armv6k/fpu\libg.a(lib_a-fvwrite.o)
                0x0011841c                __sfvwrite_r
 .text._fwalk_reent
                0x001188c8       0x80 c:/devkitpro/devkitarm/bin/../lib/gcc/arm-none-eabi/6.3.0/../../../../arm-none-eabi/lib/armv6k/fpu\libg.a(lib_a-fwalk.o)
                0x001188c8                _fwalk_reent
 .text.iswspace
                0x00118948       0x74 c:/devkitpro/devkitarm/bin/../lib/gcc/arm-none-eabi/6.3.0/../../../../arm-none-eabi/lib/armv6k/fpu\libg.a(lib_a-iswspace.o)
                0x00118948                iswspace
 .text.__jp2uc  0x001189bc      0x204 c:/devkitpro/devkitarm/bin/../lib/gcc/arm-none-eabi/6.3.0/../../../../arm-none-eabi/lib/armv6k/fpu\libg.a(lib_a-jp2uc.o)
 .text._jp2uc   0x00118bc0       0xc8 c:/devkitpro/devkitarm/bin/../lib/gcc/arm-none-eabi/6.3.0/../../../../arm-none-eabi/lib/armv6k/fpu\libg.a(lib_a-jp2uc.o)
                0x00118bc0                _jp2uc
 .text.__localeconv_l
                0x00118c88        0x8 c:/devkitpro/devkitarm/bin/../lib/gcc/arm-none-eabi/6.3.0/../../../../arm-none-eabi/lib/armv6k/fpu\libg.a(lib_a-localeconv.o)
                0x00118c88                __localeconv_l
 .text._localeconv_r
                0x00118c90       0x24 c:/devkitpro/devkitarm/bin/../lib/gcc/arm-none-eabi/6.3.0/../../../../arm-none-eabi/lib/armv6k/fpu\libg.a(lib_a-localeconv.o)
                0x00118c90                _localeconv_r
 .text.__locale_mb_cur_max
                0x00118cb4       0x24 c:/devkitpro/devkitarm/bin/../lib/gcc/arm-none-eabi/6.3.0/../../../../arm-none-eabi/lib/armv6k/fpu\libg.a(lib_a-locale.o)
                0x00118cb4                __locale_mb_cur_max
 .text.__locale_ctype_ptr_l
                0x00118cd8        0x8 c:/devkitpro/devkitarm/bin/../lib/gcc/arm-none-eabi/6.3.0/../../../../arm-none-eabi/lib/armv6k/fpu\libg.a(lib_a-locale.o)
                0x00118cd8                __locale_ctype_ptr_l
 .text.__locale_ctype_ptr
                0x00118ce0       0x24 c:/devkitpro/devkitarm/bin/../lib/gcc/arm-none-eabi/6.3.0/../../../../arm-none-eabi/lib/armv6k/fpu\libg.a(lib_a-locale.o)
                0x00118ce0                __locale_ctype_ptr
 .text.__swhatbuf_r
                0x00118d04       0x94 c:/devkitpro/devkitarm/bin/../lib/gcc/arm-none-eabi/6.3.0/../../../../arm-none-eabi/lib/armv6k/fpu\libg.a(lib_a-makebuf.o)
                0x00118d04                __swhatbuf_r
 .text.__smakebuf_r
                0x00118d98       0xf4 c:/devkitpro/devkitarm/bin/../lib/gcc/arm-none-eabi/6.3.0/../../../../arm-none-eabi/lib/armv6k/fpu\libg.a(lib_a-makebuf.o)
                0x00118d98                __smakebuf_r
 .text._mbrtowc_r
                0x00118e8c       0xb4 c:/devkitpro/devkitarm/bin/../lib/gcc/arm-none-eabi/6.3.0/../../../../arm-none-eabi/lib/armv6k/fpu\libg.a(lib_a-mbrtowc.o)
                0x00118e8c                _mbrtowc_r
 .text.__utf8_mbtowc
                0x00118f40      0x300 c:/devkitpro/devkitarm/bin/../lib/gcc/arm-none-eabi/6.3.0/../../../../arm-none-eabi/lib/armv6k/fpu\libg.a(lib_a-mbtowc_r.o)
                0x00118f40                __utf8_mbtowc
 .text.memmove  0x00119240      0x148 c:/devkitpro/devkitarm/bin/../lib/gcc/arm-none-eabi/6.3.0/../../../../arm-none-eabi/lib/armv6k/fpu\libg.a(lib_a-memmove.o)
                0x00119240                memmove
 .text._Balloc  0x00119388       0x88 c:/devkitpro/devkitarm/bin/../lib/gcc/arm-none-eabi/6.3.0/../../../../arm-none-eabi/lib/armv6k/fpu\libg.a(lib_a-mprec.o)
                0x00119388                _Balloc
 .text._Bfree   0x00119410       0x1c c:/devkitpro/devkitarm/bin/../lib/gcc/arm-none-eabi/6.3.0/../../../../arm-none-eabi/lib/armv6k/fpu\libg.a(lib_a-mprec.o)
                0x00119410                _Bfree
 .text.__multadd
                0x0011942c       0xd8 c:/devkitpro/devkitarm/bin/../lib/gcc/arm-none-eabi/6.3.0/../../../../arm-none-eabi/lib/armv6k/fpu\libg.a(lib_a-mprec.o)
                0x0011942c                __multadd
 .text.__s2b    0x00119504       0xf0 c:/devkitpro/devkitarm/bin/../lib/gcc/arm-none-eabi/6.3.0/../../../../arm-none-eabi/lib/armv6k/fpu\libg.a(lib_a-mprec.o)
                0x00119504                __s2b
 .text.__hi0bits
                0x001195f4       0x58 c:/devkitpro/devkitarm/bin/../lib/gcc/arm-none-eabi/6.3.0/../../../../arm-none-eabi/lib/armv6k/fpu\libg.a(lib_a-mprec.o)
                0x001195f4                __hi0bits
 .text.__lo0bits
                0x0011964c       0x9c c:/devkitpro/devkitarm/bin/../lib/gcc/arm-none-eabi/6.3.0/../../../../arm-none-eabi/lib/armv6k/fpu\libg.a(lib_a-mprec.o)
                0x0011964c                __lo0bits
 .text.__i2b    0x001196e8       0x20 c:/devkitpro/devkitarm/bin/../lib/gcc/arm-none-eabi/6.3.0/../../../../arm-none-eabi/lib/armv6k/fpu\libg.a(lib_a-mprec.o)
                0x001196e8                __i2b
 .text.__multiply
                0x00119708      0x1cc c:/devkitpro/devkitarm/bin/../lib/gcc/arm-none-eabi/6.3.0/../../../../arm-none-eabi/lib/armv6k/fpu\libg.a(lib_a-mprec.o)
                0x00119708                __multiply
 .text.__pow5mult
                0x001198d4      0x100 c:/devkitpro/devkitarm/bin/../lib/gcc/arm-none-eabi/6.3.0/../../../../arm-none-eabi/lib/armv6k/fpu\libg.a(lib_a-mprec.o)
                0x001198d4                __pow5mult
 .text.__lshift
                0x001199d4       0xe4 c:/devkitpro/devkitarm/bin/../lib/gcc/arm-none-eabi/6.3.0/../../../../arm-none-eabi/lib/armv6k/fpu\libg.a(lib_a-mprec.o)
                0x001199d4                __lshift
 .text.__mcmp   0x00119ab8       0x60 c:/devkitpro/devkitarm/bin/../lib/gcc/arm-none-eabi/6.3.0/../../../../arm-none-eabi/lib/armv6k/fpu\libg.a(lib_a-mprec.o)
                0x00119ab8                __mcmp
 .text.__mdiff  0x00119b18      0x198 c:/devkitpro/devkitarm/bin/../lib/gcc/arm-none-eabi/6.3.0/../../../../arm-none-eabi/lib/armv6k/fpu\libg.a(lib_a-mprec.o)
                0x00119b18                __mdiff
 .text.__ulp    0x00119cb0       0x78 c:/devkitpro/devkitarm/bin/../lib/gcc/arm-none-eabi/6.3.0/../../../../arm-none-eabi/lib/armv6k/fpu\libg.a(lib_a-mprec.o)
                0x00119cb0                __ulp
 .text.__b2d    0x00119d28       0xd4 c:/devkitpro/devkitarm/bin/../lib/gcc/arm-none-eabi/6.3.0/../../../../arm-none-eabi/lib/armv6k/fpu\libg.a(lib_a-mprec.o)
                0x00119d28                __b2d
 .text.__d2b    0x00119dfc      0x108 c:/devkitpro/devkitarm/bin/../lib/gcc/arm-none-eabi/6.3.0/../../../../arm-none-eabi/lib/armv6k/fpu\libg.a(lib_a-mprec.o)
                0x00119dfc                __d2b
 .text.__ratio  0x00119f04       0x7c c:/devkitpro/devkitarm/bin/../lib/gcc/arm-none-eabi/6.3.0/../../../../arm-none-eabi/lib/armv6k/fpu\libg.a(lib_a-mprec.o)
                0x00119f04                __ratio
 .text.__copybits
                0x00119f80       0x6c c:/devkitpro/devkitarm/bin/../lib/gcc/arm-none-eabi/6.3.0/../../../../arm-none-eabi/lib/armv6k/fpu\libg.a(lib_a-mprec.o)
                0x00119f80                __copybits
 .text.__any_on
                0x00119fec       0x80 c:/devkitpro/devkitarm/bin/../lib/gcc/arm-none-eabi/6.3.0/../../../../arm-none-eabi/lib/armv6k/fpu\libg.a(lib_a-mprec.o)
                0x00119fec                __any_on
 .text._realloc_r
                0x0011a06c      0x4cc c:/devkitpro/devkitarm/bin/../lib/gcc/arm-none-eabi/6.3.0/../../../../arm-none-eabi/lib/armv6k/fpu\libg.a(lib_a-reallocr.o)
                0x0011a06c                _realloc_r
 .text.__sccl   0x0011a538       0xcc c:/devkitpro/devkitarm/bin/../lib/gcc/arm-none-eabi/6.3.0/../../../../arm-none-eabi/lib/armv6k/fpu\libg.a(lib_a-sccl.o)
                0x0011a538                __sccl
 .text.nanf     0x0011a604        0xc c:/devkitpro/devkitarm/bin/../lib/gcc/arm-none-eabi/6.3.0/../../../../arm-none-eabi/lib/armv6k/fpu\libg.a(lib_a-sf_nan.o)
                0x0011a604                nanf
 .text.frexp    0x0011a610       0x9c c:/devkitpro/devkitarm/bin/../lib/gcc/arm-none-eabi/6.3.0/../../../../arm-none-eabi/lib/armv6k/fpu\libg.a(lib_a-s_frexp.o)
                0x0011a610                frexp
 .text.sprintf  0x0011a6ac       0x68 c:/devkitpro/devkitarm/bin/../lib/gcc/arm-none-eabi/6.3.0/../../../../arm-none-eabi/lib/armv6k/fpu\libg.a(lib_a-sprintf.o)
                0x0011a6ac                sprintf
 .text.stpncpy  0x0011a714      0x100 c:/devkitpro/devkitarm/bin/../lib/gcc/arm-none-eabi/6.3.0/../../../../arm-none-eabi/lib/armv6k/fpu\libg.a(lib_a-stpncpy.o)
                0x0011a714                stpncpy
 .text.strchr   0x0011a814      0x1ac c:/devkitpro/devkitarm/bin/../lib/gcc/arm-none-eabi/6.3.0/../../../../arm-none-eabi/lib/armv6k/fpu\libg.a(lib_a-strchr.o)
                0x0011a814                strchr
 .text.strncmp  0x0011a9c0      0x108 c:/devkitpro/devkitarm/bin/../lib/gcc/arm-none-eabi/6.3.0/../../../../arm-none-eabi/lib/armv6k/fpu\libg.a(lib_a-strncmp.o)
                0x0011a9c0                strncmp
 .text.unlikely.sulp
                0x0011aac8       0x54 c:/devkitpro/devkitarm/bin/../lib/gcc/arm-none-eabi/6.3.0/../../../../arm-none-eabi/lib/armv6k/fpu\libg.a(lib_a-strtod.o)
 *fill*         0x0011ab1c        0x4 
 .text._strtod_l
                0x0011ab20     0x1434 c:/devkitpro/devkitarm/bin/../lib/gcc/arm-none-eabi/6.3.0/../../../../arm-none-eabi/lib/armv6k/fpu\libg.a(lib_a-strtod.o)
                0x0011ab20                _strtod_l
 .text._strtod_r
                0x0011bf54       0x3c c:/devkitpro/devkitarm/bin/../lib/gcc/arm-none-eabi/6.3.0/../../../../arm-none-eabi/lib/armv6k/fpu\libg.a(lib_a-strtod.o)
                0x0011bf54                _strtod_r
 .text._strtoll_l.isra.0
                0x0011bf90      0x2dc c:/devkitpro/devkitarm/bin/../lib/gcc/arm-none-eabi/6.3.0/../../../../arm-none-eabi/lib/armv6k/fpu\libg.a(lib_a-strtoll.o)
 .text._strtoll_r
                0x0011c26c       0x50 c:/devkitpro/devkitarm/bin/../lib/gcc/arm-none-eabi/6.3.0/../../../../arm-none-eabi/lib/armv6k/fpu\libg.a(lib_a-strtoll.o)
                0x0011c26c                _strtoll_r
 .text._strtol_l.isra.0
                0x0011c2bc      0x220 c:/devkitpro/devkitarm/bin/../lib/gcc/arm-none-eabi/6.3.0/../../../../arm-none-eabi/lib/armv6k/fpu\libg.a(lib_a-strtol.o)
 .text._strtol_r
                0x0011c4dc       0x50 c:/devkitpro/devkitarm/bin/../lib/gcc/arm-none-eabi/6.3.0/../../../../arm-none-eabi/lib/armv6k/fpu\libg.a(lib_a-strtol.o)
                0x0011c4dc                _strtol_r
 *fill*         0x0011c52c        0x4 
 .text._strtoull_l.isra.0
                0x0011c530      0x268 c:/devkitpro/devkitarm/bin/../lib/gcc/arm-none-eabi/6.3.0/../../../../arm-none-eabi/lib/armv6k/fpu\libg.a(lib_a-strtoull.o)
 .text._strtoull_r
                0x0011c798       0x50 c:/devkitpro/devkitarm/bin/../lib/gcc/arm-none-eabi/6.3.0/../../../../arm-none-eabi/lib/armv6k/fpu\libg.a(lib_a-strtoull.o)
                0x0011c798                _strtoull_r
 .text._strtoul_l.isra.0
                0x0011c7e8      0x1e4 c:/devkitpro/devkitarm/bin/../lib/gcc/arm-none-eabi/6.3.0/../../../../arm-none-eabi/lib/armv6k/fpu\libg.a(lib_a-strtoul.o)
 .text._strtoul_r
                0x0011c9cc       0x50 c:/devkitpro/devkitarm/bin/../lib/gcc/arm-none-eabi/6.3.0/../../../../arm-none-eabi/lib/armv6k/fpu\libg.a(lib_a-strtoul.o)
                0x0011c9cc                _strtoul_r
 .text.__ssprint_r
                0x0011ca1c      0x188 c:/devkitpro/devkitarm/bin/../lib/gcc/arm-none-eabi/6.3.0/../../../../arm-none-eabi/lib/armv6k/fpu\libg.a(lib_a-svfiprintf.o)
                0x0011ca1c                __ssprint_r
 .text._sungetc_r
                0x0011cba4       0xe8 c:/devkitpro/devkitarm/bin/../lib/gcc/arm-none-eabi/6.3.0/../../../../arm-none-eabi/lib/armv6k/fpu\libg.a(lib_a-svfiscanf.o)
                0x0011cba4                _sungetc_r
 .text.__ssrefill_r
                0x0011cc8c       0x6c c:/devkitpro/devkitarm/bin/../lib/gcc/arm-none-eabi/6.3.0/../../../../arm-none-eabi/lib/armv6k/fpu\libg.a(lib_a-svfiscanf.o)
                0x0011cc8c                __ssrefill_r
 .text._sfread_r
                0x0011ccf8       0xd0 c:/devkitpro/devkitarm/bin/../lib/gcc/arm-none-eabi/6.3.0/../../../../arm-none-eabi/lib/armv6k/fpu\libg.a(lib_a-svfiscanf.o)
                0x0011ccf8                _sfread_r
 .text.get_arg  0x0011cdc8     0x1624 c:/devkitpro/devkitarm/bin/../lib/gcc/arm-none-eabi/6.3.0/../../../../arm-none-eabi/lib/armv6k/fpu\libg.a(lib_a-svfprintf.o)
 *fill*         0x0011e3ec        0x4 
 .text._svfprintf_r
                0x0011e3f0     0x41c4 c:/devkitpro/devkitarm/bin/../lib/gcc/arm-none-eabi/6.3.0/../../../../arm-none-eabi/lib/armv6k/fpu\libg.a(lib_a-svfprintf.o)
                0x0011e3f0                _svfprintf_r
 .text.__submore
                0x001225b4       0xa8 c:/devkitpro/devkitarm/bin/../lib/gcc/arm-none-eabi/6.3.0/../../../../arm-none-eabi/lib/armv6k/fpu\libg.a(lib_a-ungetc.o)
                0x001225b4                __submore
 .text._wcsnrtombs_l
                0x0012265c      0x174 c:/devkitpro/devkitarm/bin/../lib/gcc/arm-none-eabi/6.3.0/../../../../arm-none-eabi/lib/armv6k/fpu\libg.a(lib_a-wcsnrtombs.o)
                0x0012265c                _wcsnrtombs_l
 .text._wcsnrtombs_r
                0x001227d0       0x64 c:/devkitpro/devkitarm/bin/../lib/gcc/arm-none-eabi/6.3.0/../../../../arm-none-eabi/lib/armv6k/fpu\libg.a(lib_a-wcsnrtombs.o)
                0x001227d0                _wcsnrtombs_r
 .text.__utf8_wctomb
                0x00122834       0xe8 c:/devkitpro/devkitarm/bin/../lib/gcc/arm-none-eabi/6.3.0/../../../../arm-none-eabi/lib/armv6k/fpu\libg.a(lib_a-wctomb_r.o)
                0x00122834                __utf8_wctomb
 .text._fclose_r
                0x0012291c      0x154 c:/devkitpro/devkitarm/bin/../lib/gcc/arm-none-eabi/6.3.0/../../../../arm-none-eabi/lib/armv6k/fpu\libg.a(lib_a-fclose.o)
                0x0012291c                _fclose_r
 .text.rshift   0x00122a70       0xf0 c:/devkitpro/devkitarm/bin/../lib/gcc/arm-none-eabi/6.3.0/../../../../arm-none-eabi/lib/armv6k/fpu\libg.a(lib_a-gdtoa-gethex.o)
 .text.__gethex
                0x00122b60      0x7f4 c:/devkitpro/devkitarm/bin/../lib/gcc/arm-none-eabi/6.3.0/../../../../arm-none-eabi/lib/armv6k/fpu\libg.a(lib_a-gdtoa-gethex.o)
                0x00122b60                __gethex
 .text.__match  0x00123354       0x64 c:/devkitpro/devkitarm/bin/../lib/gcc/arm-none-eabi/6.3.0/../../../../arm-none-eabi/lib/armv6k/fpu\libg.a(lib_a-gdtoa-hexnan.o)
                0x00123354                __match
 .text.__hexnan
                0x001233b8      0x264 c:/devkitpro/devkitarm/bin/../lib/gcc/arm-none-eabi/6.3.0/../../../../arm-none-eabi/lib/armv6k/fpu\libg.a(lib_a-gdtoa-hexnan.o)
                0x001233b8                __hexnan
 .text.null_write
                0x0012361c        0x8 c:/devkitpro/devkitarm/bin/../lib/gcc/arm-none-eabi/6.3.0/../../../../arm-none-eabi/lib/armv6k/fpu\libsysbase.a(iosupport.o)
 .text.setDefaultDevice
                0x00123624       0x18 c:/devkitpro/devkitarm/bin/../lib/gcc/arm-none-eabi/6.3.0/../../../../arm-none-eabi/lib/armv6k/fpu\libsysbase.a(iosupport.o)
                0x00123624                setDefaultDevice
 .text.FindDevice
                0x0012363c       0xcc c:/devkitpro/devkitarm/bin/../lib/gcc/arm-none-eabi/6.3.0/../../../../arm-none-eabi/lib/armv6k/fpu\libsysbase.a(iosupport.o)
                0x0012363c                FindDevice
 .text.RemoveDevice
                0x00123708       0x28 c:/devkitpro/devkitarm/bin/../lib/gcc/arm-none-eabi/6.3.0/../../../../arm-none-eabi/lib/armv6k/fpu\libsysbase.a(iosupport.o)
                0x00123708                RemoveDevice
 .text.AddDevice
                0x00123730       0x98 c:/devkitpro/devkitarm/bin/../lib/gcc/arm-none-eabi/6.3.0/../../../../arm-none-eabi/lib/armv6k/fpu\libsysbase.a(iosupport.o)
                0x00123730                AddDevice
 .text._close_r
                0x001237c8       0x84 c:/devkitpro/devkitarm/bin/../lib/gcc/arm-none-eabi/6.3.0/../../../../arm-none-eabi/lib/armv6k/fpu\libsysbase.a(close.o)
                0x001237c8                _close_r
 .text._fstat_r
                0x0012384c       0x7c c:/devkitpro/devkitarm/bin/../lib/gcc/arm-none-eabi/6.3.0/../../../../arm-none-eabi/lib/armv6k/fpu\libsysbase.a(fstat.o)
                0x0012384c                _fstat_r
 .text._isatty_r
                0x001238c8        0x8 c:/devkitpro/devkitarm/bin/../lib/gcc/arm-none-eabi/6.3.0/../../../../arm-none-eabi/lib/armv6k/fpu\libsysbase.a(isatty.o)
                0x001238c8                _isatty_r
 .text._lseek_r
                0x001238d0       0x90 c:/devkitpro/devkitarm/bin/../lib/gcc/arm-none-eabi/6.3.0/../../../../arm-none-eabi/lib/armv6k/fpu\libsysbase.a(lseek.o)
                0x001238d0                _lseek_r
 .text._read_r  0x00123960       0x88 c:/devkitpro/devkitarm/bin/../lib/gcc/arm-none-eabi/6.3.0/../../../../arm-none-eabi/lib/armv6k/fpu\libsysbase.a(read.o)
                0x00123960                _read_r
 .text._sbrk_r  0x001239e8       0x70 c:/devkitpro/devkitarm/bin/../lib/gcc/arm-none-eabi/6.3.0/../../../../arm-none-eabi/lib/armv6k/fpu\libsysbase.a(sbrk.o)
                0x001239e8                _sbrk_r
 .text._write_r
                0x00123a58       0x88 c:/devkitpro/devkitarm/bin/../lib/gcc/arm-none-eabi/6.3.0/../../../../arm-none-eabi/lib/armv6k/fpu\libsysbase.a(write.o)
                0x00123a58                _write_r
 .text._concatenate_path
                0x00123ae0      0x1d4 c:/devkitpro/devkitarm/bin/../lib/gcc/arm-none-eabi/6.3.0/../../../../arm-none-eabi/lib/armv6k/fpu\libsysbase.a(chdir.o)
                0x00123ae0                _concatenate_path
 .text.chdir    0x00123cb4      0x15c c:/devkitpro/devkitarm/bin/../lib/gcc/arm-none-eabi/6.3.0/../../../../arm-none-eabi/lib/armv6k/fpu\libsysbase.a(chdir.o)
                0x00123cb4                chdir
 .text.__flockfile
                0x00123e10        0x8 c:/devkitpro/devkitarm/bin/../lib/gcc/arm-none-eabi/6.3.0/../../../../arm-none-eabi/lib/armv6k/fpu\libsysbase.a(flock.o)
                0x00123e10                __flockfile
 .text.__funlockfile
                0x00123e18        0x8 c:/devkitpro/devkitarm/bin/../lib/gcc/arm-none-eabi/6.3.0/../../../../arm-none-eabi/lib/armv6k/fpu\libsysbase.a(flock.o)
                0x00123e18                __funlockfile
 .text.__libc_lock_acquire
                0x00123e20       0x18 c:/devkitpro/devkitarm/bin/../lib/gcc/arm-none-eabi/6.3.0/../../../../arm-none-eabi/lib/armv6k/fpu\libsysbase.a(syscall_support.o)
                0x00123e20                __libc_lock_acquire
 .text.__libc_lock_release
                0x00123e38       0x18 c:/devkitpro/devkitarm/bin/../lib/gcc/arm-none-eabi/6.3.0/../../../../arm-none-eabi/lib/armv6k/fpu\libsysbase.a(syscall_support.o)
                0x00123e38                __libc_lock_release
 .text.__libc_lock_init_recursive
                0x00123e50       0x18 c:/devkitpro/devkitarm/bin/../lib/gcc/arm-none-eabi/6.3.0/../../../../arm-none-eabi/lib/armv6k/fpu\libsysbase.a(syscall_support.o)
                0x00123e50                __libc_lock_init_recursive
 .text.__libc_lock_acquire_recursive
                0x00123e68       0x18 c:/devkitpro/devkitarm/bin/../lib/gcc/arm-none-eabi/6.3.0/../../../../arm-none-eabi/lib/armv6k/fpu\libsysbase.a(syscall_support.o)
                0x00123e68                __libc_lock_acquire_recursive
 .text.__libc_lock_release_recursive
                0x00123e80       0x18 c:/devkitpro/devkitarm/bin/../lib/gcc/arm-none-eabi/6.3.0/../../../../arm-none-eabi/lib/armv6k/fpu\libsysbase.a(syscall_support.o)
                0x00123e80                __libc_lock_release_recursive
 .text.__libc_lock_close_recursive
                0x00123e98       0x18 c:/devkitpro/devkitarm/bin/../lib/gcc/arm-none-eabi/6.3.0/../../../../arm-none-eabi/lib/armv6k/fpu\libsysbase.a(syscall_support.o)
                0x00123e98                __libc_lock_close_recursive
 .text.__free_handle
                0x00123eb0       0x4c c:/devkitpro/devkitarm/bin/../lib/gcc/arm-none-eabi/6.3.0/../../../../arm-none-eabi/lib/armv6k/fpu\libsysbase.a(handle_manager.o)
                0x00123eb0                __free_handle
 .text.__release_handle
                0x00123efc       0x40 c:/devkitpro/devkitarm/bin/../lib/gcc/arm-none-eabi/6.3.0/../../../../arm-none-eabi/lib/armv6k/fpu\libsysbase.a(handle_manager.o)
                0x00123efc                __release_handle
 .text.__get_handle
                0x00123f3c       0x18 c:/devkitpro/devkitarm/bin/../lib/gcc/arm-none-eabi/6.3.0/../../../../arm-none-eabi/lib/armv6k/fpu\libsysbase.a(handle_manager.o)
                0x00123f3c                __get_handle
 .text.__getreent
                0x00123f54       0x28 c:/devkitpro/devkitarm/bin/../lib/gcc/arm-none-eabi/6.3.0/../../../../arm-none-eabi/lib/armv6k/fpu\libsysbase.a(getreent.o)
                0x00123f54                __getreent
 .text.strnlen  0x00123f7c       0x5c c:/devkitpro/devkitarm/bin/../lib/gcc/arm-none-eabi/6.3.0/../../../../arm-none-eabi/lib/armv6k/fpu\libg.a(lib_a-strnlen.o)
                0x00123f7c                strnlen
 .text.strrchr  0x00123fd8       0x44 c:/devkitpro/devkitarm/bin/../lib/gcc/arm-none-eabi/6.3.0/../../../../arm-none-eabi/lib/armv6k/fpu\libg.a(lib_a-strrchr.o)
                0x00123fd8                strrchr
 *(.glue_7)
 .glue_7        0x0012401c        0x0 linker stubs
 *(.glue_7t)
 .glue_7t       0x0012401c        0x0 linker stubs
 *(.stub)
 *(.gnu.warning)
 *(.gnu.linkonce.t*)
                0x0012401c                . = ALIGN (0x4)
 *(.fini)
 .fini          0x0012401c        0xc c:/devkitpro/devkitarm/bin/../lib/gcc/arm-none-eabi/6.3.0/armv6k/fpu/crti.o
                0x0012401c                _fini
 .fini          0x00124028        0xc c:/devkitpro/devkitarm/bin/../lib/gcc/arm-none-eabi/6.3.0/armv6k/fpu/crtn.o
                0x00124034                . = ALIGN (0x4)

.vfp11_veneer   0x00124034        0x0
 .vfp11_veneer  0x00124034        0x0 linker stubs

.v4_bx          0x00124034        0x0
 .v4_bx         0x00124034        0x0 linker stubs

.iplt           0x00124034        0x0
 .iplt          0x00124034        0x0 c:/devkitpro/devkitarm/bin/../lib/gcc/arm-none-eabi/6.3.0/../../../../arm-none-eabi/lib/armv6k/fpu/3dsx_crt0.o

.rodata         0x00125000    0x4f898
 *(.rodata)
 .rodata        0x00125000    0x4b010 logo.o
                0x00125000                logo
 .rodata        0x00170010       0x10 c:/devkitPro/libctru/lib\libsf2d.a(sf2d_texture.o)
 .rodata        0x00170020      0x150 c:/devkitPro/libctru/lib\libsf2d.a(shader.shbin.o)
                0x00170020                shader_shbin
                0x0017016c                shader_shbin_end
                0x0017016c                shader_shbin_size
 .rodata        0x00170170       0x38 c:/devkitPro/libctru/lib\libcitro3d.a(texture.o)
 .rodata        0x001701a8        0x3 c:/devkitPro/libctru/lib\libcitro3d.a(base.o)
 *fill*         0x001701ab        0x1 
 .rodata        0x001701ac       0x10 c:/devkitPro/libctru/lib\libcitro3d.a(renderbuffer.o)
 .rodata        0x001701bc       0x1c c:/devkitPro/libctru/lib\libctru.a(gfx.o)
 .rodata        0x001701d8      0x168 c:/devkitPro/libctru/lib\libctru.a(console.o)
 .rodata        0x00170340        0xc c:/devkitPro/libctru/lib\libctru.a(apt.o)
 .rodata        0x0017034c      0x804 c:/devkitPro/libctru/lib\libctru.a(default_font.bin.o)
                0x0017034c                default_font_bin
                0x00170b4c                default_font_bin_size
                0x00170b4c                default_font_bin_end
 .rodata        0x00170b50       0x3c c:/devkitPro/libctru/lib\libctru.a(sdmc_dev.o)
 *(.roda)
 *(.rodata.*)
 .rodata.str1.4
                0x00170b8c       0x61 main.o
 *fill*         0x00170bed        0x3 
 .rodata.str1.4
                0x00170bf0       0x25 c:/devkitPro/libctru/lib\libsf2d.a(sf2d.o)
 *fill*         0x00170c15        0x3 
 .rodata.str1.4
                0x00170c18       0x70 c:/devkitPro/libctru/lib\libctru.a(console.o)
 .rodata.str1.4
                0x00170c88        0x9 c:/devkitPro/libctru/lib\libctru.a(ptmsysm.o)
 *fill*         0x00170c91        0x3 
 .rodata.str1.4
                0x00170c94       0x15 c:/devkitPro/libctru/lib\libctru.a(hid.o)
 *fill*         0x00170ca9        0x3 
 .rodata.str1.4
                0x00170cac       0x16 c:/devkitPro/libctru/lib\libctru.a(apt.o)
 *fill*         0x00170cc2        0x2 
 .rodata.str1.4
                0x00170cc4        0x9 c:/devkitPro/libctru/lib\libctru.a(gspgpu.o)
 *fill*         0x00170ccd        0x3 
 .rodata.str1.4
                0x00170cd0        0x7 c:/devkitPro/libctru/lib\libctru.a(irrst.o)
 *fill*         0x00170cd7        0x1 
 .rodata.str1.4
                0x00170cd8        0x5 c:/devkitPro/libctru/lib\libctru.a(srv.o)
 *fill*         0x00170cdd        0x3 
 .rodata.str1.4
                0x00170ce0        0xd c:/devkitPro/libctru/lib\libctru.a(sdmc_dev.o)
                                 0x11 (size before relaxing)
 *fill*         0x00170ced        0x3 
 .rodata.str1.4
                0x00170cf0        0x8 c:/devkitPro/libctru/lib\libctru.a(fs.o)
                                  0x9 (size before relaxing)
 .rodata.__ssvfscanf_r.str1.4
                0x00170cf8        0x5 c:/devkitpro/devkitarm/bin/../lib/gcc/arm-none-eabi/6.3.0/../../../../arm-none-eabi/lib/armv6k/fpu\libg.a(lib_a-svfscanf.o)
 *fill*         0x00170cfd        0x3 
 .rodata.basefix.8441
                0x00170d00       0x22 c:/devkitpro/devkitarm/bin/../lib/gcc/arm-none-eabi/6.3.0/../../../../arm-none-eabi/lib/armv6k/fpu\libg.a(lib_a-svfscanf.o)
 *fill*         0x00170d22        0x2 
 .rodata._vfprintf_r.str1.4
                0x00170d24       0x42 c:/devkitpro/devkitarm/bin/../lib/gcc/arm-none-eabi/6.3.0/../../../../arm-none-eabi/lib/armv6k/fpu\libg.a(lib_a-vfprintf.o)
 *fill*         0x00170d66        0x2 
 .rodata.blanks.8415
                0x00170d68       0x10 c:/devkitpro/devkitarm/bin/../lib/gcc/arm-none-eabi/6.3.0/../../../../arm-none-eabi/lib/armv6k/fpu\libg.a(lib_a-vfprintf.o)
 .rodata.zeroes.8416
                0x00170d78       0x10 c:/devkitpro/devkitarm/bin/../lib/gcc/arm-none-eabi/6.3.0/../../../../arm-none-eabi/lib/armv6k/fpu\libg.a(lib_a-vfprintf.o)
 .rodata._dtoa_r.str1.4
                0x00170d88       0x10 c:/devkitpro/devkitarm/bin/../lib/gcc/arm-none-eabi/6.3.0/../../../../arm-none-eabi/lib/armv6k/fpu\libg.a(lib_a-dtoa.o)
                                 0x12 (size before relaxing)
 .rodata._jp2uc.str1.4
                0x00170d98       0x12 c:/devkitpro/devkitarm/bin/../lib/gcc/arm-none-eabi/6.3.0/../../../../arm-none-eabi/lib/armv6k/fpu\libg.a(lib_a-jp2uc.o)
 *fill*         0x00170daa        0x2 
 .rodata.a1     0x00170dac       0xbc c:/devkitpro/devkitarm/bin/../lib/gcc/arm-none-eabi/6.3.0/../../../../arm-none-eabi/lib/armv6k/fpu\libg.a(lib_a-jp2uc.o)
 .rodata.a2     0x00170e68       0xbc c:/devkitpro/devkitarm/bin/../lib/gcc/arm-none-eabi/6.3.0/../../../../arm-none-eabi/lib/armv6k/fpu\libg.a(lib_a-jp2uc.o)
 .rodata.a3     0x00170f24       0x5b c:/devkitpro/devkitarm/bin/../lib/gcc/arm-none-eabi/6.3.0/../../../../arm-none-eabi/lib/armv6k/fpu\libg.a(lib_a-jp2uc.o)
 *fill*         0x00170f7f        0x1 
 .rodata.a6     0x00170f80       0x70 c:/devkitpro/devkitarm/bin/../lib/gcc/arm-none-eabi/6.3.0/../../../../arm-none-eabi/lib/armv6k/fpu\libg.a(lib_a-jp2uc.o)
 .rodata.a7     0x00170ff0       0xa2 c:/devkitpro/devkitarm/bin/../lib/gcc/arm-none-eabi/6.3.0/../../../../arm-none-eabi/lib/armv6k/fpu\libg.a(lib_a-jp2uc.o)
 *fill*         0x00171092        0x2 
 .rodata.a8     0x00171094       0x40 c:/devkitpro/devkitarm/bin/../lib/gcc/arm-none-eabi/6.3.0/../../../../arm-none-eabi/lib/armv6k/fpu\libg.a(lib_a-jp2uc.o)
 .rodata.b02cf  0x001710d4     0x172a c:/devkitpro/devkitarm/bin/../lib/gcc/arm-none-eabi/6.3.0/../../../../arm-none-eabi/lib/armv6k/fpu\libg.a(lib_a-jp2uc.o)
 *fill*         0x001727fe        0x2 
 .rodata.d02f4  0x00172800     0x1a7c c:/devkitpro/devkitarm/bin/../lib/gcc/arm-none-eabi/6.3.0/../../../../arm-none-eabi/lib/armv6k/fpu\libg.a(lib_a-jp2uc.o)
 .rodata.str1.4
                0x0017427c       0x48 c:/devkitpro/devkitarm/bin/../lib/gcc/arm-none-eabi/6.3.0/../../../../arm-none-eabi/lib/armv6k/fpu\libg.a(lib_a-locale.o)
                                 0x4c (size before relaxing)
 .rodata._mbrtowc_r.str1.4
                0x001742c4        0x1 c:/devkitpro/devkitarm/bin/../lib/gcc/arm-none-eabi/6.3.0/../../../../arm-none-eabi/lib/armv6k/fpu\libg.a(lib_a-mbrtowc.o)
 *fill*         0x001742c4        0x4 
 .rodata.__mprec_bigtens