Archive member included to satisfy reference by file (symbol)

c:/devkitPro/libctru/lib\libctru.a(gfx.o)
                              main.o (gfxSetDoubleBuffering)
c:/devkitPro/libctru/lib\libctru.a(console.o)
                              main.o (consoleInit)
c:/devkitPro/libctru/lib\libctru.a(gx.o)
                              c:/devkitPro/libctru/lib\libctru.a(gfx.o) (gxCmdBuf)
c:/devkitPro/libctru/lib\libctru.a(hid.o)
                              main.o (hidScanInput)
c:/devkitPro/libctru/lib\libctru.a(apt.o)
                              main.o (aptMainLoop)
c:/devkitPro/libctru/lib\libctru.a(gspgpu.o)
                              c:/devkitPro/libctru/lib\libctru.a(gfx.o) (gspInit)
c:/devkitPro/libctru/lib\libctru.a(irrst.o)
                              c:/devkitPro/libctru/lib\libctru.a(hid.o) (irrstScanInput)
c:/devkitPro/libctru/lib\libctru.a(initArgv.o)
                              c:/devkitpro/devkitarm/bin/../lib/gcc/arm-none-eabi/6.3.0/../../../../arm-none-eabi/lib/armv6k/fpu/3dsx_crt0.o (__system_argc)
c:/devkitPro/libctru/lib\libctru.a(initSystem.o)
                              c:/devkitPro/libctru/lib\libctru.a(apt.o) (__system_retAddr)
c:/devkitPro/libctru/lib\libctru.a(svc.o)
                              c:/devkitPro/libctru/lib\libctru.a(apt.o) (svcExitProcess)
c:/devkitPro/libctru/lib\libctru.a(stack_adjust.o)
                              c:/devkitpro/devkitarm/bin/../lib/gcc/arm-none-eabi/6.3.0/../../../../arm-none-eabi/lib/armv6k/fpu/3dsx_crt0.o (initSystem)
c:/devkitPro/libctru/lib\libctru.a(default_font.bin.o)
                              c:/devkitPro/libctru/lib\libctru.a(console.o) (default_font_bin)
c:/devkitPro/libctru/lib\libctru.a(linear.o)
                              c:/devkitPro/libctru/lib\libctru.a(gfx.o) (linearAlloc)
c:/devkitPro/libctru/lib\libctru.a(mappable.o)
                              c:/devkitPro/libctru/lib\libctru.a(gfx.o) (mappableAlloc)
c:/devkitPro/libctru/lib\libctru.a(vram.o)
                              c:/devkitPro/libctru/lib\libctru.a(gfx.o) (vramAlloc)
c:/devkitPro/libctru/lib\libctru.a(thread.o)
                              c:/devkitPro/libctru/lib\libctru.a(apt.o) (threadCreate)
c:/devkitPro/libctru/lib\libctru.a(srv.o)
                              c:/devkitPro/libctru/lib\libctru.a(apt.o) (srvInit)
c:/devkitPro/libctru/lib\libctru.a(os.o)
                              c:/devkitPro/libctru/lib\libctru.a(apt.o) (__ctru_speedup_config)
c:/devkitPro/libctru/lib\libctru.a(env.o)
                              c:/devkitPro/libctru/lib\libctru.a(irrst.o) (envGetHandle)
c:/devkitPro/libctru/lib\libctru.a(synchronization.o)
                              c:/devkitPro/libctru/lib\libctru.a(initSystem.o) (__sync_init)
c:/devkitPro/libctru/lib\libctru.a(ptmsysm.o)
                              c:/devkitPro/libctru/lib\libctru.a(os.o) (ptmSysmInit)
c:/devkitPro/libctru/lib\libctru.a(rbtree_find.o)
                              c:/devkitPro/libctru/lib\libctru.a(linear.o) (rbtree_find)
c:/devkitPro/libctru/lib\libctru.a(rbtree_remove.o)
                              c:/devkitPro/libctru/lib\libctru.a(linear.o) (rbtree_remove)
c:/devkitPro/libctru/lib\libctru.a(rbtree_iterator.o)
                              c:/devkitPro/libctru/lib\libctru.a(rbtree_remove.o) (rbtree_node_next)
c:/devkitPro/libctru/lib\libctru.a(rbtree_rotate.o)
                              c:/devkitPro/libctru/lib\libctru.a(rbtree_remove.o) (rbtree_rotate)
c:/devkitPro/libctru/lib\libctru.a(rbtree_insert.o)
                              c:/devkitPro/libctru/lib\libctru.a(linear.o) (rbtree_insert)
c:/devkitPro/libctru/lib\libctru.a(rbtree_init.o)
                              c:/devkitPro/libctru/lib\libctru.a(linear.o) (rbtree_init)
c:/devkitPro/libctru/lib\libctru.a(ctru_exit.o)
                              c:/devkitPro/libctru/lib\libctru.a(stack_adjust.o) (__libctru_exit)
c:/devkitPro/libctru/lib\libctru.a(appExit.o)
                              c:/devkitPro/libctru/lib\libctru.a(stack_adjust.o) (__appExit)
c:/devkitPro/libctru/lib\libctru.a(allocateHeaps.o)
                              c:/devkitPro/libctru/lib\libctru.a(initSystem.o) (__system_allocateHeaps)
c:/devkitPro/libctru/lib\libctru.a(syscalls.o)
                              c:/devkitPro/libctru/lib\libctru.a(initSystem.o) (__system_initSyscalls)
c:/devkitPro/libctru/lib\libctru.a(appInit.o)
                              c:/devkitPro/libctru/lib\libctru.a(stack_adjust.o) (__appInit)
c:/devkitPro/libctru/lib\libctru.a(mem_pool.o)
                              c:/devkitPro/libctru/lib\libctru.a(linear.o) (MemPool::Allocate(MemChunk&, unsigned long, int))
c:/devkitPro/libctru/lib\libctru.a(sdmc_dev.o)
                              c:/devkitPro/libctru/lib\libctru.a(appInit.o) (sdmcInit)
c:/devkitPro/libctru/lib\libctru.a(fs.o)
                              c:/devkitPro/libctru/lib\libctru.a(appInit.o) (fsInit)
c:/devkitPro/libctru/lib\libctru.a(utf8_to_utf16.o)
[...]
Memory Configuration

Name             Origin             Length             Attributes
*default*        0x00000000         0xffffffff

Linker script and memory map

                0x00100000                PROVIDE (__start__, 0x100000)
                0x00100000                . = __start__

.text           0x00100000    0x1f71c
 *(.crt0)
 .crt0          0x00100000       0x94 c:/devkitpro/devkitarm/bin/../lib/gcc/arm-none-eabi/6.3.0/../../../../arm-none-eabi/lib/armv6k/fpu/3dsx_crt0.o
                0x00100000                _start
                0x00100008                __service_ptr
                0x0010000c                __apt_appid
                0x00100010                __heap_size
                0x00100014                __linear_heap_size
                0x00100018                __system_arglist
                0x0010001c                __system_runflags
 *(.init)
 .init          0x00100094        0xc c:/devkitpro/devkitarm/bin/../lib/gcc/arm-none-eabi/6.3.0/armv6k/fpu/crti.o
                0x00100094                _init
 .init          0x001000a0        0xc c:/devkitpro/devkitarm/bin/../lib/gcc/arm-none-eabi/6.3.0/armv6k/fpu/crtn.o
                0x001000ac                . = ALIGN (0x4)
 *(.text)
 .text          0x001000ac       0x64 c:/devkitPro/libctru/lib\libctru.a(stack_adjust.o)
                0x001000ac                initSystem
                0x001000f0                __ctru_exit
 .text          0x00100110      0x240 c:/devkitpro/devkitarm/bin/../lib/gcc/arm-none-eabi/6.3.0/armv6k/fpu\libgcc.a(_divsi3.o)
                0x00100110                __divsi3
                0x00100110                __aeabi_idiv
                0x00100330                __aeabi_idivmod
 .text          0x00100350        0x4 c:/devkitpro/devkitarm/bin/../lib/gcc/arm-none-eabi/6.3.0/armv6k/fpu\libgcc.a(_dvmd_tls.o)
                0x00100350                __aeabi_idiv0
                0x00100350                __aeabi_ldiv0
 .text          0x00100354       0x3c c:/devkitpro/devkitarm/bin/../lib/gcc/arm-none-eabi/6.3.0/armv6k/fpu\libgcc.a(_aeabi_uldivmod.o)
                0x00100354                __aeabi_uldivmod
 *fill*         0x00100390       0x10 
 .text          0x001003a0      0x390 c:/devkitpro/devkitarm/bin/../lib/gcc/arm-none-eabi/6.3.0/../../../../arm-none-eabi/lib/armv6k/fpu\libg.a(lib_a-strcmp.o)
                0x001003a8                strcmp
 .text          0x00100730      0x20c c:/devkitpro/devkitarm/bin/../lib/gcc/arm-none-eabi/6.3.0/armv6k/fpu\libgcc.a(_udivsi3.o)
                0x00100730                __aeabi_uidiv
                0x00100730                __udivsi3
                0x0010091c                __aeabi_uidivmod
 *(.text.*)
 .text.deregister_tm_clones
                0x0010093c       0x30 c:/devkitpro/devkitarm/bin/../lib/gcc/arm-none-eabi/6.3.0/armv6k/fpu/crtbegin.o
 .text.register_tm_clones
                0x0010096c       0x38 c:/devkitpro/devkitarm/bin/../lib/gcc/arm-none-eabi/6.3.0/armv6k/fpu/crtbegin.o
 .text.__do_global_dtors_aux
                0x001009a4       0x44 c:/devkitpro/devkitarm/bin/../lib/gcc/arm-none-eabi/6.3.0/armv6k/fpu/crtbegin.o
 .text.frame_dummy
                0x001009e8       0x5c c:/devkitpro/devkitarm/bin/../lib/gcc/arm-none-eabi/6.3.0/armv6k/fpu/crtbegin.o
 .text.startup.main
                0x00100a44      0x1f0 main.o
                0x00100a44                main
 .text.gfxSetFramebufferInfo.part.0
                0x00100c34       0x8c c:/devkitPro/libctru/lib\libctru.a(gfx.o)
 .text.__get_bytes_per_pixel
                0x00100cc0       0x18 c:/devkitPro/libctru/lib\libctru.a(gfx.o)
                0x00100cc0                __get_bytes_per_pixel
 .text.gfxSetScreenFormat
                0x00100cd8      0x174 c:/devkitPro/libctru/lib\libctru.a(gfx.o)
                0x00100cd8                gfxSetScreenFormat
 .text.gfxSetDoubleBuffering
                0x00100e4c       0x14 c:/devkitPro/libctru/lib\libctru.a(gfx.o)
                0x00100e4c                gfxSetDoubleBuffering
 .text.gfxSetFramebufferInfo
                0x00100e60       0x70 c:/devkitPro/libctru/lib\libctru.a(gfx.o)
                0x00100e60                gfxSetFramebufferInfo
 .text.gfxWriteFramebufferInfo
                0x00100ed0       0x88 c:/devkitPro/libctru/lib\libctru.a(gfx.o)
                0x00100ed0                gfxWriteFramebufferInfo
 .text.gfxInit  0x00100f58      0x1fc c:/devkitPro/libctru/lib\libctru.a(gfx.o)
                0x00100f58                gfxInit
 .text.gfxInitDefault
                0x00101154       0x10 c:/devkitPro/libctru/lib\libctru.a(gfx.o)
                0x00101154                gfxInitDefault
 .text.gfxExit  0x00101164       0xe0 c:/devkitPro/libctru/lib\libctru.a(gfx.o)
                0x00101164                gfxExit
 .text.gfxGetFramebuffer
                0x00101244       0xb0 c:/devkitPro/libctru/lib\libctru.a(gfx.o)
                0x00101244                gfxGetFramebuffer
 .text.gfxFlushBuffers
                0x001012f4       0xc8 c:/devkitPro/libctru/lib\libctru.a(gfx.o)
                0x001012f4                gfxFlushBuffers
 .text.gfxConfigScreen
                0x001013bc       0x70 c:/devkitPro/libctru/lib\libctru.a(gfx.o)
                0x001013bc                gfxConfigScreen
 .text.gfxSwapBuffers
                0x0010142c       0x20 c:/devkitPro/libctru/lib\libctru.a(gfx.o)
                0x0010142c                gfxSwapBuffers
 .text.gfxSwapBuffersGpu
                0x0010144c       0x20 c:/devkitPro/libctru/lib\libctru.a(gfx.o)
                0x0010144c                gfxSwapBuffersGpu
 .text.debug_write
                0x0010146c       0x1c c:/devkitPro/libctru/lib\libctru.a(console.o)
                0x0010146c                debug_write
 .text.consoleDrawChar
                0x00101488      0x1b0 c:/devkitPro/libctru/lib\libctru.a(console.o)
                0x00101488                consoleDrawChar
 .text.consolePrintChar
                0x00101638      0x124 c:/devkitPro/libctru/lib\libctru.a(console.o)
                0x00101638                consolePrintChar
 .text.consoleCls
                0x0010175c      0x190 c:/devkitPro/libctru/lib\libctru.a(console.o)
 .text.consoleInit
                0x001018ec       0xf8 c:/devkitPro/libctru/lib\libctru.a(console.o)
                0x001018ec                consoleInit
 .text.consoleClearLine
                0x001019e4      0x144 c:/devkitPro/libctru/lib\libctru.a(console.o)
 .text.newRow   0x00101b28       0xbc c:/devkitPro/libctru/lib\libctru.a(console.o)
 .text.con_write
                0x00101be4      0x79c c:/devkitPro/libctru/lib\libctru.a(console.o)
                0x00101be4                con_write
 .text.hidExit  0x00102380       0xd0 c:/devkitPro/libctru/lib\libctru.a(hid.o)
                0x00102380                hidExit
 .text.hidScanInput
                0x00102450      0x234 c:/devkitPro/libctru/lib\libctru.a(hid.o)
                0x00102450                hidScanInput
 .text.hidKeysDown
                0x00102684       0x10 c:/devkitPro/libctru/lib\libctru.a(hid.o)
                0x00102684                hidKeysDown
 .text.HIDUSER_GetHandles
                0x00102694       0x90 c:/devkitPro/libctru/lib\libctru.a(hid.o)
                0x00102694                HIDUSER_GetHandles
 .text.hidInit  0x00102724      0x18c c:/devkitPro/libctru/lib\libctru.a(hid.o)
                0x00102724                hidInit
 .text._aptDebug
                0x001028b0        0x4 c:/devkitPro/libctru/lib\libctru.a(apt.o)
                0x001028b0                _aptDebug
 .text.aptSendCommand
                0x001028b4      0x130 c:/devkitPro/libctru/lib\libctru.a(apt.o)
                0x001028b4                aptSendCommand
 .text.aptExitProcess
                0x001029e4       0x3c c:/devkitPro/libctru/lib\libctru.a(apt.o)
 .text.APT_InquireNotification
                0x00102a20       0x4c c:/devkitPro/libctru/lib\libctru.a(apt.o)
                0x00102a20                APT_InquireNotification
 .text.aptEventHandler
                0x00102a6c      0x19c c:/devkitPro/libctru/lib\libctru.a(apt.o)
 .text.APT_AppletUtility
                0x00102c08       0x74 c:/devkitPro/libctru/lib\libctru.a(apt.o)
                0x00102c08                APT_AppletUtility
 .text.aptSetSleepAllowed
                0x00102c7c       0xb4 c:/devkitPro/libctru/lib\libctru.a(apt.o)
                0x00102c7c                aptSetSleepAllowed
 .text.APT_GlanceParameter
                0x00102d30       0xb4 c:/devkitPro/libctru/lib\libctru.a(apt.o)
                0x00102d30                APT_GlanceParameter
 .text.APT_ReceiveParameter
                0x00102de4       0xc0 c:/devkitPro/libctru/lib\libctru.a(apt.o)
                0x00102de4                APT_ReceiveParameter
 .text.aptReceiveParameter.constprop.1
                0x00102ea4       0xa8 c:/devkitPro/libctru/lib\libctru.a(apt.o)
 *fill*         0x00102f4c        0x4 
 .text.aptScreenTransfer
                0x00102f50      0x1ec c:/devkitPro/libctru/lib\libctru.a(apt.o)
 .text.aptWaitForWakeUp
                0x0010313c      0x228 c:/devkitPro/libctru/lib\libctru.a(apt.o)
 .text.APT_CancelParameter
                0x00103364       0x70 c:/devkitPro/libctru/lib\libctru.a(apt.o)
                0x00103364                APT_CancelParameter
 .text.aptInit  0x001033d4      0x230 c:/devkitPro/libctru/lib\libctru.a(apt.o)
                0x001033d4                aptInit
 .text.aptClearParamQueue
                0x00103604       0x8c c:/devkitPro/libctru/lib\libctru.a(apt.o)
 .text.aptMainLoop
                0x00103690      0x214 c:/devkitPro/libctru/lib\libctru.a(apt.o)
                0x00103690                aptMainLoop
 .text.aptExit  0x001038a4      0x148 c:/devkitPro/libctru/lib\libctru.a(apt.o)
                0x001038a4                aptExit
 .text.APT_CheckNew3DS
                0x001039ec       0x70 c:/devkitPro/libctru/lib\libctru.a(apt.o)
                0x001039ec                APT_CheckNew3DS
 .text.gspEventThreadMain
                0x00103a5c      0x160 c:/devkitPro/libctru/lib\libctru.a(gspgpu.o)
 .text.gspInit  0x00103bbc       0x74 c:/devkitPro/libctru/lib\libctru.a(gspgpu.o)
                0x00103bbc                gspInit
 .text.gspExit  0x00103c30       0x3c c:/devkitPro/libctru/lib\libctru.a(gspgpu.o)
                0x00103c30                gspExit
 .text.gspInitEventHandler
                0x00103c6c       0x88 c:/devkitPro/libctru/lib\libctru.a(gspgpu.o)
                0x00103c6c                gspInitEventHandler
 .text.gspExitEventHandler
                0x00103cf4       0x30 c:/devkitPro/libctru/lib\libctru.a(gspgpu.o)
                0x00103cf4                gspExitEventHandler
 .text.gspWaitForEvent
                0x00103d24       0x44 c:/devkitPro/libctru/lib\libctru.a(gspgpu.o)
                0x00103d24                gspWaitForEvent
 .text.GSPGPU_SetBufferSwap
                0x00103d68       0x6c c:/devkitPro/libctru/lib\libctru.a(gspgpu.o)
                0x00103d68                GSPGPU_SetBufferSwap
 .text.GSPGPU_FlushDataCache
                0x00103dd4       0x4c c:/devkitPro/libctru/lib\libctru.a(gspgpu.o)
                0x00103dd4                GSPGPU_FlushDataCache
 .text.GSPGPU_SetLcdForceBlack
                0x00103e20       0x34 c:/devkitPro/libctru/lib\libctru.a(gspgpu.o)
                0x00103e20                GSPGPU_SetLcdForceBlack
 .text.GSPGPU_RegisterInterruptRelayQueue
                0x00103e54       0x64 c:/devkitPro/libctru/lib\libctru.a(gspgpu.o)
                0x00103e54                GSPGPU_RegisterInterruptRelayQueue
 .text.GSPGPU_UnregisterInterruptRelayQueue
                0x00103eb8       0x2c c:/devkitPro/libctru/lib\libctru.a(gspgpu.o)
                0x00103eb8                GSPGPU_UnregisterInterruptRelayQueue
 .text.GSPGPU_AcquireRight
                0x00103ee4       0x48 c:/devkitPro/libctru/lib\libctru.a(gspgpu.o)
                0x00103ee4                GSPGPU_AcquireRight
 .text.GSPGPU_ReleaseRight
                0x00103f2c       0x2c c:/devkitPro/libctru/lib\libctru.a(gspgpu.o)
                0x00103f2c                GSPGPU_ReleaseRight
 .text.GSPGPU_ImportDisplayCaptureInfo
                0x00103f58       0x80 c:/devkitPro/libctru/lib\libctru.a(gspgpu.o)
                0x00103f58                GSPGPU_ImportDisplayCaptureInfo
 .text.GSPGPU_SaveVramSysArea
                0x00103fd8       0x2c c:/devkitPro/libctru/lib\libctru.a(gspgpu.o)
                0x00103fd8                GSPGPU_SaveVramSysArea
 .text.GSPGPU_RestoreVramSysArea
                0x00104004       0x2c c:/devkitPro/libctru/lib\libctru.a(gspgpu.o)
                0x00104004                GSPGPU_RestoreVramSysArea
 .text.irrstScanInput
                0x00104030       0xb0 c:/devkitPro/libctru/lib\libctru.a(irrst.o)
                0x00104030                irrstScanInput
 .text.irrstKeysHeld
                0x001040e0       0x1c c:/devkitPro/libctru/lib\libctru.a(irrst.o)
                0x001040e0                irrstKeysHeld
 .text.IRRST_GetHandles
                0x001040fc       0x50 c:/devkitPro/libctru/lib\libctru.a(irrst.o)
                0x001040fc                IRRST_GetHandles
 .text.irrstInit
                0x0010414c      0x150 c:/devkitPro/libctru/lib\libctru.a(irrst.o)
                0x0010414c                irrstInit
 .text.IRRST_Shutdown
                0x0010429c       0x2c c:/devkitPro/libctru/lib\libctru.a(irrst.o)
                0x0010429c                IRRST_Shutdown
 .text.irrstExit
                0x001042c8       0xac c:/devkitPro/libctru/lib\libctru.a(irrst.o)
                0x001042c8                irrstExit
 .text.__system_initArgv
                0x00104374       0xe8 c:/devkitPro/libctru/lib\libctru.a(initArgv.o)
                0x00104374                __system_initArgv
 .text.__libctru_init
                0x0010445c       0x38 c:/devkitPro/libctru/lib\libctru.a(initSystem.o)
                0x0010445c                __libctru_init
 .text.svcControlMemory
                0x00104494       0x20 c:/devkitPro/libctru/lib\libctru.a(svc.o)
                0x00104494                svcControlMemory
 .text.svcExitProcess
                0x001044b4        0x8 c:/devkitPro/libctru/lib\libctru.a(svc.o)
                0x001044b4                svcExitProcess
 .text.svcCreateThread
                0x001044bc       0x20 c:/devkitPro/libctru/lib\libctru.a(svc.o)
                0x001044bc                svcCreateThread
 .text.svcExitThread
                0x001044dc        0x8 c:/devkitPro/libctru/lib\libctru.a(svc.o)
                0x001044dc                svcExitThread
 .text.svcSleepThread
                0x001044e4        0x8 c:/devkitPro/libctru/lib\libctru.a(svc.o)
                0x001044e4                svcSleepThread
 .text.svcReleaseMutex
                0x001044ec        0x8 c:/devkitPro/libctru/lib\libctru.a(svc.o)
                0x001044ec                svcReleaseMutex
 .text.svcCreateEvent
                0x001044f4       0x14 c:/devkitPro/libctru/lib\libctru.a(svc.o)
                0x001044f4                svcCreateEvent
 .text.svcSignalEvent
                0x00104508        0x8 c:/devkitPro/libctru/lib\libctru.a(svc.o)
                0x00104508                svcSignalEvent
 .text.svcClearEvent
                0x00104510        0x8 c:/devkitPro/libctru/lib\libctru.a(svc.o)
                0x00104510                svcClearEvent
 .text.svcMapMemoryBlock
                0x00104518        0x8 c:/devkitPro/libctru/lib\libctru.a(svc.o)
                0x00104518                svcMapMemoryBlock
 .text.svcUnmapMemoryBlock
                0x00104520        0x8 c:/devkitPro/libctru/lib\libctru.a(svc.o)
                0x00104520                svcUnmapMemoryBlock
 .text.svcCreateAddressArbiter
                0x00104528       0x14 c:/devkitPro/libctru/lib\libctru.a(svc.o)
                0x00104528                svcCreateAddressArbiter
 .text.svcArbitrateAddress
                0x0010453c       0x18 c:/devkitPro/libctru/lib\libctru.a(svc.o)
                0x0010453c                svcArbitrateAddress
 .text.svcCloseHandle
                0x00104554        0x8 c:/devkitPro/libctru/lib\libctru.a(svc.o)
                0x00104554                svcCloseHandle
 .text.svcWaitSynchronization
                0x0010455c        0x8 c:/devkitPro/libctru/lib\libctru.a(svc.o)
                0x0010455c                svcWaitSynchronization
 .text.svcWaitSynchronizationN
                0x00104564       0x28 c:/devkitPro/libctru/lib\libctru.a(svc.o)
                0x00104564                svcWaitSynchronizationN
 .text.svcDuplicateHandle
                0x0010458c       0x14 c:/devkitPro/libctru/lib\libctru.a(svc.o)
                0x0010458c                svcDuplicateHandle
 .text.svcGetSystemTick
                0x001045a0        0x8 c:/devkitPro/libctru/lib\libctru.a(svc.o)
                0x001045a0                svcGetSystemTick
 .text.svcGetSystemInfo
                0x001045a8       0x18 c:/devkitPro/libctru/lib\libctru.a(svc.o)
                0x001045a8                svcGetSystemInfo
 .text.svcConnectToPort
                0x001045c0       0x14 c:/devkitPro/libctru/lib\libctru.a(svc.o)
                0x001045c0                svcConnectToPort
 .text.svcSendSyncRequest
                0x001045d4        0x8 c:/devkitPro/libctru/lib\libctru.a(svc.o)
                0x001045d4                svcSendSyncRequest
 .text.svcBreak
                0x001045dc        0x8 c:/devkitPro/libctru/lib\libctru.a(svc.o)
                0x001045dc                svcBreak
 .text.svcOutputDebugString
                0x001045e4        0x8 c:/devkitPro/libctru/lib\libctru.a(svc.o)
                0x001045e4                svcOutputDebugString
 .text._ZL21addrMapNodeComparatorPK11rbtree_nodeS1_
                0x001045ec       0x24 c:/devkitPro/libctru/lib\libctru.a(linear.o)
 .text._ZL21addrMapNodeDestructorP11rbtree_node
                0x00104610        0x4 c:/devkitPro/libctru/lib\libctru.a(linear.o)
 .text.linearMemAlign
                0x00104614      0x13c c:/devkitPro/libctru/lib\libctru.a(linear.o)
                0x00104614                linearMemAlign
 .text.linearAlloc
                0x00104750        0x8 c:/devkitPro/libctru/lib\libctru.a(linear.o)
                0x00104750                linearAlloc
 .text.linearFree
                0x00104758       0x50 c:/devkitPro/libctru/lib\libctru.a(linear.o)
                0x00104758                linearFree
 .text._ZL21addrMapNodeComparatorPK11rbtree_nodeS1_
                0x001047a8       0x24 c:/devkitPro/libctru/lib\libctru.a(mappable.o)
 .text._ZL21addrMapNodeDestructorP11rbtree_node
                0x001047cc        0x4 c:/devkitPro/libctru/lib\libctru.a(mappable.o)
 .text.mappableAlloc
                0x001047d0       0xf4 c:/devkitPro/libctru/lib\libctru.a(mappable.o)
                0x001047d0                mappableAlloc
 .text.mappableFree
                0x001048c4       0x50 c:/devkitPro/libctru/lib\libctru.a(mappable.o)
                0x001048c4                mappableFree
 .text._ZL21addrMapNodeComparatorPK11rbtree_nodeS1_
                0x00104914       0x24 c:/devkitPro/libctru/lib\libctru.a(vram.o)
 .text._ZL21addrMapNodeDestructorP11rbtree_node
                0x00104938        0x4 c:/devkitPro/libctru/lib\libctru.a(vram.o)
 .text.vramMemAlign
                0x0010493c      0x12c c:/devkitPro/libctru/lib\libctru.a(vram.o)
                0x0010493c                vramMemAlign
 .text.vramAlloc
                0x00104a68        0x8 c:/devkitPro/libctru/lib\libctru.a(vram.o)
                0x00104a68                vramAlloc
 .text.vramFree
                0x00104a70       0x50 c:/devkitPro/libctru/lib\libctru.a(vram.o)
                0x00104a70                vramFree
 .text.threadCreate
                0x00104ac0      0x1bc c:/devkitPro/libctru/lib\libctru.a(thread.o)
                0x00104ac0                threadCreate
 .text.threadJoin
                0x00104c7c       0x24 c:/devkitPro/libctru/lib\libctru.a(thread.o)
                0x00104c7c                threadJoin
 .text.threadExit
                0x00104ca0       0x70 c:/devkitPro/libctru/lib\libctru.a(thread.o)
                0x00104ca0                threadExit
 .text._thread_begin
                0x00104d10       0x40 c:/devkitPro/libctru/lib\libctru.a(thread.o)
 .text.srvExit  0x00104d50       0x50 c:/devkitPro/libctru/lib\libctru.a(srv.o)
                0x00104d50                srvExit
 .text.srvRegisterClient
                0x00104da0       0x38 c:/devkitPro/libctru/lib\libctru.a(srv.o)
                0x00104da0                srvRegisterClient
 .text.srvInit  0x00104dd8       0x78 c:/devkitPro/libctru/lib\libctru.a(srv.o)
                0x00104dd8                srvInit
 .text.srvGetServiceHandleDirect
                0x00104e50       0x68 c:/devkitPro/libctru/lib\libctru.a(srv.o)
                0x00104e50                srvGetServiceHandleDirect
 .text.srvGetServiceHandle
                0x00104eb8       0x38 c:/devkitPro/libctru/lib\libctru.a(srv.o)
                0x00104eb8                srvGetServiceHandle
 .text.getSysTime
                0x00104ef0       0x58 c:/devkitPro/libctru/lib\libctru.a(os.o)
 .text.osGetMemRegionUsed
                0x00104f48       0x24 c:/devkitPro/libctru/lib\libctru.a(os.o)
                0x00104f48                osGetMemRegionUsed
 *fill*         0x00104f6c        0x4 
 .text.__libctru_gtod
                0x00104f70       0xf4 c:/devkitPro/libctru/lib\libctru.a(os.o)
                0x00104f70                __libctru_gtod
 .text.__ctru_speedup_config
                0x00105064       0x34 c:/devkitPro/libctru/lib\libctru.a(os.o)
                0x00105064                __ctru_speedup_config
 .text.envGetHandle
                0x00105098       0x84 c:/devkitPro/libctru/lib\libctru.a(env.o)
                0x00105098                envGetHandle
 .text.envDestroyHandles
                0x0010511c       0x4c c:/devkitPro/libctru/lib\libctru.a(env.o)
                0x0010511c                envDestroyHandles
 .text.LightLock_Unlock.part.1
                0x00105168       0x34 c:/devkitPro/libctru/lib\libctru.a(synchronization.o)
 .text.__sync_init
                0x0010519c        0xc c:/devkitPro/libctru/lib\libctru.a(synchronization.o)
                0x0010519c                __sync_init
 .text.__sync_fini
                0x001051a8       0x18 c:/devkitPro/libctru/lib\libctru.a(synchronization.o)
                0x001051a8                __sync_fini
 .text.__sync_get_arbiter
                0x001051c0       0x10 c:/devkitPro/libctru/lib\libctru.a(synchronization.o)
                0x001051c0                __sync_get_arbiter
 .text.LightLock_Init
                0x001051d0       0x18 c:/devkitPro/libctru/lib\libctru.a(synchronization.o)
                0x001051d0                LightLock_Init
 .text.LightLock_Lock
                0x001051e8       0xa0 c:/devkitPro/libctru/lib\libctru.a(synchronization.o)
                0x001051e8                LightLock_Lock
 .text.LightLock_TryLock
                0x00105288       0x34 c:/devkitPro/libctru/lib\libctru.a(synchronization.o)
                0x00105288                LightLock_TryLock
 .text.LightLock_Unlock
                0x001052bc       0x20 c:/devkitPro/libctru/lib\libctru.a(synchronization.o)
                0x001052bc                LightLock_Unlock
 .text.RecursiveLock_Init
                0x001052dc       0x24 c:/devkitPro/libctru/lib\libctru.a(synchronization.o)
                0x001052dc                RecursiveLock_Init
 .text.RecursiveLock_Lock
                0x00105300       0x30 c:/devkitPro/libctru/lib\libctru.a(synchronization.o)
                0x00105300                RecursiveLock_Lock
 .text.RecursiveLock_TryLock
                0x00105330       0x58 c:/devkitPro/libctru/lib\libctru.a(synchronization.o)
                0x00105330                RecursiveLock_TryLock
 .text.RecursiveLock_Unlock
                0x00105388       0x38 c:/devkitPro/libctru/lib\libctru.a(synchronization.o)
                0x00105388                RecursiveLock_Unlock
 .text.LightEvent_Init
                0x001053c0       0x38 c:/devkitPro/libctru/lib\libctru.a(synchronization.o)
                0x001053c0                LightEvent_Init
 .text.LightEvent_Clear
                0x001053f8       0x7c c:/devkitPro/libctru/lib\libctru.a(synchronization.o)
                0x001053f8                LightEvent_Clear
 .text.LightEvent_Signal
                0x00105474       0xdc c:/devkitPro/libctru/lib\libctru.a(synchronization.o)
                0x00105474                LightEvent_Signal
 .text.LightEvent_Wait
                0x00105550       0xd0 c:/devkitPro/libctru/lib\libctru.a(synchronization.o)
                0x00105550                LightEvent_Wait
 .text.ptmSysmInit
                0x00105620       0x70 c:/devkitPro/libctru/lib\libctru.a(ptmsysm.o)
                0x00105620                ptmSysmInit
 .text.ptmSysmExit
                0x00105690       0x34 c:/devkitPro/libctru/lib\libctru.a(ptmsysm.o)
                0x00105690                ptmSysmExit
 .text.PTMSYSM_ConfigureNew3DSCPU
                0x001056c4       0x34 c:/devkitPro/libctru/lib\libctru.a(ptmsysm.o)
                0x001056c4                PTMSYSM_ConfigureNew3DSCPU
 .text.rbtree_find
                0x001056f8       0x70 c:/devkitPro/libctru/lib\libctru.a(rbtree_find.o)
                0x001056f8                rbtree_find
 .text.rbtree_remove
                0x00105768      0x324 c:/devkitPro/libctru/lib\libctru.a(rbtree_remove.o)
                0x00105768                rbtree_remove
 .text.rbtree_node_next
                0x00105a8c       0x74 c:/devkitPro/libctru/lib\libctru.a(rbtree_iterator.o)
                0x00105a8c                rbtree_node_next
 .text.rbtree_rotate
                0x00105b00       0x94 c:/devkitPro/libctru/lib\libctru.a(rbtree_rotate.o)
                0x00105b00                rbtree_rotate
 .text.do_insert
                0x00105b94      0x18c c:/devkitPro/libctru/lib\libctru.a(rbtree_insert.o)
 .text.rbtree_insert
                0x00105d20        0x8 c:/devkitPro/libctru/lib\libctru.a(rbtree_insert.o)
                0x00105d20                rbtree_insert
 .text.rbtree_init
                0x00105d28       0x14 c:/devkitPro/libctru/lib\libctru.a(rbtree_init.o)
                0x00105d28                rbtree_init
 .text.__libctru_exit
                0x00105d3c       0xa4 c:/devkitPro/libctru/lib\libctru.a(ctru_exit.o)
                0x00105d3c                __libctru_exit
 .text.__appExit
                0x00105de0       0x1c c:/devkitPro/libctru/lib\libctru.a(appExit.o)
                0x00105de0                __appExit
 .text.osGetMemRegionSize
                0x00105dfc       0x58 c:/devkitPro/libctru/lib\libctru.a(allocateHeaps.o)
 .text.__system_allocateHeaps
                0x00105e54      0x104 c:/devkitPro/libctru/lib\libctru.a(allocateHeaps.o)
                0x00105e54                __system_allocateHeaps
 .text.__ctru_get_reent
                0x00105f58       0x30 c:/devkitPro/libctru/lib\libctru.a(syscalls.o)
 .text.__system_initSyscalls
                0x00105f88       0xe4 c:/devkitPro/libctru/lib\libctru.a(syscalls.o)
                0x00105f88                __system_initSyscalls
 .text.__appInit
                0x0010606c       0x1c c:/devkitPro/libctru/lib\libctru.a(appInit.o)
                0x0010606c                __appInit
 .text._ZN7MemPool13CoalesceRightEP8MemBlock
                0x00106088       0x98 c:/devkitPro/libctru/lib\libctru.a(mem_pool.o)
                0x00106088                MemPool::CoalesceRight(MemBlock*)
 .text._ZN7MemPool8AllocateER8MemChunkmi
                0x00106120      0x178 c:/devkitPro/libctru/lib\libctru.a(mem_pool.o)
                0x00106120                MemPool::Allocate(MemChunk&, unsigned long, int)
 .text._ZN7MemPool10DeallocateERK8MemChunk
                0x00106298      0x100 c:/devkitPro/libctru/lib\libctru.a(mem_pool.o)
                0x00106298                MemPool::Deallocate(MemChunk const&)
 .text.sdmc_link
                0x00106398       0x10 c:/devkitPro/libctru/lib\libctru.a(sdmc_dev.o)
 .text.sdmc_dirreset
                0x001063a8       0x10 c:/devkitPro/libctru/lib\libctru.a(sdmc_dev.o)
 .text.sdmc_fchmod
                0x001063b8       0x10 c:/devkitPro/libctru/lib\libctru.a(sdmc_dev.o)
 .text.error_cmp
                0x001063c8       0x24 c:/devkitPro/libctru/lib\libctru.a(sdmc_dev.o)
 .text.sdmc_translate_error
                0x001063ec       0x50 c:/devkitPro/libctru/lib\libctru.a(sdmc_dev.o)
 .text.sdmc_fsync
                0x0010643c       0x34 c:/devkitPro/libctru/lib\libctru.a(sdmc_dev.o)
 .text.sdmc_ftruncate
                0x00106470       0x54 c:/devkitPro/libctru/lib\libctru.a(sdmc_dev.o)
 .text.sdmc_statvfs
                0x001064c4       0xb8 c:/devkitPro/libctru/lib\libctru.a(sdmc_dev.o)
 .text.sdmc_dirclose
                0x0010657c       0x38 c:/devkitPro/libctru/lib\libctru.a(sdmc_dev.o)
 .text.sdmc_dirnext
                0x001065b4      0x138 c:/devkitPro/libctru/lib\libctru.a(sdmc_dev.o)
 .text.sdmc_close
                0x001066ec       0x34 c:/devkitPro/libctru/lib\libctru.a(sdmc_dev.o)
 .text.sdmc_fstat
                0x00106720       0x74 c:/devkitPro/libctru/lib\libctru.a(sdmc_dev.o)
 .text.sdmc_seek
                0x00106794       0xd8 c:/devkitPro/libctru/lib\libctru.a(sdmc_dev.o)
 .text.sdmc_read
                0x0010686c       0x84 c:/devkitPro/libctru/lib\libctru.a(sdmc_dev.o)
 .text.sdmc_write
                0x001068f0       0xb8 c:/devkitPro/libctru/lib\libctru.a(sdmc_dev.o)
 .text.sdmc_utf16path
                0x001069a8      0x1b4 c:/devkitPro/libctru/lib\libctru.a(sdmc_dev.o)
 .text.sdmc_rmdir
                0x00106b5c       0x74 c:/devkitPro/libctru/lib\libctru.a(sdmc_dev.o)
 .text.sdmc_diropen
                0x00106bd0       0xa4 c:/devkitPro/libctru/lib\libctru.a(sdmc_dev.o)
 .text.sdmc_chdir
                0x00106c74       0xa0 c:/devkitPro/libctru/lib\libctru.a(sdmc_dev.o)
 .text.sdmc_mkdir
                0x00106d14       0x98 c:/devkitPro/libctru/lib\libctru.a(sdmc_dev.o)
 .text.sdmc_rename
                0x00106dac      0x108 c:/devkitPro/libctru/lib\libctru.a(sdmc_dev.o)
 .text.sdmc_unlink
                0x00106eb4       0x74 c:/devkitPro/libctru/lib\libctru.a(sdmc_dev.o)
 .text.sdmc_stat
                0x00106f28      0x108 c:/devkitPro/libctru/lib\libctru.a(sdmc_dev.o)
 .text.sdmc_open
                0x00107030      0x188 c:/devkitPro/libctru/lib\libctru.a(sdmc_dev.o)
 .text.sdmc_chmod
                0x001071b8       0x10 c:/devkitPro/libctru/lib\libctru.a(sdmc_dev.o)
 .text.sdmcInit
                0x001071c8      0x15c c:/devkitPro/libctru/lib\libctru.a(sdmc_dev.o)
                0x001071c8                sdmcInit
 .text.sdmcExit
                0x00107324       0x58 c:/devkitPro/libctru/lib\libctru.a(sdmc_dev.o)
                0x00107324                sdmcExit
 .text.fsSessionForArchive.part.0
                0x0010737c       0x28 c:/devkitPro/libctru/lib\libctru.a(fs.o)
 .text.fsInit   0x001073a4       0xc8 c:/devkitPro/libctru/lib\libctru.a(fs.o)
                0x001073a4                fsInit
 .text.fsExit   0x0010746c       0x38 c:/devkitPro/libctru/lib\libctru.a(fs.o)
                0x0010746c                fsExit
 .text.fsExemptFromSession
                0x001074a4       0xa0 c:/devkitPro/libctru/lib\libctru.a(fs.o)
                0x001074a4                fsExemptFromSession
 .text.fsUnexemptFromSession
                0x00107544       0x54 c:/devkitPro/libctru/lib\libctru.a(fs.o)
                0x00107544                fsUnexemptFromSession
 .text.FSUSER_OpenFile
                0x00107598       0xbc c:/devkitPro/libctru/lib\libctru.a(fs.o)
                0x00107598                FSUSER_OpenFile
 .text.FSUSER_DeleteFile
                0x00107654       0xa4 c:/devkitPro/libctru/lib\libctru.a(fs.o)
                0x00107654                FSUSER_DeleteFile
 .text.FSUSER_RenameFile
                0x001076f8       0xe0 c:/devkitPro/libctru/lib\libctru.a(fs.o)
                0x001076f8                FSUSER_RenameFile
 .text.FSUSER_DeleteDirectory
                0x001077d8       0xa4 c:/devkitPro/libctru/lib\libctru.a(fs.o)
                0x001077d8                FSUSER_DeleteDirectory
 .text.FSUSER_CreateFile
                0x0010787c       0xbc c:/devkitPro/libctru/lib\libctru.a(fs.o)
                0x0010787c                FSUSER_CreateFile
 .text.FSUSER_CreateDirectory
                0x00107938       0xac c:/devkitPro/libctru/lib\libctru.a(fs.o)
                0x00107938                FSUSER_CreateDirectory
 .text.FSUSER_RenameDirectory
                0x001079e4       0xe0 c:/devkitPro/libctru/lib\libctru.a(fs.o)
                0x001079e4                FSUSER_RenameDirectory
 .text.FSUSER_OpenDirectory
                0x00107ac4       0xa4 c:/devkitPro/libctru/lib\libctru.a(fs.o)
                0x00107ac4                FSUSER_OpenDirectory
 .text.FSUSER_OpenArchive
                0x00107b68       0x98 c:/devkitPro/libctru/lib\libctru.a(fs.o)
                0x00107b68                FSUSER_OpenArchive
 .text.FSUSER_CloseArchive
                0x00107c00       0x74 c:/devkitPro/libctru/lib\libctru.a(fs.o)
                0x00107c00                FSUSER_CloseArchive
 .text.FSUSER_GetSdmcArchiveResource
                0x00107c74       0x78 c:/devkitPro/libctru/lib\libctru.a(fs.o)
                0x00107c74                FSUSER_GetSdmcArchiveResource
 .text.FSUSER_IsSdmcWritable
                0x00107cec       0x64 c:/devkitPro/libctru/lib\libctru.a(fs.o)
                0x00107cec                FSUSER_IsSdmcWritable
 .text.FSFILE_Read
                0x00107d50       0x5c c:/devkitPro/libctru/lib\libctru.a(fs.o)
                0x00107d50                FSFILE_Read
 .text.FSFILE_Write
                0x00107dac       0x64 c:/devkitPro/libctru/lib\libctru.a(fs.o)
                0x00107dac                FSFILE_Write
 .text.FSFILE_GetSize
                0x00107e10       0x3c c:/devkitPro/libctru/lib\libctru.a(fs.o)
                0x00107e10                FSFILE_GetSize
 .text.FSFILE_SetSize
                0x00107e4c       0x2c c:/devkitPro/libctru/lib\libctru.a(fs.o)
                0x00107e4c                FSFILE_SetSize
 .text.FSFILE_Close
                0x00107e78       0x3c c:/devkitPro/libctru/lib\libctru.a(fs.o)
                0x00107e78                FSFILE_Close
 .text.FSFILE_Flush
                0x00107eb4       0x24 c:/devkitPro/libctru/lib\libctru.a(fs.o)
                0x00107eb4                FSFILE_Flush
 .text.FSDIR_Read
                0x00107ed8       0x54 c:/devkitPro/libctru/lib\libctru.a(fs.o)
                0x00107ed8                FSDIR_Read
 .text.FSDIR_Close
                0x00107f2c       0x3c c:/devkitPro/libctru/lib\libctru.a(fs.o)
                0x00107f2c                FSDIR_Close
 .text.utf8_to_utf16
                0x00107f68       0xc0 c:/devkitPro/libctru/lib\libctru.a(utf8_to_utf16.o)
                0x00107f68                utf8_to_utf16
 .text.decode_utf8
                0x00108028      0x138 c:/devkitPro/libctru/lib\libctru.a(decode_utf8.o)
                0x00108028                decode_utf8
 .text.utf16_to_utf8
                0x00108160       0xe8 c:/devkitPro/libctru/lib\libctru.a(utf16_to_utf8.o)
                0x00108160                utf16_to_utf8
 .text.encode_utf8
                0x00108248      0x104 c:/devkitPro/libctru/lib\libctru.a(encode_utf8.o)
                0x00108248                encode_utf8
 .text.encode_utf16
                0x0010834c       0x68 c:/devkitPro/libctru/lib\libctru.a(encode_utf16.o)
                0x0010834c                encode_utf16
 .text.__aeabi_read_tp
                0x001083b4        0xc c:/devkitPro/libctru/lib\libctru.a(readtp.o)
                0x001083b4                __aeabi_read_tp
 .text.decode_utf16
                0x001083c0       0x60 c:/devkitPro/libctru/lib\libctru.a(decode_utf16.o)
                0x001083c0                decode_utf16
 .text.__udivmoddi4
                0x00108420      0x128 c:/devkitpro/devkitarm/bin/../lib/gcc/arm-none-eabi/6.3.0/armv6k/fpu\libgcc.a(_udivmoddi4.o)
                0x00108420                __udivmoddi4
 .text.bsearch  0x00108548       0x74 c:/devkitpro/devkitarm/bin/../lib/gcc/arm-none-eabi/6.3.0/../../../../arm-none-eabi/lib/armv6k/fpu\libg.a(lib_a-bsearch.o)
                0x00108548                bsearch
 .text.__libc_fini_array
                0x001085bc       0x40 c:/devkitpro/devkitarm/bin/../lib/gcc/arm-none-eabi/6.3.0/../../../../arm-none-eabi/lib/armv6k/fpu\libg.a(lib_a-fini.o)
                0x001085bc                __libc_fini_array
 .text.__libc_init_array
                0x001085fc       0x78 c:/devkitpro/devkitarm/bin/../lib/gcc/arm-none-eabi/6.3.0/../../../../arm-none-eabi/lib/armv6k/fpu\libg.a(lib_a-init.o)
                0x001085fc                __libc_init_array
 .text.memalign
                0x00108674       0x20 c:/devkitpro/devkitarm/bin/../lib/gcc/arm-none-eabi/6.3.0/../../../../arm-none-eabi/lib/armv6k/fpu\libg.a(lib_a-malign.o)
                0x00108674                memalign
 .text._memalign_r
                0x00108694      0x158 c:/devkitpro/devkitarm/bin/../lib/gcc/arm-none-eabi/6.3.0/../../../../arm-none-eabi/lib/armv6k/fpu\libg.a(lib_a-malignr.o)
                0x00108694                _memalign_r
 .text.malloc   0x001087ec       0x18 c:/devkitpro/devkitarm/bin/../lib/gcc/arm-none-eabi/6.3.0/../../../../arm-none-eabi/lib/armv6k/fpu\libg.a(lib_a-malloc.o)
                0x001087ec                malloc
 .text.free     0x00108804       0x18 c:/devkitpro/devkitarm/bin/../lib/gcc/arm-none-eabi/6.3.0/../../../../arm-none-eabi/lib/armv6k/fpu\libg.a(lib_a-malloc.o)
                0x00108804                free
 .text._malloc_r
                0x0010881c      0x78c c:/devkitpro/devkitarm/bin/../lib/gcc/arm-none-eabi/6.3.0/../../../../arm-none-eabi/lib/armv6k/fpu\libg.a(lib_a-mallocr.o)
                0x0010881c                _malloc_r
 .text.memchr   0x00108fa8      0x104 c:/devkitpro/devkitarm/bin/../lib/gcc/arm-none-eabi/6.3.0/../../../../arm-none-eabi/lib/armv6k/fpu\libg.a(lib_a-memchr-stub.o)
                0x00108fa8                memchr
 .text.memcpy   0x001090ac      0x114 c:/devkitpro/devkitarm/bin/../lib/gcc/arm-none-eabi/6.3.0/../../../../arm-none-eabi/lib/armv6k/fpu\libg.a(lib_a-memcpy-stub.o)
                0x001090ac                memcpy
 .text.memset   0x001091c0      0x110 c:/devkitpro/devkitarm/bin/../lib/gcc/arm-none-eabi/6.3.0/../../../../arm-none-eabi/lib/armv6k/fpu\libg.a(lib_a-memset.o)
                0x001091c0                memset
 .text.__malloc_lock
                0x001092d0        0xc c:/devkitpro/devkitarm/bin/../lib/gcc/arm-none-eabi/6.3.0/../../../../arm-none-eabi/lib/armv6k/fpu\libg.a(lib_a-mlock.o)
                0x001092d0                __malloc_lock
 .text.__malloc_unlock
                0x001092dc        0xc c:/devkitpro/devkitarm/bin/../lib/gcc/arm-none-eabi/6.3.0/../../../../arm-none-eabi/lib/armv6k/fpu\libg.a(lib_a-mlock.o)
                0x001092dc                __malloc_unlock
 .text.printf   0x001092e8       0x38 c:/devkitpro/devkitarm/bin/../lib/gcc/arm-none-eabi/6.3.0/../../../../arm-none-eabi/lib/armv6k/fpu\libg.a(lib_a-printf.o)
                0x001092e8                printf
 .text.rand     0x00109320       0x44 c:/devkitpro/devkitarm/bin/../lib/gcc/arm-none-eabi/6.3.0/../../../../arm-none-eabi/lib/armv6k/fpu\libg.a(lib_a-rand.o)
                0x00109320                rand
 .text.setvbuf  0x00109364      0x258 c:/devkitpro/devkitarm/bin/../lib/gcc/arm-none-eabi/6.3.0/../../../../arm-none-eabi/lib/armv6k/fpu\libg.a(lib_a-setvbuf.o)
                0x00109364                setvbuf
 .text.sscanf   0x001095bc       0x74 c:/devkitpro/devkitarm/bin/../lib/gcc/arm-none-eabi/6.3.0/../../../../arm-none-eabi/lib/armv6k/fpu\libg.a(lib_a-sscanf.o)
                0x001095bc                sscanf
 .text.__sread  0x00109630       0x3c c:/devkitpro/devkitarm/bin/../lib/gcc/arm-none-eabi/6.3.0/../../../../arm-none-eabi/lib/armv6k/fpu\libg.a(lib_a-stdio.o)
                0x00109630                __sread
 .text.__seofread
                0x0010966c        0x8 c:/devkitpro/devkitarm/bin/../lib/gcc/arm-none-eabi/6.3.0/../../../../arm-none-eabi/lib/armv6k/fpu\libg.a(lib_a-stdio.o)
                0x0010966c                __seofread
 .text.__swrite
                0x00109674       0x64 c:/devkitpro/devkitarm/bin/../lib/gcc/arm-none-eabi/6.3.0/../../../../arm-none-eabi/lib/armv6k/fpu\libg.a(lib_a-stdio.o)
                0x00109674                __swrite
 .text.__sseek  0x001096d8       0x4c c:/devkitpro/devkitarm/bin/../lib/gcc/arm-none-eabi/6.3.0/../../../../arm-none-eabi/lib/armv6k/fpu\libg.a(lib_a-stdio.o)
                0x001096d8                __sseek
 .text.__sclose
                0x00109724        0x8 c:/devkitpro/devkitarm/bin/../lib/gcc/arm-none-eabi/6.3.0/../../../../arm-none-eabi/lib/armv6k/fpu\libg.a(lib_a-stdio.o)
                0x00109724                __sclose
 .text.strlen   0x0010972c       0x5c c:/devkitpro/devkitarm/bin/../lib/gcc/arm-none-eabi/6.3.0/../../../../arm-none-eabi/lib/armv6k/fpu\libg.a(lib_a-strlen-stub.o)
                0x0010972c                strlen
 .text.strncat  0x00109788       0x9c c:/devkitpro/devkitarm/bin/../lib/gcc/arm-none-eabi/6.3.0/../../../../arm-none-eabi/lib/armv6k/fpu\libg.a(lib_a-strncat.o)
                0x00109788                strncat
 .text.strncpy  0x00109824       0xd8 c:/devkitpro/devkitarm/bin/../lib/gcc/arm-none-eabi/6.3.0/../../../../arm-none-eabi/lib/armv6k/fpu\libg.a(lib_a-strncpy.o)
                0x00109824                strncpy
 .text.__ssvfscanf_r
                0x001098fc     0x290c c:/devkitpro/devkitarm/bin/../lib/gcc/arm-none-eabi/6.3.0/../../../../arm-none-eabi/lib/armv6k/fpu\libg.a(lib_a-svfscanf.o)
                0x001098fc                __ssvfscanf_r
 .text.__sprint_r.part.0
                0x0010c208       0x1c c:/devkitpro/devkitarm/bin/../lib/gcc/arm-none-eabi/6.3.0/../../../../arm-none-eabi/lib/armv6k/fpu\libg.a(lib_a-vfiprintf.o)
 .text.__sprint_r
                0x0010c224       0x1c c:/devkitpro/devkitarm/bin/../lib/gcc/arm-none-eabi/6.3.0/../../../../arm-none-eabi/lib/armv6k/fpu\libg.a(lib_a-vfiprintf.o)
                0x0010c224                __sprint_r
 .text.get_arg  0x0010c240     0x1624 c:/devkitpro/devkitarm/bin/../lib/gcc/arm-none-eabi/6.3.0/../../../../arm-none-eabi/lib/armv6k/fpu\libg.a(lib_a-vfprintf.o)
 *fill*         0x0010d864        0x4 
 .text._vfprintf_r
                0x0010d868     0x4314 c:/devkitpro/devkitarm/bin/../lib/gcc/arm-none-eabi/6.3.0/../../../../arm-none-eabi/lib/armv6k/fpu\libg.a(lib_a-vfprintf.o)
                0x0010d868                _vfprintf_r
 .text.__sbprintf
                0x00111b7c       0xcc c:/devkitpro/devkitarm/bin/../lib/gcc/arm-none-eabi/6.3.0/../../../../arm-none-eabi/lib/armv6k/fpu\libg.a(lib_a-vfprintf.o)
 .text._wcrtomb_r
                0x00111c48       0xa0 c:/devkitpro/devkitarm/bin/../lib/gcc/arm-none-eabi/6.3.0/../../../../arm-none-eabi/lib/armv6k/fpu\libg.a(lib_a-wcrtomb.o)
                0x00111c48                _wcrtomb_r
 .text._wcsrtombs_r
                0x00111ce8       0x20 c:/devkitpro/devkitarm/bin/../lib/gcc/arm-none-eabi/6.3.0/../../../../arm-none-eabi/lib/armv6k/fpu\libg.a(lib_a-wcsrtombs.o)
                0x00111ce8                _wcsrtombs_r
 .text.__swsetup_r
                0x00111d08      0x144 c:/devkitpro/devkitarm/bin/../lib/gcc/arm-none-eabi/6.3.0/../../../../arm-none-eabi/lib/armv6k/fpu\libg.a(lib_a-wsetup.o)
                0x00111d08                __swsetup_r
 .text.quorem   0x00111e4c      0x1d0 c:/devkitpro/devkitarm/bin/../lib/gcc/arm-none-eabi/6.3.0/../../../../arm-none-eabi/lib/armv6k/fpu\libg.a(lib_a-dtoa.o)
 *fill*         0x0011201c        0x4 
 .text._dtoa_r  0x00112020     0x1260 c:/devkitpro/devkitarm/bin/../lib/gcc/arm-none-eabi/6.3.0/../../../../arm-none-eabi/lib/armv6k/fpu\libg.a(lib_a-dtoa.o)
                0x00112020                _dtoa_r
 .text.__sflush_r
                0x00113280      0x254 c:/devkitpro/devkitarm/bin/../lib/gcc/arm-none-eabi/6.3.0/../../../../arm-none-eabi/lib/armv6k/fpu\libg.a(lib_a-fflush.o)
                0x00113280                __sflush_r
 .text._fflush_r
                0x001134d4       0x94 c:/devkitpro/devkitarm/bin/../lib/gcc/arm-none-eabi/6.3.0/../../../../arm-none-eabi/lib/armv6k/fpu\libg.a(lib_a-fflush.o)
                0x001134d4                _fflush_r
 .text._cleanup_r
                0x00113568        0xc c:/devkitpro/devkitarm/bin/../lib/gcc/arm-none-eabi/6.3.0/../../../../arm-none-eabi/lib/armv6k/fpu\libg.a(lib_a-findfp.o)
                0x00113568                _cleanup_r
 .text.std.isra.0
                0x00113574       0x80 c:/devkitpro/devkitarm/bin/../lib/gcc/arm-none-eabi/6.3.0/../../../../arm-none-eabi/lib/armv6k/fpu\libg.a(lib_a-findfp.o)
 .text.__sinit  0x001135f4       0x8c c:/devkitpro/devkitarm/bin/../lib/gcc/arm-none-eabi/6.3.0/../../../../arm-none-eabi/lib/armv6k/fpu\libg.a(lib_a-findfp.o)
                0x001135f4                __sinit
 .text.__sfp_lock_acquire
                0x00113680        0xc c:/devkitpro/devkitarm/bin/../lib/gcc/arm-none-eabi/6.3.0/../../../../arm-none-eabi/lib/armv6k/fpu\libg.a(lib_a-findfp.o)
                0x00113680                __sfp_lock_acquire
 .text.__sfp_lock_release
                0x0011368c        0xc c:/devkitpro/devkitarm/bin/../lib/gcc/arm-none-eabi/6.3.0/../../../../arm-none-eabi/lib/armv6k/fpu\libg.a(lib_a-findfp.o)
                0x0011368c                __sfp_lock_release
 .text._malloc_trim_r
                0x00113698       0xf8 c:/devkitpro/devkitarm/bin/../lib/gcc/arm-none-eabi/6.3.0/../../../../arm-none-eabi/lib/armv6k/fpu\libg.a(lib_a-freer.o)
                0x00113698                _malloc_trim_r
 .text._free_r  0x00113790      0x2e4 c:/devkitpro/devkitarm/bin/../lib/gcc/arm-none-eabi/6.3.0/../../../../arm-none-eabi/lib/armv6k/fpu\libg.a(lib_a-freer.o)
                0x00113790                _free_r
 .text.__sfvwrite_r
                0x00113a74      0x4ac c:/devkitpro/devkitarm/bin/../lib/gcc/arm-none-eabi/6.3.0/../../../../arm-none-eabi/lib/armv6k/fpu\libg.a(lib_a-fvwrite.o)
                0x00113a74                __sfvwrite_r
 .text._fwalk_reent
                0x00113f20       0x80 c:/devkitpro/devkitarm/bin/../lib/gcc/arm-none-eabi/6.3.0/../../../../arm-none-eabi/lib/armv6k/fpu\libg.a(lib_a-fwalk.o)
                0x00113f20                _fwalk_reent
 .text.iswspace
                0x00113fa0       0x74 c:/devkitpro/devkitarm/bin/../lib/gcc/arm-none-eabi/6.3.0/../../../../arm-none-eabi/lib/armv6k/fpu\libg.a(lib_a-iswspace.o)
                0x00113fa0                iswspace
 .text.__jp2uc  0x00114014      0x204 c:/devkitpro/devkitarm/bin/../lib/gcc/arm-none-eabi/6.3.0/../../../../arm-none-eabi/lib/armv6k/fpu\libg.a(lib_a-jp2uc.o)
 .text._jp2uc   0x00114218       0xc8 c:/devkitpro/devkitarm/bin/../lib/gcc/arm-none-eabi/6.3.0/../../../../arm-none-eabi/lib/armv6k/fpu\libg.a(lib_a-jp2uc.o)
                0x00114218                _jp2uc
 .text.__localeconv_l
                0x001142e0        0x8 c:/devkitpro/devkitarm/bin/../lib/gcc/arm-none-eabi/6.3.0/../../../../arm-none-eabi/lib/armv6k/fpu\libg.a(lib_a-localeconv.o)
                0x001142e0                __localeconv_l
 .text._localeconv_r
                0x001142e8       0x24 c:/devkitpro/devkitarm/bin/../lib/gcc/arm-none-eabi/6.3.0/../../../../arm-none-eabi/lib/armv6k/fpu\libg.a(lib_a-localeconv.o)
                0x001142e8                _localeconv_r
 .text.__locale_mb_cur_max
                0x0011430c       0x24 c:/devkitpro/devkitarm/bin/../lib/gcc/arm-none-eabi/6.3.0/../../../../arm-none-eabi/lib/armv6k/fpu\libg.a(lib_a-locale.o)
                0x0011430c                __locale_mb_cur_max
 .text.__locale_ctype_ptr_l
                0x00114330        0x8 c:/devkitpro/devkitarm/bin/../lib/gcc/arm-none-eabi/6.3.0/../../../../arm-none-eabi/lib/armv6k/fpu\libg.a(lib_a-locale.o)
                0x00114330                __locale_ctype_ptr_l
 .text.__locale_ctype_ptr
                0x00114338       0x24 c:/devkitpro/devkitarm/bin/../lib/gcc/arm-none-eabi/6.3.0/../../../../arm-none-eabi/lib/armv6k/fpu\libg.a(lib_a-locale.o)
                0x00114338                __locale_ctype_ptr
 .text.__swhatbuf_r
                0x0011435c       0x94 c:/devkitpro/devkitarm/bin/../lib/gcc/arm-none-eabi/6.3.0/../../../../arm-none-eabi/lib/armv6k/fpu\libg.a(lib_a-makebuf.o)
                0x0011435c                __swhatbuf_r
 .text.__smakebuf_r
                0x001143f0       0xf4 c:/devkitpro/devkitarm/bin/../lib/gcc/arm-none-eabi/6.3.0/../../../../arm-none-eabi/lib/armv6k/fpu\libg.a(lib_a-makebuf.o)
                0x001143f0                __smakebuf_r
 .text._mbrtowc_r
                0x001144e4       0xb4 c:/devkitpro/devkitarm/bin/../lib/gcc/arm-none-eabi/6.3.0/../../../../arm-none-eabi/lib/armv6k/fpu\libg.a(lib_a-mbrtowc.o)
                0x001144e4                _mbrtowc_r
 .text.__utf8_mbtowc
                0x00114598      0x300 c:/devkitpro/devkitarm/bin/../lib/gcc/arm-none-eabi/6.3.0/../../../../arm-none-eabi/lib/armv6k/fpu\libg.a(lib_a-mbtowc_r.o)
                0x00114598                __utf8_mbtowc
 .text.memmove  0x00114898      0x148 c:/devkitpro/devkitarm/bin/../lib/gcc/arm-none-eabi/6.3.0/../../../../arm-none-eabi/lib/armv6k/fpu\libg.a(lib_a-memmove.o)
                0x00114898                memmove
 .text._Balloc  0x001149e0       0x88 c:/devkitpro/devkitarm/bin/../lib/gcc/arm-none-eabi/6.3.0/../../../../arm-none-eabi/lib/armv6k/fpu\libg.a(lib_a-mprec.o)
                0x001149e0                _Balloc
 .text._Bfree   0x00114a68       0x1c c:/devkitpro/devkitarm/bin/../lib/gcc/arm-none-eabi/6.3.0/../../../../arm-none-eabi/lib/armv6k/fpu\libg.a(lib_a-mprec.o)
                0x00114a68                _Bfree
 .text.__multadd
                0x00114a84       0xd8 c:/devkitpro/devkitarm/bin/../lib/gcc/arm-none-eabi/6.3.0/../../../../arm-none-eabi/lib/armv6k/fpu\libg.a(lib_a-mprec.o)
                0x00114a84                __multadd
 .text.__s2b    0x00114b5c       0xf0 c:/devkitpro/devkitarm/bin/../lib/gcc/arm-none-eabi/6.3.0/../../../../arm-none-eabi/lib/armv6k/fpu\libg.a(lib_a-mprec.o)
                0x00114b5c                __s2b
 .text.__hi0bits
                0x00114c4c       0x58 c:/devkitpro/devkitarm/bin/../lib/gcc/arm-none-eabi/6.3.0/../../../../arm-none-eabi/lib/armv6k/fpu\libg.a(lib_a-mprec.o)
                0x00114c4c                __hi0bits
 .text.__lo0bits
                0x00114ca4       0x9c c:/devkitpro/devkitarm/bin/../lib/gcc/arm-none-eabi/6.3.0/../../../../arm-none-eabi/lib/armv6k/fpu\libg.a(lib_a-mprec.o)
                0x00114ca4                __lo0bits
 .text.__i2b    0x00114d40       0x20 c:/devkitpro/devkitarm/bin/../lib/gcc/arm-none-eabi/6.3.0/../../../../arm-none-eabi/lib/armv6k/fpu\libg.a(lib_a-mprec.o)
                0x00114d40                __i2b
 .text.__multiply
                0x00114d60      0x1cc c:/devkitpro/devkitarm/bin/../lib/gcc/arm-none-eabi/6.3.0/../../../../arm-none-eabi/lib/armv6k/fpu\libg.a(lib_a-mprec.o)
                0x00114d60                __multiply
 .text.__pow5mult
                0x00114f2c      0x100 c:/devkitpro/devkitarm/bin/../lib/gcc/arm-none-eabi/6.3.0/../../../../arm-none-eabi/lib/armv6k/fpu\libg.a(lib_a-mprec.o)
                0x00114f2c                __pow5mult
 .text.__lshift
                0x0011502c       0xe4 c:/devkitpro/devkitarm/bin/../lib/gcc/arm-none-eabi/6.3.0/../../../../arm-none-eabi/lib/armv6k/fpu\libg.a(lib_a-mprec.o)
                0x0011502c                __lshift
 .text.__mcmp   0x00115110       0x60 c:/devkitpro/devkitarm/bin/../lib/gcc/arm-none-eabi/6.3.0/../../../../arm-none-eabi/lib/armv6k/fpu\libg.a(lib_a-mprec.o)
                0x00115110                __mcmp
 .text.__mdiff  0x00115170      0x198 c:/devkitpro/devkitarm/bin/../lib/gcc/arm-none-eabi/6.3.0/../../../../arm-none-eabi/lib/armv6k/fpu\libg.a(lib_a-mprec.o)
                0x00115170                __mdiff
 .text.__ulp    0x00115308       0x78 c:/devkitpro/devkitarm/bin/../lib/gcc/arm-none-eabi/6.3.0/../../../../arm-none-eabi/lib/armv6k/fpu\libg.a(lib_a-mprec.o)
                0x00115308                __ulp
 .text.__b2d    0x00115380       0xd4 c:/devkitpro/devkitarm/bin/../lib/gcc/arm-none-eabi/6.3.0/../../../../arm-none-eabi/lib/armv6k/fpu\libg.a(lib_a-mprec.o)
                0x00115380                __b2d
 .text.__d2b    0x00115454      0x108 c:/devkitpro/devkitarm/bin/../lib/gcc/arm-none-eabi/6.3.0/../../../../arm-none-eabi/lib/armv6k/fpu\libg.a(lib_a-mprec.o)
                0x00115454                __d2b
 .text.__ratio  0x0011555c       0x7c c:/devkitpro/devkitarm/bin/../lib/gcc/arm-none-eabi/6.3.0/../../../../arm-none-eabi/lib/armv6k/fpu\libg.a(lib_a-mprec.o)
                0x0011555c                __ratio
 .text.__copybits
                0x001155d8       0x6c c:/devkitpro/devkitarm/bin/../lib/gcc/arm-none-eabi/6.3.0/../../../../arm-none-eabi/lib/armv6k/fpu\libg.a(lib_a-mprec.o)
                0x001155d8                __copybits
 .text.__any_on
                0x00115644       0x80 c:/devkitpro/devkitarm/bin/../lib/gcc/arm-none-eabi/6.3.0/../../../../arm-none-eabi/lib/armv6k/fpu\libg.a(lib_a-mprec.o)
                0x00115644                __any_on
 .text._realloc_r
                0x001156c4      0x4cc c:/devkitpro/devkitarm/bin/../lib/gcc/arm-none-eabi/6.3.0/../../../../arm-none-eabi/lib/armv6k/fpu\libg.a(lib_a-reallocr.o)
                0x001156c4                _realloc_r
 .text.__sccl   0x00115b90       0xcc c:/devkitpro/devkitarm/bin/../lib/gcc/arm-none-eabi/6.3.0/../../../../arm-none-eabi/lib/armv6k/fpu\libg.a(lib_a-sccl.o)
                0x00115b90                __sccl
 .text.nanf     0x00115c5c        0xc c:/devkitpro/devkitarm/bin/../lib/gcc/arm-none-eabi/6.3.0/../../../../arm-none-eabi/lib/armv6k/fpu\libg.a(lib_a-sf_nan.o)
                0x00115c5c                nanf
 .text.frexp    0x00115c68       0x9c c:/devkitpro/devkitarm/bin/../lib/gcc/arm-none-eabi/6.3.0/../../../../arm-none-eabi/lib/armv6k/fpu\libg.a(lib_a-s_frexp.o)
                0x00115c68                frexp
 .text.sprintf  0x00115d04       0x68 c:/devkitpro/devkitarm/bin/../lib/gcc/arm-none-eabi/6.3.0/../../../../arm-none-eabi/lib/armv6k/fpu\libg.a(lib_a-sprintf.o)
                0x00115d04                sprintf
 .text.stpncpy  0x00115d6c      0x100 c:/devkitpro/devkitarm/bin/../lib/gcc/arm-none-eabi/6.3.0/../../../../arm-none-eabi/lib/armv6k/fpu\libg.a(lib_a-stpncpy.o)
                0x00115d6c                stpncpy
 .text.strchr   0x00115e6c      0x1ac c:/devkitpro/devkitarm/bin/../lib/gcc/arm-none-eabi/6.3.0/../../../../arm-none-eabi/lib/armv6k/fpu\libg.a(lib_a-strchr.o)
                0x00115e6c                strchr
 .text.strncmp  0x00116018      0x108 c:/devkitpro/devkitarm/bin/../lib/gcc/arm-none-eabi/6.3.0/../../../../arm-none-eabi/lib/armv6k/fpu\libg.a(lib_a-strncmp.o)
                0x00116018                strncmp
 .text.unlikely.sulp
                0x00116120       0x54 c:/devkitpro/devkitarm/bin/../lib/gcc/arm-none-eabi/6.3.0/../../../../arm-none-eabi/lib/armv6k/fpu\libg.a(lib_a-strtod.o)
 *fill*         0x00116174        0x4 
 .text._strtod_l
                0x00116178     0x1434 c:/devkitpro/devkitarm/bin/../lib/gcc/arm-none-eabi/6.3.0/../../../../arm-none-eabi/lib/armv6k/fpu\libg.a(lib_a-strtod.o)
                0x00116178                _strtod_l
 .text._strtod_r
                0x001175ac       0x3c c:/devkitpro/devkitarm/bin/../lib/gcc/arm-none-eabi/6.3.0/../../../../arm-none-eabi/lib/armv6k/fpu\libg.a(lib_a-strtod.o)
                0x001175ac                _strtod_r
 .text._strtoll_l.isra.0
                0x001175e8      0x2dc c:/devkitpro/devkitarm/bin/../lib/gcc/arm-none-eabi/6.3.0/../../../../arm-none-eabi/lib/armv6k/fpu\libg.a(lib_a-strtoll.o)
 .text._strtoll_r
                0x001178c4       0x50 c:/devkitpro/devkitarm/bin/../lib/gcc/arm-none-eabi/6.3.0/../../../../arm-none-eabi/lib/armv6k/fpu\libg.a(lib_a-strtoll.o)
                0x001178c4                _strtoll_r
 .text._strtol_l.isra.0
                0x00117914      0x220 c:/devkitpro/devkitarm/bin/../lib/gcc/arm-none-eabi/6.3.0/../../../../arm-none-eabi/lib/armv6k/fpu\libg.a(lib_a-strtol.o)
 .text._strtol_r
                0x00117b34       0x50 c:/devkitpro/devkitarm/bin/../lib/gcc/arm-none-eabi/6.3.0/../../../../arm-none-eabi/lib/armv6k/fpu\libg.a(lib_a-strtol.o)
                0x00117b34                _strtol_r
 *fill*         0x00117b84        0x4 
 .text._strtoull_l.isra.0
                0x00117b88      0x268 c:/devkitpro/devkitarm/bin/../lib/gcc/arm-none-eabi/6.3.0/../../../../arm-none-eabi/lib/armv6k/fpu\libg.a(lib_a-strtoull.o)
 .text._strtoull_r
                0x00117df0       0x50 c:/devkitpro/devkitarm/bin/../lib/gcc/arm-none-eabi/6.3.0/../../../../arm-none-eabi/lib/armv6k/fpu\libg.a(lib_a-strtoull.o)
                0x00117df0                _strtoull_r
 .text._strtoul_l.isra.0
                0x00117e40      0x1e4 c:/devkitpro/devkitarm/bin/../lib/gcc/arm-none-eabi/6.3.0/../../../../arm-none-eabi/lib/armv6k/fpu\libg.a(lib_a-strtoul.o)
 .text._strtoul_r
                0x00118024       0x50 c:/devkitpro/devkitarm/bin/../lib/gcc/arm-none-eabi/6.3.0/../../../../arm-none-eabi/lib/armv6k/fpu\libg.a(lib_a-strtoul.o)
                0x00118024                _strtoul_r
 .text.__ssprint_r
                0x00118074      0x188 c:/devkitpro/devkitarm/bin/../lib/gcc/arm-none-eabi/6.3.0/../../../../arm-none-eabi/lib/armv6k/fpu\libg.a(lib_a-svfiprintf.o)
                0x00118074                __ssprint_r
 .text._sungetc_r
                0x001181fc       0xe8 c:/devkitpro/devkitarm/bin/../lib/gcc/arm-none-eabi/6.3.0/../../../../arm-none-eabi/lib/armv6k/fpu\libg.a(lib_a-svfiscanf.o)
                0x001181fc                _sungetc_r
 .text.__ssrefill_r
                0x001182e4       0x6c c:/devkitpro/devkitarm/bin/../lib/gcc/arm-none-eabi/6.3.0/../../../../arm-none-eabi/lib/armv6k/fpu\libg.a(lib_a-svfiscanf.o)
                0x001182e4                __ssrefill_r
 .text._sfread_r
                0x00118350       0xd0 c:/devkitpro/devkitarm/bin/../lib/gcc/arm-none-eabi/6.3.0/../../../../arm-none-eabi/lib/armv6k/fpu\libg.a(lib_a-svfiscanf.o)
                0x00118350                _sfread_r
 .text.get_arg  0x00118420     0x1624 c:/devkitpro/devkitarm/bin/../lib/gcc/arm-none-eabi/6.3.0/../../../../arm-none-eabi/lib/armv6k/fpu\libg.a(lib_a-svfprintf.o)
 *fill*         0x00119a44        0x4 
 .text._svfprintf_r
                0x00119a48     0x41c4 c:/devkitpro/devkitarm/bin/../lib/gcc/arm-none-eabi/6.3.0/../../../../arm-none-eabi/lib/armv6k/fpu\libg.a(lib_a-svfprintf.o)
                0x00119a48                _svfprintf_r
 .text.__submore
                0x0011dc0c       0xa8 c:/devkitpro/devkitarm/bin/../lib/gcc/arm-none-eabi/6.3.0/../../../../arm-none-eabi/lib/armv6k/fpu\libg.a(lib_a-ungetc.o)
                0x0011dc0c                __submore
 .text._wcsnrtombs_l
                0x0011dcb4      0x174 c:/devkitpro/devkitarm/bin/../lib/gcc/arm-none-eabi/6.3.0/../../../../arm-none-eabi/lib/armv6k/fpu\libg.a(lib_a-wcsnrtombs.o)
                0x0011dcb4                _wcsnrtombs_l
 .text._wcsnrtombs_r
                0x0011de28       0x64 c:/devkitpro/devkitarm/bin/../lib/gcc/arm-none-eabi/6.3.0/../../../../arm-none-eabi/lib/armv6k/fpu\libg.a(lib_a-wcsnrtombs.o)
                0x0011de28                _wcsnrtombs_r
 .text.__utf8_wctomb
                0x0011de8c       0xe8 c:/devkitpro/devkitarm/bin/../lib/gcc/arm-none-eabi/6.3.0/../../../../arm-none-eabi/lib/armv6k/fpu\libg.a(lib_a-wctomb_r.o)
                0x0011de8c                __utf8_wctomb
 .text._calloc_r
                0x0011df74       0x90 c:/devkitpro/devkitarm/bin/../lib/gcc/arm-none-eabi/6.3.0/../../../../arm-none-eabi/lib/armv6k/fpu\libg.a(lib_a-callocr.o)
                0x0011df74                _calloc_r
 .text._fclose_r
                0x0011e004      0x154 c:/devkitpro/devkitarm/bin/../lib/gcc/arm-none-eabi/6.3.0/../../../../arm-none-eabi/lib/armv6k/fpu\libg.a(lib_a-fclose.o)
                0x0011e004                _fclose_r
 .text.rshift   0x0011e158       0xf0 c:/devkitpro/devkitarm/bin/../lib/gcc/arm-none-eabi/6.3.0/../../../../arm-none-eabi/lib/armv6k/fpu\libg.a(lib_a-gdtoa-gethex.o)
 .text.__gethex
                0x0011e248      0x7f4 c:/devkitpro/devkitarm/bin/../lib/gcc/arm-none-eabi/6.3.0/../../../../arm-none-eabi/lib/armv6k/fpu\libg.a(lib_a-gdtoa-gethex.o)
                0x0011e248                __gethex
 .text.__match  0x0011ea3c       0x64 c:/devkitpro/devkitarm/bin/../lib/gcc/arm-none-eabi/6.3.0/../../../../arm-none-eabi/lib/armv6k/fpu\libg.a(lib_a-gdtoa-hexnan.o)
                0x0011ea3c                __match
 .text.__hexnan
                0x0011eaa0      0x264 c:/devkitpro/devkitarm/bin/../lib/gcc/arm-none-eabi/6.3.0/../../../../arm-none-eabi/lib/armv6k/fpu\libg.a(lib_a-gdtoa-hexnan.o)
                0x0011eaa0                __hexnan
 .text.null_write
                0x0011ed04        0x8 c:/devkitpro/devkitarm/bin/../lib/gcc/arm-none-eabi/6.3.0/../../../../arm-none-eabi/lib/armv6k/fpu\libsysbase.a(iosupport.o)
 .text.setDefaultDevice
                0x0011ed0c       0x18 c:/devkitpro/devkitarm/bin/../lib/gcc/arm-none-eabi/6.3.0/../../../../arm-none-eabi/lib/armv6k/fpu\libsysbase.a(iosupport.o)
                0x0011ed0c                setDefaultDevice
 .text.FindDevice
                0x0011ed24       0xcc c:/devkitpro/devkitarm/bin/../lib/gcc/arm-none-eabi/6.3.0/../../../../arm-none-eabi/lib/armv6k/fpu\libsysbase.a(iosupport.o)
                0x0011ed24                FindDevice
 .text.RemoveDevice
                0x0011edf0       0x28 c:/devkitpro/devkitarm/bin/../lib/gcc/arm-none-eabi/6.3.0/../../../../arm-none-eabi/lib/armv6k/fpu\libsysbase.a(iosupport.o)
                0x0011edf0                RemoveDevice
 .text.AddDevice
                0x0011ee18       0x98 c:/devkitpro/devkitarm/bin/../lib/gcc/arm-none-eabi/6.3.0/../../../../arm-none-eabi/lib/armv6k/fpu\libsysbase.a(iosupport.o)
                0x0011ee18                AddDevice
 .text._close_r
                0x0011eeb0       0x84 c:/devkitpro/devkitarm/bin/../lib/gcc/arm-none-eabi/6.3.0/../../../../arm-none-eabi/lib/armv6k/fpu\libsysbase.a(close.o)
                0x0011eeb0                _close_r
 .text._fstat_r
                0x0011ef34       0x7c c:/devkitpro/devkitarm/bin/../lib/gcc/arm-none-eabi/6.3.0/../../../../arm-none-eabi/lib/armv6k/fpu\libsysbase.a(fstat.o)
                0x0011ef34                _fstat_r
 .text._isatty_r
                0x0011efb0        0x8 c:/devkitpro/devkitarm/bin/../lib/gcc/arm-none-eabi/6.3.0/../../../../arm-none-eabi/lib/armv6k/fpu\libsysbase.a(isatty.o)
                0x0011efb0                _isatty_r
 .text._lseek_r
                0x0011efb8       0x90 c:/devkitpro/devkitarm/bin/../lib/gcc/arm-none-eabi/6.3.0/../../../../arm-none-eabi/lib/armv6k/fpu\libsysbase.a(lseek.o)
                0x0011efb8                _lseek_r
 .text._read_r  0x0011f048       0x88 c:/devkitpro/devkitarm/bin/../lib/gcc/arm-none-eabi/6.3.0/../../../../arm-none-eabi/lib/armv6k/fpu\libsysbase.a(read.o)
                0x0011f048                _read_r
 .text._sbrk_r  0x0011f0d0       0x70 c:/devkitpro/devkitarm/bin/../lib/gcc/arm-none-eabi/6.3.0/../../../../arm-none-eabi/lib/armv6k/fpu\libsysbase.a(sbrk.o)
                0x0011f0d0                _sbrk_r
 .text._write_r
                0x0011f140       0x88 c:/devkitpro/devkitarm/bin/../lib/gcc/arm-none-eabi/6.3.0/../../../../arm-none-eabi/lib/armv6k/fpu\libsysbase.a(write.o)
                0x0011f140                _write_r
 .text._concatenate_path
                0x0011f1c8      0x1d4 c:/devkitpro/devkitarm/bin/../lib/gcc/arm-none-eabi/6.3.0/../../../../arm-none-eabi/lib/armv6k/fpu\libsysbase.a(chdir.o)
                0x0011f1c8                _concatenate_path
 .text.chdir    0x0011f39c      0x15c c:/devkitpro/devkitarm/bin/../lib/gcc/arm-none-eabi/6.3.0/../../../../arm-none-eabi/lib/armv6k/fpu\libsysbase.a(chdir.o)
                0x0011f39c                chdir
 .text.__flockfile
                0x0011f4f8        0x8 c:/devkitpro/devkitarm/bin/../lib/gcc/arm-none-eabi/6.3.0/../../../../arm-none-eabi/lib/armv6k/fpu\libsysbase.a(flock.o)
                0x0011f4f8                __flockfile
 .text.__funlockfile
                0x0011f500        0x8 c:/devkitpro/devkitarm/bin/../lib/gcc/arm-none-eabi/6.3.0/../../../../arm-none-eabi/lib/armv6k/fpu\libsysbase.a(flock.o)
                0x0011f500                __funlockfile
 .text.__libc_lock_acquire
                0x0011f508       0x18 c:/devkitpro/devkitarm/bin/../lib/gcc/arm-none-eabi/6.3.0/../../../../arm-none-eabi/lib/armv6k/fpu\libsysbase.a(syscall_support.o)
                0x0011f508                __libc_lock_acquire
 .text.__libc_lock_release
                0x0011f520       0x18 c:/devkitpro/devkitarm/bin/../lib/gcc/arm-none-eabi/6.3.0/../../../../arm-none-eabi/lib/armv6k/fpu\libsysbase.a(syscall_support.o)
                0x0011f520                __libc_lock_release
 .text.__libc_lock_init_recursive
                0x0011f538       0x18 c:/devkitpro/devkitarm/bin/../lib/gcc/arm-none-eabi/6.3.0/../../../../arm-none-eabi/lib/armv6k/fpu\libsysbase.a(syscall_support.o)
                0x0011f538                __libc_lock_init_recursive
 .text.__libc_lock_acquire_recursive
                0x0011f550       0x18 c:/devkitpro/devkitarm/bin/../lib/gcc/arm-none-eabi/6.3.0/../../../../arm-none-eabi/lib/armv6k/fpu\libsysbase.a(syscall_support.o)
                0x0011f550                __libc_lock_acquire_recursive
 .text.__libc_lock_release_recursive
                0x0011f568       0x18 c:/devkitpro/devkitarm/bin/../lib/gcc/arm-none-eabi/6.3.0/../../../../arm-none-eabi/lib/armv6k/fpu\libsysbase.a(syscall_support.o)
                0x0011f568                __libc_lock_release_recursive
 .text.__libc_lock_close_recursive
                0x0011f580       0x18 c:/devkitpro/devkitarm/bin/../lib/gcc/arm-none-eabi/6.3.0/../../../../arm-none-eabi/lib/armv6k/fpu\libsysbase.a(syscall_support.o)
                0x0011f580                __libc_lock_close_recursive
 .text.__free_handle
                0x0011f598       0x4c c:/devkitpro/devkitarm/bin/../lib/gcc/arm-none-eabi/6.3.0/../../../../arm-none-eabi/lib/armv6k/fpu\libsysbase.a(handle_manager.o)
                0x0011f598                __free_handle
 .text.__release_handle
                0x0011f5e4       0x40 c:/devkitpro/devkitarm/bin/../lib/gcc/arm-none-eabi/6.3.0/../../../../arm-none-eabi/lib/armv6k/fpu\libsysbase.a(handle_manager.o)
                0x0011f5e4                __release_handle
 .text.__get_handle
                0x0011f624       0x18 c:/devkitpro/devkitarm/bin/../lib/gcc/arm-none-eabi/6.3.0/../../../../arm-none-eabi/lib/armv6k/fpu\libsysbase.a(handle_manager.o)
                0x0011f624                __get_handle
 .text.__getreent
                0x0011f63c       0x28 c:/devkitpro/devkitarm/bin/../lib/gcc/arm-none-eabi/6.3.0/../../../../arm-none-eabi/lib/armv6k/fpu\libsysbase.a(getreent.o)
                0x0011f63c                __getreent
 .text.strnlen  0x0011f664       0x5c c:/devkitpro/devkitarm/bin/../lib/gcc/arm-none-eabi/6.3.0/../../../../arm-none-eabi/lib/armv6k/fpu\libg.a(lib_a-strnlen.o)
                0x0011f664                strnlen
 .text.strrchr  0x0011f6c0       0x44 c:/devkitpro/devkitarm/bin/../lib/gcc/arm-none-eabi/6.3.0/../../../../arm-none-eabi/lib/armv6k/fpu\libg.a(lib_a-strrchr.o)
                0x0011f6c0                strrchr
 *(.glue_7)
 .glue_7        0x0011f704        0x0 linker stubs
 *(.glue_7t)
 .glue_7t       0x0011f704        0x0 linker stubs
 *(.stub)
 *(.gnu.warning)
 *(.gnu.linkonce.t*)
                0x0011f704                . = ALIGN (0x4)
 *(.fini)
 .fini          0x0011f704        0xc c:/devkitpro/devkitarm/bin/../lib/gcc/arm-none-eabi/6.3.0/armv6k/fpu/crti.o
                0x0011f704                _fini
 .fini          0x0011f710        0xc c:/devkitpro/devkitarm/bin/../lib/gcc/arm-none-eabi/6.3.0/armv6k/fpu/crtn.o
                0x0011f71c                . = ALIGN (0x4)

.vfp11_veneer   0x0011f71c        0x0
 .vfp11_veneer  0x0011f71c        0x0 linker stubs

.v4_bx          0x0011f71c        0x0
 .v4_bx         0x0011f71c        0x0 linker stubs

.iplt           0x0011f71c        0x0
 .iplt          0x0011f71c        0x0 c:/devkitpro/devkitarm/bin/../lib/gcc/arm-none-eabi/6.3.0/../../../../arm-none-eabi/lib/armv6k/fpu/3dsx_crt0.o

.rodata         0x00120000     0x46b0
 *(.rodata)
 .rodata        0x00120000       0x1c c:/devkitPro/libctru/lib\libctru.a(gfx.o)
 .rodata        0x0012001c      0x168 c:/devkitPro/libctru/lib\libctru.a(console.o)
 .rodata        0x00120184        0xc c:/devkitPro/libctru/lib\libctru.a(apt.o)
 .rodata        0x00120190      0x804 c:/devkitPro/libctru/lib\libctru.a(default_font.bin.o)
                0x00120190                default_font_bin
                0x00120990                default_font_bin_size
                0x00120990                default_font_bin_end
 .rodata        0x00120994       0x3c c:/devkitPro/libctru/lib\libctru.a(sdmc_dev.o)
 *(.roda)
 *(.rodata.*)
 .rodata.str1.4
                0x001209d0       0x61 main.o
 *fill*         0x00120a31        0x3 
 .rodata.str1.4
                0x00120a34       0x70 c:/devkitPro/libctru/lib\libctru.a(console.o)
 .rodata.str1.4
                0x00120aa4       0x15 c:/devkitPro/libctru/lib\libctru.a(hid.o)
 *fill*         0x00120ab9        0x3 
 .rodata.str1.4
                0x00120abc       0x16 c:/devkitPro/libctru/lib\libctru.a(apt.o)
 *fill*         0x00120ad2        0x2 
 .rodata.str1.4
                0x00120ad4        0x9 c:/devkitPro/libctru/lib\libctru.a(gspgpu.o)
 *fill*         0x00120add        0x3 
 .rodata.str1.4
                0x00120ae0        0x7 c:/devkitPro/libctru/lib\libctru.a(irrst.o)
 *fill*         0x00120ae7        0x1 
 .rodata.str1.4
                0x00120ae8        0x5 c:/devkitPro/libctru/lib\libctru.a(srv.o)
 *fill*         0x00120aed        0x3 
 .rodata.str1.4
                0x00120af0        0x9 c:/devkitPro/libctru/lib\libctru.a(ptmsysm.o)
 *fill*         0x00120af9        0x3 
 .rodata.str1.4
                0x00120afc        0xd c:/devkitPro/libctru/lib\libctru.a(sdmc_dev.o)
                                 0x11 (size before relaxing)
 *fill*         0x00120b09        0x3 
 .rodata.str1.4
                0x00120b0c        0x8 c:/devkitPro/libctru/lib\libctru.a(fs.o)
                                  0x9 (size before relaxing)
 .rodata.__ssvfscanf_r.str1.4
                0x00120b14        0x5 c:/devkitpro/devkitarm/bin/../lib/gcc/arm-none-eabi/6.3.0/../../../../arm-none-eabi/lib/armv6k/fpu\libg.a(lib_a-svfscanf.o)
 *fill*         0x00120b19        0x3 
 .rodata.basefix.8441
                0x00120b1c       0x22 c:/devkitpro/devkitarm/bin/../lib/gcc/arm-none-eabi/6.3.0/../../../../arm-none-eabi/lib/armv6k/fpu\libg.a(lib_a-svfscanf.o)
 *fill*         0x00120b3e        0x2 
 .rodata._vfprintf_r.str1.4
                0x00120b40       0x42 c:/devkitpro/devkitarm/bin/../lib/gcc/arm-none-eabi/6.3.0/../../../../arm-none-eabi/lib/armv6k/fpu\libg.a(lib_a-vfprintf.o)
 *fill*         0x00120b82        0x2 
 .rodata.blanks.8415
                0x00120b84       0x10 c:/devkitpro/devkitarm/bin/../lib/gcc/arm-none-eabi/6.3.0/../../../../arm-none-eabi/lib/armv6k/fpu\libg.a(lib_a-vfprintf.o)
 .rodata.zeroes.8416
                0x00120b94       0x10 c:/devkitpro/devkitarm/bin/../lib/gcc/arm-none-eabi/6.3.0/../../../../arm-none-eabi/lib/armv6k/fpu\libg.a(lib_a-vfprintf.o)
 .rodata._dtoa_r.str1.4
                0x00120ba4       0x10 c:/devkitpro/devkitarm/bin/../lib/gcc/arm-none-eabi/6.3.0/../../../../arm-none-eabi/lib/armv6k/fpu\libg.a(lib_a-dtoa.o)
                                 0x12 (size before relaxing)
 .rodata._jp2uc.str1.4
                0x00120bb4       0x12 c:/devkitpro/devkitarm/bin/../lib/gcc/arm-none-eabi/6.3.0/../../../../arm-none-eabi/lib/armv6k/fpu\libg.a(lib_a-jp2uc.o)
 *fill*         0x00120bc6        0x2 
 .rodata.a1     0x00120bc8       0xbc c:/devkitpro/devkitarm/bin/../lib/gcc/arm-none-eabi/6.3.0/../../../../arm-none-eabi/lib/armv6k/fpu\libg.a(lib_a-jp2uc.o)
 .rodata.a2     0x00120c84       0xbc c:/devkitpro/devkitarm/bin/../lib/gcc/arm-none-eabi/6.3.0/../../../../arm-none-eabi/lib/armv6k/fpu\libg.a(lib_a-jp2uc.o)
 .rodata.a3     0x00120d40       0x5b c:/devkitpro/devkitarm/bin/../lib/gcc/arm-none-eabi/6.3.0/../../../../arm-none-eabi/lib/armv6k/fpu\libg.a(lib_a-jp2uc.o)
 *fill*         0x00120d9b        0x1 
 .rodata.a6     0x00120d9c       0x70 c:/devkitpro/devkitarm/bin/../lib/gcc/arm-none-eabi/6.3.0/../../../../arm-none-eabi/lib/armv6k/fpu\libg.a(lib_a-jp2uc.o)
 .rodata.a7     0x00120e0c       0xa2 c:/devkitpro/devkitarm/bin/../lib/gcc/arm-none-eabi/6.3.0/../../../../arm-none-eabi/lib/armv6k/fpu\libg.a(lib_a-jp2uc.o)
 *fill*         0x00120eae        0x2 
 .rodata.a8     0x00120eb0       0x40 c:/devkitpro/devkitarm/bin/../lib/gcc/arm-none-eabi/6.3.0/../../../../arm-none-eabi/lib/armv6k/fpu\libg.a(lib_a-jp2uc.o)
 .rodata.b02cf  0x00120ef0     0x172a c:/devkitpro/devkitarm/bin/../lib/gcc/arm-none-eabi/6.3.0/../../../../arm-none-eabi/lib/armv6k/fpu\libg.a(lib_a-jp2uc.o)
 *fill*         0x0012261a        0x2 
 .rodata.d02f4  0x0012261c     0x1a7c c:/devkitpro/devkitarm/bin/../lib/gcc/arm-none-eabi/6.3.0/../../../../arm-none-eabi/lib/armv6k/fpu\libg.a(lib_a-jp2uc.o)
 .rodata.str1.4
                0x00124098       0x48 c:/devkitpro/devkitarm/bin/../lib/gcc/arm-none-eabi/6.3.0/../../../../arm-none-eabi/lib/armv6k/fpu\libg.a(lib_a-locale.o)
                                 0x4c (size before relaxing)
 .rodata._mbrtowc_r.str1.4
                0x001240e0        0x1 c:/devkitpro/devkitarm/bin/../lib/gcc/arm-none-eabi/6.3.0/../../../../arm-none-eabi/lib/armv6k/fpu\libg.a(lib_a-mbrtowc.o)
 .rodata.__mprec_bigtens
                0x001240e0       0x28 c:/devkitpro/devkitarm/bin/../lib/gcc/arm-none-eabi/6.3.0/../../../../arm-none-eabi/lib/armv6k/fpu\libg.a(lib_a-mprec.o)
                0x001240e0                __mprec_bigtens
 .rodata.__mprec_tens
                0x00124108       0xc8 c:/devkitpro/devkitarm/bin/../lib/gcc/arm-none-eabi/6.3.0/../../../../arm-none-eabi/lib/armv6k/fpu\libg.a(lib_a-mprec.o)
                0x00124108                __mprec_tens
 .rodata.p05.7191
                0x001241d0        0xc c:/devkitpro/devkitarm/bin/../lib/gcc/arm-none-eabi/6.3.0/../../../../arm-none-eabi/lib/armv6k/fpu\libg.a(lib_a-mprec.o)
 .rodata._strtod_l.str1.4
                0x001241dc        0xf c:/devkitpro/devkitarm/bin/../lib/gcc/arm-none-eabi/6.3.0/../../../../arm-none-eabi/lib/armv6k/fpu\libg.a(lib_a-strtod.o)
 *fill*         0x001241eb        0x1 
 .rodata.fpi.7277
                0x001241ec       0x14 c:/devkitpro/devkitarm/bin/../lib/gcc/arm-none-eabi/6.3.0/../../../../arm-none-eabi/lib/armv6k/fpu\libg.a(lib_a-strtod.o)
 .rodata.fpinan.7313
                0x00124200       0x14 c:/devkitpro/devkitarm/bin/../lib/gcc/arm-none-eabi/6.3.0/../../../../arm-none-eabi/lib/armv6k/fpu\libg.a(lib_a-strtod.o)
 *fill*         0x00124214        0x4 
 .rodata.tinytens
                0x00124218       0x28 c:/devkitpro/devkitarm/bin/../lib/gcc/arm-none-eabi/6.3.0/../../../../arm-none-eabi/lib/armv6k/fpu\libg.a(lib_a-strtod.o)
 .rodata.__action_table
                0x00124240       0x6c c:/devkitpro/devkitarm/bin/../lib/gcc/arm-none-eabi/6.3.0/../../../../arm-none-eabi/lib/armv6k/fpu\libg.a(lib_a-svfiprintf.o)
                0x00124240                __action_table
 .rodata.__chclass
                0x001242ac      0x100 c:/devkitpro/devkitarm/bin/../lib/gcc/arm-none-eabi/6.3.0/../../../../arm-none-eabi/lib/armv6k/fpu\libg.a(lib_a-svfiprintf.o)
                0x001242ac                __chclass
 .rodata.__state_table
                0x001243ac       0x6c c:/devkitpro/devkitarm/bin/../lib/gcc/arm-none-eabi/6.3.0/../../../../arm-none-eabi/lib/armv6k/fpu\libg.a(lib_a-svfiprintf.o)
                0x001243ac                __state_table
 .rodata._svfprintf_r.str1.4
                0x00124418       0x42 c:/devkitpro/devkitarm/bin/../lib/gcc/arm-none-eabi/6.3.0/../../../../arm-none-eabi/lib/armv6k/fpu\libg.a(lib_a-svfprintf.o)
 .rodata.blanks.8400
                0x00124418       0x10 c:/devkitpro/devkitarm/bin/../lib/gcc/arm-none-eabi/6.3.0/../../../../arm-none-eabi/lib/armv6k/fpu\libg.a(lib_a-svfprintf.o)
 .rodata.zeroes.8401
                0x00124428       0x10 c:/devkitpro/devkitarm/bin/../lib/gcc/arm-none-eabi/6.3.0/../../../../arm-none-eabi/lib/armv6k/fpu\libg.a(lib_a-svfprintf.o)
 .rodata._ctype_
                0x00124438      0x101 c:/devkitpro/devkitarm/bin/../lib/gcc/arm-none-eabi/6.3.0/../../../../arm-none-eabi/lib/armv6k/fpu\libg.a(lib_a-ctype_.o)
                0x00124438                _ctype_
 *fill*         0x00124539        0x3 
 .rodata.__hexdig
                0x0012453c      0x100 c:/devkitpro/devkitarm/bin/../lib/gcc/arm-none-eabi/6.3.0/../../../../arm-none-eabi/lib/armv6k/fpu\libg.a(lib_a-gdtoa-gethex.o)
                0x0012453c                __hexdig
 .rodata.AddDevice.str1.4
                0x0012463c        0x8 c:/devkitpro/devkitarm/bin/../lib/gcc/arm-none-eabi/6.3.0/../../../../arm-none-eabi/lib/armv6k/fpu\libsysbase.a(iosupport.o)
 .rodata.dotab_stdnull
                0x00124644       0x68 c:/devkitpro/devkitarm/bin/../lib/gcc/arm-none-eabi/6.3.0/../../../../arm-none-eabi/lib/armv6k/fpu\libsysbase.a(iosupport.o)
                0x00124644                dotab_stdnull
 .rodata.DIRECTORY_PARENT
                0x001246ac        0x3 c:/devkitpro/devkitarm/bin/../lib/gcc/arm-none-eabi/6.3.0/../../../../arm-none-eabi/lib/armv6k/fpu\libsysbase.a(chdir.o)
                0x001246ac                DIRECTORY_PARENT
 *all.rodata*(*)
 *(.gnu.linkonce.r*)
                0x001246b0                . = ALIGN (0x4)
 *fill*         0x001246af        0x1 

.eh_frame       0x001246b0        0x0
 .eh_frame      0x001246b0        0x0 c:/devkitpro/devkitarm/bin/../lib/gcc/arm-none-eabi/6.3.0/armv6k/fpu/crtbegin.o

.rel.dyn        0x001246b0        0x0
 .rel.iplt      0x001246b0        0x0 c:/devkitpro/devkitarm/bin/../lib/gcc/arm-none-eabi/6.3.0/../../../../arm-none-eabi/lib/armv6k/fpu/3dsx_crt0.o

.ARM.extab
 *(.ARM.extab* .gnu.linkonce.armextab.*)
                0x001246b0                __exidx_start = .

ARM.exidx
 *(.ARM.exidx* .gnu.linkonce.armexidx.*)
                0x001246b0                __exidx_end = .

.data           0x00125000     0x2f4c
 *(.data)
 .data          0x00125000        0xc c:/devkitPro/libctru/lib\libctru.a(gfx.o)
 .data          0x0012500c       0x51 c:/devkitPro/libctru/lib\libctru.a(console.o)
                0x0012500c                defaultConsole
                0x00125058                currentConsole
 *fill*         0x0012505d        0x3 
 .data          0x00125060        0x4 c:/devkitPro/libctru/lib\libctru.a(apt.o)
 .data          0x00125064        0x4 c:/devkitPro/libctru/lib\libctru.a(gspgpu.o)
 .data          0x00125068        0x4 c:/devkitPro/libctru/lib\libctru.a(stack_adjust.o)
                0x00125068                __stacksize__
 .data          0x0012506c        0x4 c:/devkitPro/libctru/lib\libctru.a(allocateHeaps.o)
                0x0012506c                __ctru_linear_heap_size
 .data          0x00125070      0x46c c:/devkitPro/libctru/lib\libctru.a(sdmc_dev.o)
 *(.data.*)
 .data._impure_ptr
                0x001254dc        0x4 c:/devkitpro/devkitarm/bin/../lib/gcc/arm-none-eabi/6.3.0/../../../../arm-none-eabi/lib/armv6k/fpu\libg.a(lib_a-impure.o)
                0x001254dc                _impure_ptr
 .data.impure_data
                0x001254e0      0x460 c:/devkitpro/devkitarm/bin/../lib/gcc/arm-none-eabi/6.3.0/../../../../arm-none-eabi/lib/armv6k/fpu\libg.a(lib_a-impure.o)
 .data.__malloc_av_
                0x00125940      0x408 c:/devkitpro/devkitarm/bin/../lib/gcc/arm-none-eabi/6.3.0/../../../../arm-none-eabi/lib/armv6k/fpu\libg.a(lib_a-mallocr.o)
                0x00125940                __malloc_av_
 .data.__malloc_sbrk_base
                0x00125d48        0x4 c:/devkitpro/devkitarm/bin/../lib/gcc/arm-none-eabi/6.3.0/../../../../arm-none-eabi/lib/armv6k/fpu\libg.a(lib_a-mallocr.o)
                0x00125d48                __malloc_sbrk_base
 .data.__malloc_trim_threshold
                0x00125d4c        0x4 c:/devkitpro/devkitarm/bin/../lib/gcc/arm-none-eabi/6.3.0/../../../../arm-none-eabi/lib/armv6k/fpu\libg.a(lib_a-mallocr.o)
                0x00125d4c                __malloc_trim_threshold
 .data.__malloc_lock_object
                0x00125d50        0xc c:/devkitpro/devkitarm/bin/../lib/gcc/arm-none-eabi/6.3.0/../../../../arm-none-eabi/lib/armv6k/fpu\libg.a(lib_a-mlock.o)
 .data.__sfp_lock
                0x00125d5c        0xc c:/devkitpro/devkitarm/bin/../lib/gcc/arm-none-eabi/6.3.0/../../../../arm-none-eabi/lib/armv6k/fpu\libg.a(lib_a-findfp.o)
 .data.__sinit_lock
                0x00125d68        0xc c:/devkitpro/devkitarm/bin/../lib/gcc/arm-none-eabi/6.3.0/../../../../arm-none-eabi/lib/armv6k/fpu\libg.a(lib_a-findfp.o)
 .data.__global_locale
                0x00125d74      0x16c c:/devkitpro/devkitarm/bin/../lib/gcc/arm-none-eabi/6.3.0/../../../../arm-none-eabi/lib/armv6k/fpu\libg.a(lib_a-locale.o)
                0x00125d74                __global_locale
 .data.defaultDevice
                0x00125ee0        0x4 c:/devkitpro/devkitarm/bin/../lib/gcc/arm-none-eabi/6.3.0/../../../../arm-none-eabi/lib/armv6k/fpu\libsysbase.a(iosupport.o)
 .data.devoptab_list
                0x00125ee4       0x40 c:/devkitpro/devkitarm/bin/../lib/gcc/arm-none-eabi/6.3.0/../../../../arm-none-eabi/lib/armv6k/fpu\libsysbase.a(iosupport.o)
                0x00125ee4                devoptab_list
 .data._current_working_directory
                0x00125f24     0x1000 c:/devkitpro/devkitarm/bin/../lib/gcc/arm-none-eabi/6.3.0/../../../../arm-none-eabi/lib/armv6k/fpu\libsysbase.a(chdir.o)
 .data.__hndl_lock
                0x00126f24        0x4 c:/devkitpro/devkitarm/bin/../lib/gcc/arm-none-eabi/6.3.0/../../../../arm-none-eabi/lib/armv6k/fpu\libsysbase.a(handle_manager.o)
 .data.__stderr_handle
                0x00126f28        0xc c:/devkitpro/devkitarm/bin/../lib/gcc/arm-none-eabi/6.3.0/../../../../arm-none-eabi/lib/armv6k/fpu\libsysbase.a(handle_manager.o)
 .data.__stdin_handle
                0x00126f34        0xc c:/devkitpro/devkitarm/bin/../lib/gcc/arm-none-eabi/6.3.0/../../../../arm-none-eabi/lib/armv6k/fpu\libsysbase.a(handle_manager.o)
 .data.__stdout_handle
                0x00126f40        0xc c:/devkitpro/devkitarm/bin/../lib/gcc/arm-none-eabi/6.3.0/../../../../arm-none-eabi/lib/armv6k/fpu\libsysbase.a(handle_manager.o)
 .data.handles  0x00126f4c     0x1000 c:/devkitpro/devkitarm/bin/../lib/gcc/arm-none-eabi/6.3.0/../../../../arm-none-eabi/lib/armv6k/fpu\libsysbase.a(handle_manager.o)
 *(.gnu.linkonce.d*)
                0x00127f4c                . = ALIGN (0x4)

.igot.plt       0x00127f4c        0x0
 .igot.plt      0x00127f4c        0x0 c:/devkitpro/devkitarm/bin/../lib/gcc/arm-none-eabi/6.3.0/../../../../arm-none-eabi/lib/armv6k/fpu/3dsx_crt0.o

.jcr            0x00127f4c        0x0
 .jcr           0x00127f4c        0x0 c:/devkitpro/devkitarm/bin/../lib/gcc/arm-none-eabi/6.3.0/armv6k/fpu/crtbegin.o

.tm_clone_table
                0x00127f4c        0x0
 .tm_clone_table
                0x00127f4c        0x0 c:/devkitpro/devkitarm/bin/../lib/gcc/arm-none-eabi/6.3.0/armv6k/fpu/crtbegin.o
 .tm_clone_table
                0x00127f4c        0x0 c:/devkitpro/devkitarm/bin/../lib/gcc/arm-none-eabi/6.3.0/armv6k/fpu/crtend.o
                0x00127f4c                __TMC_END__

.tdata          0x00127f4c        0x0
                0x00127f4c                __tdata_lma = .
 *(.tdata)
 *(.tdata.*)
 *(.gnu.linkonce.td.*)
                0x00127f4c                . = ALIGN (0x4)
                0x00127f4c                __tdata_lma_end = .

.tbss           0x00127f4c     0x340c
 *(.tbss)
 .tbss          0x00127f4c     0x340a c:/devkitPro/libctru/lib\libctru.a(sdmc_dev.o)
 *(.tbss.*)
 *(.gnu.linkonce.tb.*)
 *(.tcommon)
                0x0012b358                . = ALIGN (0x4)
 *fill*         0x0012b356        0x2 

.preinit_array  0x00127f4c        0x0
                0x00127f4c                PROVIDE (__preinit_array_start, .)
 *(.preinit_array)
                0x00127f4c                PROVIDE (__preinit_array_end, .)

.init_array     0x00127f4c        0x4
                0x00127f4c                PROVIDE (__init_array_start, .)
 *(SORT(.init_array.*))
 *(.init_array)
 .init_array    0x00127f4c        0x4 c:/devkitpro/devkitarm/bin/../lib/gcc/arm-none-eabi/6.3.0/armv6k/fpu/crtbegin.o
                0x00127f50                PROVIDE (__init_array_end, .)

.fini_array     0x00127f50        0x4
                0x00127f50                PROVIDE (__fini_array_start, .)
 *(.fini_array)
 .fini_array    0x00127f50        0x4 c:/devkitpro/devkitarm/bin/../lib/gcc/arm-none-eabi/6.3.0/armv6k/fpu/crtbegin.o
 *(SORT(.fini_array.*))
                0x00127f54                PROVIDE (__fini_array_end, .)

.ctors
 *crtbegin.o(.ctors)
 *(EXCLUDE_FILE(*crtend.o) .ctors)
 *(SORT(.ctors.*))
 *(.ctors)

.dtors
 *crtbegin.o(.dtors)
 *(EXCLUDE_FILE(*crtend.o) .dtors)
 *(SORT(.dtors.*))
 *(.dtors)
                0x00127f54                __bss_start__ = .

.bss            0x00127f54     0x57cc
 *(.dynbss)
 *(.bss)
 .bss           0x00127f54        0xe c:/devkitPro/libctru/lib\libctru.a(gfx.o)
 *fill*         0x00127f62        0x2 
 .bss           0x00127f64       0x2c c:/devkitPro/libctru/lib\libctru.a(hid.o)
 .bss           0x00127f90     0x103e c:/devkitPro/libctru/lib\libctru.a(apt.o)
 *fill*         0x00128fce        0x2 
 .bss           0x00128fd0       0xa8 c:/devkitPro/libctru/lib\libctru.a(gspgpu.o)
 .bss           0x00129078        0xc c:/devkitPro/libctru/lib\libctru.a(irrst.o)
 .bss           0x00129084        0x8 c:/devkitPro/libctru/lib\libctru.a(stack_adjust.o)
 .bss           0x0012908c       0x14 c:/devkitPro/libctru/lib\libctru.a(linear.o)
 .bss           0x001290a0       0x14 c:/devkitPro/libctru/lib\libctru.a(mappable.o)
 .bss           0x001290b4       0x14 c:/devkitPro/libctru/lib\libctru.a(vram.o)
 .bss           0x001290c8        0x8 c:/devkitPro/libctru/lib\libctru.a(srv.o)
 .bss           0x001290d0        0x1 c:/devkitPro/libctru/lib\libctru.a(os.o)
                0x001290d0                __ctru_speedup
 *fill*         0x001290d1        0x3 
 .bss           0x001290d4        0x4 c:/devkitPro/libctru/lib\libctru.a(synchronization.o)
 .bss           0x001290d8        0x8 c:/devkitPro/libctru/lib\libctru.a(ptmsysm.o)
 .bss           0x001290e0        0x4 c:/devkitPro/libctru/lib\libctru.a(allocateHeaps.o)
                0x001290e0                __ctru_heap_size
 *fill*         0x001290e4        0x4 
 .bss           0x001290e8        0x9 c:/devkitPro/libctru/lib\libctru.a(sdmc_dev.o)
 *fill*         0x001290f1        0x7 
 .bss           0x001290f8       0x88 c:/devkitPro/libctru/lib\libctru.a(fs.o)
 *(.bss.*)
 .bss.completed.7620
                0x00129180        0x1 c:/devkitpro/devkitarm/bin/../lib/gcc/arm-none-eabi/6.3.0/armv6k/fpu/crtbegin.o
 *fill*         0x00129181        0x3 
 .bss.object.7625
                0x00129184       0x18 c:/devkitpro/devkitarm/bin/../lib/gcc/arm-none-eabi/6.3.0/armv6k/fpu/crtbegin.o
 .bss.__malloc_current_mallinfo
                0x0012919c       0x28 c:/devkitpro/devkitarm/bin/../lib/gcc/arm-none-eabi/6.3.0/../../../../arm-none-eabi/lib/armv6k/fpu\libg.a(lib_a-mallocr.o)
                0x0012919c                __malloc_current_mallinfo
 .bss.__malloc_max_sbrked_mem
                0x001291c4        0x4 c:/devkitpro/devkitarm/bin/../lib/gcc/arm-none-eabi/6.3.0/../../../../arm-none-eabi/lib/armv6k/fpu\libg.a(lib_a-mallocr.o)
                0x001291c4                __malloc_max_sbrked_mem
 .bss.__malloc_max_total_mem
                0x001291c8        0x4 c:/devkitpro/devkitarm/bin/../lib/gcc/arm-none-eabi/6.3.0/../../../../arm-none-eabi/lib/armv6k/fpu\libg.a(lib_a-mallocr.o)
                0x001291c8                __malloc_max_total_mem
 .bss.__malloc_top_pad
                0x001291cc        0x4 c:/devkitpro/devkitarm/bin/../lib/gcc/arm-none-eabi/6.3.0/../../../../arm-none-eabi/lib/armv6k/fpu\libg.a(lib_a-mallocr.o)
                0x001291cc                __malloc_top_pad
 .bss.heap_start.6927
                0x001291d0        0x4 c:/devkitpro/devkitarm/bin/../lib/gcc/arm-none-eabi/6.3.0/../../../../arm-none-eabi/lib/armv6k/fpu\libsysbase.a(sbrk.o)
 .bss.fake_heap_end
                0x001291d4        0x4 c:/devkitpro/devkitarm/bin/../lib/gcc/arm-none-eabi/6.3.0/../../../../arm-none-eabi/lib/armv6k/fpu\libsysbase.a(malloc_vars.o)
                0x001291d4                fake_heap_end
 .bss.fake_heap_start
                0x001291d8        0x4 c:/devkitpro/devkitarm/bin/../lib/gcc/arm-none-eabi/6.3.0/../../../../arm-none-eabi/lib/armv6k/fpu\libsysbase.a(malloc_vars.o)
                0x001291d8                fake_heap_start
 .bss.temp_cwd  0x001291dc     0x1000 c:/devkitpro/devkitarm/bin/../lib/gcc/arm-none-eabi/6.3.0/../../../../arm-none-eabi/lib/armv6k/fpu\libsysbase.a(chdir.o)
 .bss.__syscalls
                0x0012a1dc       0x38 c:/devkitpro/devkitarm/bin/../lib/gcc/arm-none-eabi/6.3.0/../../../../arm-none-eabi/lib/armv6k/fpu\libsysbase.a(syscall_support.o)
                0x0012a1dc                __syscalls
 *(.gnu.linkonce.b*)
 *(COMMON)
 COMMON         0x0012a214       0x68 c:/devkitPro/libctru/lib\libctru.a(gfx.o)
                0x0012a214                gfxBottomFramebuffers
                0x0012a21c                gspSharedMemHandle
                0x0012a220                bottomFramebufferInfo
                0x0012a23c                gspEvent
                0x0012a240                gfxTopLeftFramebuffers
                0x0012a248                gfxTopRightFramebuffers
                0x0012a250                topFramebufferInfo
                0x0012a26c                gfxThreadID
                0x0012a270                gfxSharedMemory
                0x0012a274                gfxTopFramebufferMaxSize
                0x0012a278                gfxBottomFramebufferMaxSize
 COMMON         0x0012a27c       0x4c c:/devkitPro/libctru/lib\libctru.a(console.o)
                0x0012a27c                currentCopy
 COMMON         0x0012a2c8        0x4 c:/devkitPro/libctru/lib\libctru.a(gx.o)
                0x0012a2c8                gxCmdBuf
 COMMON         0x0012a2cc       0x20 c:/devkitPro/libctru/lib\libctru.a(hid.o)
                0x0012a2cc                hidMemHandle
                0x0012a2d0                hidHandle
                0x0012a2d4                hidSharedMem
                0x0012a2d8                hidEvents
 COMMON         0x0012a2ec        0x4 c:/devkitPro/libctru/lib\libctru.a(gspgpu.o)
                0x0012a2ec                gspGpuHandle
 COMMON         0x0012a2f0       0x10 c:/devkitPro/libctru/lib\libctru.a(irrst.o)
                0x0012a2f0                irrstHandle
                0x0012a2f4                irrstEvent
                0x0012a2f8                irrstMemHandle
                0x0012a2fc                irrstSharedMem
 COMMON         0x0012a300        0x8 c:/devkitPro/libctru/lib\libctru.a(initArgv.o)
                0x0012a300                __system_argv
                0x0012a304                __system_argc
 COMMON         0x0012a308        0x4 c:/devkitPro/libctru/lib\libctru.a(initSystem.o)
                0x0012a308                __system_retAddr
 COMMON         0x0012a30c        0x8 c:/devkitPro/libctru/lib\libctru.a(allocateHeaps.o)
                0x0012a30c                __ctru_linear_heap
                0x0012a310                __ctru_heap
                0x0012a314                . = ALIGN (0x4)
                0x0012a314                __tls_start = .
                0x0012d720                . = (. + (SIZEOF (.tdata) + SIZEOF (.tbss)))
 *fill*         0x0012a314     0x340c 
                0x0012d720                __tls_end = .
                0x0012d720                __bss_end__ = .
                0x0012d720                __end__ = ABSOLUTE (.)

/DISCARD/
 *(.group .comment .note)

.stab
 *(.stab)

.stabstr
 *(.stabstr)

.stab.excl
 *(.stab.excl)

.stab.exclstr
 *(.stab.exclstr)

.stab.index
 *(.stab.index)

.stab.indexstr
 *(.stab.indexstr)

.debug
 *(.debug)

.line
 *(.line)

.debug_srcinfo
 *(.debug_srcinfo)

.debug_sfnames
 *(.debug_sfnames)

.debug_aranges  0x00000000     0x1368
 *(.debug_aranges)
 .debug_aranges
                0x00000000       0x20 main.o
 .debug_aranges
                0x00000020       0xa0 c:/devkitPro/libctru/lib\libctru.a(gfx.o)
 .debug_aranges
                0x000000c0       0x88 c:/devkitPro/libctru/lib\libctru.a(console.o)
 .debug_aranges
                0x00000148       0x48 c:/devkitPro/libctru/lib\libctru.a(gx.o)
 .debug_aranges
                0x00000190       0xb0 c:/devkitPro/libctru/lib\libctru.a(hid.o)
 .debug_aranges
                0x00000240      0x1e0 c:/devkitPro/libctru/lib\libctru.a(apt.o)
 .debug_aranges
                0x00000420       0xd8 c:/devkitPro/libctru/lib\libctru.a(gspgpu.o)
 .debug_aranges
                0x000004f8       0x68 c:/devkitPro/libctru/lib\libctru.a(irrst.o)
 .debug_aranges
                0x00000560       0x20 c:/devkitPro/libctru/lib\libctru.a(initArgv.o)
 .debug_aranges
                0x00000580       0x20 c:/devkitPro/libctru/lib\libctru.a(initSystem.o)
 .debug_aranges
                0x000005a0      0x2c8 c:/devkitPro/libctru/lib\libctru.a(svc.o)
 .debug_aranges
                0x00000868       0x20 c:/devkitPro/libctru/lib\libctru.a(stack_adjust.o)
 .debug_aranges
                0x00000888       0x58 c:/devkitPro/libctru/lib\libctru.a(linear.o)
 .debug_aranges
                0x000008e0       0x48 c:/devkitPro/libctru/lib\libctru.a(mappable.o)
 .debug_aranges
                0x00000928       0x58 c:/devkitPro/libctru/lib\libctru.a(vram.o)
 .debug_aranges
                0x00000980       0x58 c:/devkitPro/libctru/lib\libctru.a(thread.o)
 .debug_aranges
                0x000009d8       0xa8 c:/devkitPro/libctru/lib\libctru.a(srv.o)
 .debug_aranges
                0x00000a80       0x70 c:/devkitPro/libctru/lib\libctru.a(os.o)
 .debug_aranges
                0x00000af0       0x28 c:/devkitPro/libctru/lib\libctru.a(env.o)
 .debug_aranges